
> claude-cmd-ui@0.1.0 test
> node --test "test/**/*.test.js"

✔ setEnvPath / getEnvPath point at the temp file (5.0251ms)
✔ set writes SLACK_TOKEN to the .env file and get reads it back (74.1069ms)
✔ set overwrites an existing SLACK_TOKEN in place (no duplicate line) (14.6033ms)
✔ client id + secret persist alongside the token (19.076ms)
✔ get returns empty string (not undefined) for an unset key (1.6055ms)
✔ a value with spaces round-trips exactly (quoting path) (9.5229ms)
✔ KNOWN BUG: embedded double-quotes are not un-escaped on read (73.2433ms)
✔ set rejects an invalid key name (6.6558ms)
✔ SCENARIO: a `## Summary` line is escaped identically on the bug-report and history paths (4.2178ms)
✔ SCENARIO (regression): neutralizeBugText re-export from lib/ticket-bug-reports.js still escapes `## Foo` (1.2332ms)
✔ SCENARIO (regression): ordinary prose passes through byte-for-byte on both paths (1.4211ms)
✔ escapeLeadingHeadingRun: escapes a single leading heading run of each level (2.2733ms)
✔ escapeLeadingHeadingRun: preserves leading whitespace before the hashes (0.2744ms)
✔ escapeLeadingHeadingRun: a ## NOT at line start is unchanged (1.4189ms)
✔ escapeLeadingHeadingRun: a #-run with NO trailing whitespace is unchanged (regex requires \s) (0.2692ms)
✔ escapeLeadingHeadingRun: ordinary prose with no leading hashes is byte-for-byte identical (0.3296ms)
✔ escapeLeadingHeadingRun: only qualifying lines are escaped; others intact; count/order preserved (0.2723ms)
✔ escapeLeadingHeadingRun: empty string stays empty; a lone newline is preserved (0.2131ms)
✔ escapeLeadingHeadingRun: null and undefined collapse to the empty string (0.2137ms)
✔ escapeLeadingHeadingRun: non-string values are coerced via String(...) (7.7123ms)
✔ escapeLeadingHeadingRun: applying twice is stable — an already-escaped line starts with \, not # (0.5267ms)
✔ escapeLeadingHeadingRun: double application is stable across a multi-line body (0.3107ms)
✔ re-export: ticket-bug-reports.neutralizeBugText is a function and equals the leaf export (0.1468ms)
✔ re-export: neutralizeBugText produces IDENTICAL output to the leaf for representative inputs (0.2818ms)
✔ Scenario: re-opening the modal binds submit to the NEW ticket, not the stale one (1.8655ms)
✔ Scenario: a single submit fires exactly once then detaches ({ once: true }) (0.3796ms)
✔ Scenario (edge): a cancelled modal (dispose before fire) never runs submit (0.2895ms)
✔ Scenario: after a submit fires, re-arming binds a fresh handler for the retry (0.2858ms)
✔ bindActionOnce: adds a listener with { once: true } (3.4559ms)
✔ bindActionOnce: re-binding same (el,event) leaves exactly one live listener, the second handler (0.5653ms)
✔ bindActionOnce: firing once invokes the handler once; firing again does not (0.5773ms)
✔ bindActionOnce: dispose() removes the handler and firing is a no-op (2.3531ms)
✔ bindActionOnce: dispose() only clears when handler is still current (idempotent / superseded) (9.0961ms)
✔ bindActionOnce: different elements are tracked independently (0.3557ms)
✔ bindActionOnce: different events on one element are tracked independently (0.4515ms)
✔ resetActions: detaches all handlers this helper bound for el (0.3509ms)
✔ resetActions: honours an explicit events list, leaving others attached (0.3162ms)
✔ resetActions: on an element never bound is a no-op (does not throw) (2.0385ms)
✔ bindActionOnce: element without removeEventListener does not throw on re-bind (1.0433ms)
✔ bindActionOnce: dispose does not throw when removeEventListener is absent (0.2542ms)
✔ bindActionOnce: throws when el lacks addEventListener (0.7355ms)
▶ Scenario: Starting sign-in opens the Slack authorize page
  ✔ buildAuthorizeUrl contains client_id, user scopes, redirect_uri, and state (4.2624ms)
  ✔ runOAuth opens the browser to that URL with a random state + loopback redirect_uri (203.6564ms)
  ✔ generateState produces distinct 32-hex-char tokens (2.0607ms)
✔ Scenario: Starting sign-in opens the Slack authorize page (211.9917ms)
▶ Scenario: Successful sign-in stores and uses the generated token
  ✔ valid code+state → exchange → SLACK_TOKEN saved to .env → server closed → token reused (53.3758ms)
✔ Scenario: Successful sign-in stores and uses the generated token (54.1313ms)
▶ Scenario: Missing client credentials block the flow with guidance
  ✔ exchange refuses without client id/secret (no token produced) (2.0293ms)
✔ Scenario: Missing client credentials block the flow with guidance (2.2287ms)
▶ Scenario: State mismatch is rejected (CSRF protection)
  ✔ parseCallback with a wrong state → { stateMismatch:true } (2.9481ms)
  ✔ runOAuth: wrong state → exchange NEVER called, no SLACK_TOKEN written, server closed (32.0551ms)
✔ Scenario: State mismatch is rejected (CSRF protection) (35.6908ms)
▶ Scenario: User denies access
  ✔ parseCallback with error=access_denied → { error, denied:true } (1.9325ms)
  ✔ runOAuth: access_denied → no token saved, actionable error, server closed (14.1111ms)
✔ Scenario: User denies access (16.3651ms)
▶ Scenario: Token exchange failure is surfaced
  ✔ runOAuth: exchange ok:false → error surfaced, no token saved, server closed (12.3898ms)
✔ Scenario: Token exchange failure is surfaced (12.6363ms)
▶ AC: loopback server is always closed after the flow
  ✔ closed on success (71.3334ms)
  ✔ closed on state mismatch (11.8028ms)
  ✔ closed on deny (10.1748ms)
  ✔ closed on exchange failure (26.8488ms)
  ✔ closed on timeout (no callback ever arrives) (78.4192ms)
✔ AC: loopback server is always closed after the flow (199.2676ms)
▶ parseCallback routing (pure)
  ✔ non-callback path is ignored (2.7542ms)
  ✔ matching state + code yields the code (7.167ms)
  ✔ missing code (but valid state) is flagged (25.1062ms)
  ✔ a non-deny Slack error is surfaced (2.0548ms)
✔ parseCallback routing (pure) (37.4524ms)
✔ AGENT_TYPES maps each role to its orchestrate-* name (2.797ms)
✔ AGENT_NAMES contains exactly the four orchestrate-* names (plan->build->test->review order) (1.7061ms)
✔ AGENT_TYPES / AGENT_NAMES are frozen (constants, not mutable state) (0.2505ms)
✔ FALLBACK_AGENT is general-purpose (0.2038ms)
✔ resolveAgentType: a present name resolves to itself (availableAgents as Array) (0.3616ms)
✔ resolveAgentType: a present name resolves to itself (availableAgents as Set) (0.2832ms)
✔ resolveAgentType: a missing name falls back to general-purpose (Array and Set) (0.2496ms)
✔ resolveAgentType: empty / null / junk name -> fallback (never throws) (0.7488ms)
✔ resolveAgentType: junk availableAgents (null/undefined/non-collection) -> fallback (0.322ms)
✔ resolveAgentType: general-purpose is returned as-is when it is available (0.479ms)
✔ isFallback: true when the dedicated agent is missing (0.3236ms)
✔ isFallback: false when the dedicated agent is present (0.1847ms)
✔ isFallback: general-purpose itself is not counted as a fallback (0.1393ms)
✔ all six agent files exist (bundled assets/ + project .claude/) (0.9279ms)
✔ assets/agents/ba.md has valid frontmatter (name, description, tools) with the expected name (1.7859ms)
✔ assets/agents/ba.md tool scoping matches its role (2.0568ms)
✔ assets/agents/coder.md has valid frontmatter (name, description, tools) with the expected name (0.3965ms)
✔ assets/agents/coder.md tool scoping matches its role (0.3009ms)
✔ assets/agents/tester.md has valid frontmatter (name, description, tools) with the expected name (0.2885ms)
✔ assets/agents/tester.md tool scoping matches its role (0.3114ms)
✔ assets/agents/tech-lead.md has valid frontmatter (name, description, tools) with the expected name (0.3765ms)
✔ assets/agents/tech-lead.md tool scoping matches its role (0.3448ms)
✔ .claude/agents/ba.md has valid frontmatter (name, description, tools) with the expected name (0.311ms)
✔ .claude/agents/ba.md tool scoping matches its role (0.6289ms)
✔ .claude/agents/coder.md has valid frontmatter (name, description, tools) with the expected name (0.2895ms)
✔ .claude/agents/coder.md tool scoping matches its role (0.2551ms)
✔ .claude/agents/tester.md has valid frontmatter (name, description, tools) with the expected name (0.3298ms)
✔ .claude/agents/tester.md tool scoping matches its role (0.3602ms)
✔ .claude/agents/tech-lead.md has valid frontmatter (name, description, tools) with the expected name (5.6443ms)
✔ .claude/agents/tech-lead.md tool scoping matches its role (0.5094ms)
✔ BA is read-only: no Edit/Write/Bash; coder and tester both carry Bash (0.9722ms)
✔ each bundled agent file is byte-identical to its project copy (6.1027ms)
✔ the three parsed names are exactly the AGENT_NAMES from the lib (1.9761ms)
✔ both SKILL.md copies reference all three orchestrate-* agent type names (0.4285ms)
✔ the SKILL dispatches each phase to its dedicated agent (BA->plan, coder->build, tester->test) (0.765ms)
✔ no phase dispatches a generic general-purpose AS the phase agent, but the fallback wording remains (0.7848ms)
✔ the two SKILL.md copies are byte-identical (drift guard) (0.7547ms)
✔ tasks:installSkill (main.js) copies assets/agents/* into <project>/.claude/agents/ (0.6925ms)
✔ installSkill propagation: a fresh project gets the skill AND all three agent defs (18.8775ms)
✔ installSkill propagation: installed files are byte-identical to the bundled sources (93.8106ms)
✔ installSkill propagation: the installed agent defs parse to the three orchestrate-* names (18.8345ms)
✔ Scenario: The three agent definitions exist with valid frontmatter (1.1242ms)
✔ Scenario: The agents' tools match their roles (0.805ms)
✔ Scenario: The skill dispatches each phase to its agent (0.4387ms)
✔ Scenario: The change is present in the bundled (canonical) source (0.727ms)
✔ Scenario: Installing into a fresh project propagates the agents (11.3436ms)
✔ Scenario: Project and bundled skills stay in sync (1.63ms)
✔ Scenario: Parallel builds still obey the concurrency rules (57.9394ms)
✔ Scenario: Two agents cannot claim the same ticket (0.4609ms)
✔ Scenario: Edge — a missing agent falls back to general-purpose (0.6104ms)
✔ SKILL.md has a "Prompt caching" subsection in both copies (4.0587ms)
✔ SKILL.md states the stable-prefix / volatile-suffix caching rule in both copies (6.5611ms)
✔ SKILL.md ties caching to the byte-stable agent definitions in both copies (4.2639ms)
✔ both SKILL.md copies are byte-identical after the caching edit (0.7959ms)
✔ the caching guidance introduces no model id after the Phase 2 heading (1.0842ms)
✔ coder/tester/tech-lead each carry the cache-warm "read only what you need" guidance (2.3121ms)
✔ ba.md frames the ticket body as the stable, shared context downstream agents reuse (1.6462ms)
✔ every touched agent def copy is byte-identical after the caching edit (1.8469ms)
▶ E2E cucumber: SKILL.md describes a parallel swarm processed in sets/batches
  ✔ Given the orchestrate SKILL.md build phase, When we read how the queue is processed, Then it describes a coordinated parallel swarm run in sets/batches (not one at a time) (2.6297ms)
✔ E2E cucumber: SKILL.md describes a parallel swarm processed in sets/batches (6.015ms)
▶ E2E cucumber: batch size honors DEFAULT_CONCURRENCY (3) and MAX_CONCURRENCY (8) bounds
  ✔ Given the swarm build phase, When we read the concurrency bound, Then the batch size is DEFAULT_CONCURRENCY (default 3), clamped to MAX_CONCURRENCY (ceiling 8) (2.3889ms)
✔ E2E cucumber: batch size honors DEFAULT_CONCURRENCY (3) and MAX_CONCURRENCY (8) bounds (2.9258ms)
▶ E2E cucumber: batch selection uses selectNextBatch filling only free slots and topping up
  ✔ Given the swarm processing loop, When we read how each batch is selected, Then selectNextBatch fills only free slots (limit − (in-progress + testing + defining)) and tops up until the board is clear (1.0933ms)
✔ E2E cucumber: batch selection uses selectNextBatch filling only free slots and topping up (1.6237ms)
▶ E2E cucumber: claims prevent collisions — claimTicket before build, releaseTicket on terminal state
  ✔ Given two swarm agents that might grab the same ticket, When we read the claim rules, Then each ticket is atomically claimed (claimTicket -> status in-progress + agent) before its build and released (releaseTicket) on a terminal state (0.9615ms)
✔ E2E cucumber: claims prevent collisions — claimTicket before build, releaseTicket on terminal state (1.3443ms)
▶ E2E cucumber: git isolation via ticketBranchName / ticketWorktreeDir
  ✔ Given parallel builds sharing one repo, When we read how each build is isolated, Then each runs in its own git isolation derived from the ticket id (ticketBranchName / ticketWorktreeDir) (1.4366ms)
✔ E2E cucumber: git isolation via ticketBranchName / ticketWorktreeDir (2.2109ms)
▶ E2E cucumber: only shared-git steps are serialized one at a time
  ✔ Given per-ticket isolation, When we read what must still be serialized, Then only shared-git steps (e.g. merging back into base) run one at a time (1.019ms)
✔ E2E cucumber: only shared-git steps are serialized one at a time (1.4842ms)
▶ E2E cucumber: board write safety preserved — whole-file atomic writes + keep-last-good-parse
  ✔ Given concurrent swarm writes, When we read the board write rules, Then whole-file atomic writes and keep-last-good-parse are preserved unchanged (2.7118ms)
✔ E2E cucumber: board write safety preserved — whole-file atomic writes + keep-last-good-parse (3.7092ms)
▶ E2E cucumber: the two SKILL.md copies are byte-identical (assets drift guard)
  ✔ Given the .claude/ SKILL.md and its assets/ copy, When we compare their raw bytes, Then the two copies are byte-for-byte identical (23.5068ms)
✔ E2E cucumber: the two SKILL.md copies are byte-identical (assets drift guard) (30.2068ms)
▶ E2E cucumber: edge — the assets copy also carries the swarm/batch/identifier phrasing
  ✔ Given the assets/ SKILL.md copy that ships with the installer, When we read it, Then it too documents the swarm, the bounds, and the named helpers (not just the .claude/ copy) (0.9255ms)
✔ E2E cucumber: edge — the assets copy also carries the swarm/batch/identifier phrasing (1.2754ms)
✔ UNIT: lib/ticket-queue.js still exports DEFAULT_CONCURRENCY===3 and MAX_CONCURRENCY===8 (0.1662ms)
✔ UNIT: selectNextBatch fills only free slots = limit − active (49.7068ms)
✔ UNIT: edge — selectNextBatch never exceeds the resolved bound; the rest wait (2.5857ms)
✔ UNIT: selectNextBatch returns [] when all slots are occupied (top-up never over-books) (0.3486ms)
✔ UNIT: claimTicket atomically stamps status:in-progress + agent before the build (0.5992ms)
✔ UNIT: claimTicket prevents collisions — a ticket owned by another agent is rejected (0.1942ms)
✔ UNIT: releaseTicket clears the agent claim on a terminal state so the slot frees (0.2667ms)
✔ UNIT: per-ticket git isolation names are distinct and derived from the ticket id (0.4981ms)
✔ UNIT: top-up loop — as a build finishes, exactly one free slot is filled, never exceeding the bound (0.3114ms)
✔ UNIT: tech-lead.md exists in BOTH .claude/agents and assets/agents (11.2242ms)
✔ UNIT: the two tech-lead.md copies are byte-for-byte identical (1.0878ms)
✔ UNIT: tech-lead frontmatter — name orchestrate-tech-lead, non-empty description, scoped tools (1.3525ms)
✔ UNIT: lib/orchestrate-agents registers the reviewer after the tester, frozen (0.2806ms)
✔ UNIT: resolveAgentType/isFallback for the reviewer — present vs missing (0.4554ms)
✔ UNIT: the six-status enum is unchanged (lib/ticket-lanes.js LANE_STATUSES) (1.4363ms)
✔ UNIT: no review lane leaks into ticket-lanes.js / ticket-folders.js source (2.6471ms)
✔ UNIT: max-id helper continues from the true maximum (synthetic list) (0.7111ms)
▶ E2E cucumber: the tech-lead agent definition exists in both locations
  ✔ When I look for the reviewer definition, Then tech-lead.md exists in .claude/agents AND in assets/agents (2.6803ms)
✔ E2E cucumber: the tech-lead agent definition exists in both locations (4.901ms)
▶ E2E cucumber: the two tech-lead copies are byte-identical (drift guard)
  ✔ Given .claude/agents/tech-lead.md and assets/agents/tech-lead.md, When I compare their raw bytes, Then they are byte-for-byte identical (0.7269ms)
✔ E2E cucumber: the two tech-lead copies are byte-identical (drift guard) (1.115ms)
▶ E2E cucumber: the tech-lead agent has valid, correctly scoped frontmatter
  ✔ Given assets/agents/tech-lead.md, When I parse its frontmatter, Then name is orchestrate-tech-lead, description non-empty, tools = Read/Grep/Glob and not Edit/Write/Bash (0.5136ms)
✔ E2E cucumber: the tech-lead agent has valid, correctly scoped frontmatter (0.8657ms)
▶ E2E cucumber: the persona describes a thorough post-testing review
  ✔ Given the tech-lead persona body, Then it runs after testing and before done, reviews both ticket and code, and verifies tests-cover-code and security (0.8431ms)
✔ E2E cucumber: the persona describes a thorough post-testing review (1.1207ms)
▶ E2E cucumber: the persona routes discovered issues to new follow-up tickets
  ✔ Given the tech-lead persona body, Then findings become new status:todo follow-up tickets continuing the TASK-nnn sequence, and the reviewer never edits the reviewed ticket status/frontmatter (0.5335ms)
✔ E2E cucumber: the persona routes discovered issues to new follow-up tickets (0.7956ms)
▶ E2E cucumber: both SKILL.md copies place the review between testing and done
  ✔ Given both copies of SKILL.md, Then each documents a tech-lead review after testing and before done with the ordering testing -> tech-lead review -> post-processing -> done (1.1314ms)
✔ E2E cucumber: both SKILL.md copies place the review between testing and done (1.3741ms)
▶ E2E cucumber: both SKILL.md copies dispatch to orchestrate-tech-lead with the fallback wording
  ✔ Given both copies of SKILL.md, Then each launches orchestrate-tech-lead via the Task tool and keeps the "fall back to general-purpose and report it" wording (1.6617ms)
✔ E2E cucumber: both SKILL.md copies dispatch to orchestrate-tech-lead with the fallback wording (1.9349ms)
▶ E2E cucumber: both SKILL.md copies document follow-up ticket creation on findings
  ✔ Given both copies of SKILL.md, Then each states follow-up fix tickets are status:todo continuing the max TASK-nnn sequence, and the review step does not change the reviewed ticket status/frontmatter (1.4709ms)
✔ E2E cucumber: both SKILL.md copies document follow-up ticket creation on findings (1.7646ms)
▶ E2E cucumber: both SKILL.md copies remain byte-identical (drift guard)
  ✔ Given both copies of SKILL.md, When I compare their raw bytes, Then they are byte-for-byte identical (0.5731ms)
✔ E2E cucumber: both SKILL.md copies remain byte-identical (drift guard) (0.8246ms)
▶ E2E cucumber: the status enum is unchanged — no review lane anywhere
  ✔ Given SKILL.md, lib/ticket-lanes.js and lib/ticket-folders.js, Then the allowed statuses are exactly the six and no review status was introduced (2.4723ms)
✔ E2E cucumber: the status enum is unchanged — no review lane anywhere (2.8313ms)
▶ E2E cucumber: the reviewer is registered in the agent-type library
  ✔ Given lib/orchestrate-agents.js, Then AGENT_TYPES.techLead equals orchestrate-tech-lead, AGENT_NAMES includes it after the tester, both frozen, and it resolves to itself when present (0.3048ms)
✔ E2E cucumber: the reviewer is registered in the agent-type library (0.8622ms)
▶ E2E cucumber (edge): a missing tech-lead definition falls back to general-purpose
  ✔ Given a project whose .claude/agents is missing tech-lead.md, When the review step resolves its agent type, Then resolveAgentType returns general-purpose and isFallback is true (0.2881ms)
✔ E2E cucumber (edge): a missing tech-lead definition falls back to general-purpose (0.7175ms)
▶ E2E cucumber (failure): review finds a security issue -> new todo ticket, reviewed ticket untouched
  ✔ Given a ticket has passed testing, When the review finds an unaddressed security concern, Then a new status:todo fix ticket is created whose id continues the sequence (TASK-020 when the max is TASK-019), and the reviewed ticket status/frontmatter is not modified (0.7583ms)
✔ E2E cucumber (failure): review finds a security issue -> new todo ticket, reviewed ticket untouched (1.0115ms)
▶ E2E cucumber (edge): follow-up ids must not reuse or gap the sequence
  ✔ Given the highest existing id across all status subfolders is TASK-019, When the review creates two follow-up fix tickets, Then their ids are TASK-020 and TASK-021, reusing no id and skipping none (0.2364ms)
✔ E2E cucumber (edge): follow-up ids must not reuse or gap the sequence (0.5035ms)
✔ UNIT: SKILL.md exists and is non-empty (3.8381ms)
✔ UNIT: tester.md exists and is non-empty (0.5933ms)
✔ UNIT: SKILL.md mentions both e2e cucumber tests and unit tests (1.0295ms)
✔ UNIT: SKILL.md ties both test kinds to the done/pass gate (2.3189ms)
✔ UNIT: SKILL.md clarifies e2e are node --test Given/When/Then scenarios (1.3605ms)
✔ UNIT: SKILL.md states no cucumber npm package is required/added (0.9163ms)
✔ UNIT: SKILL.md requires e2e to cover every acceptance criterion + a failure/edge path (0.8634ms)
✔ UNIT: SKILL.md preserves the DB-mock rule (0.8234ms)
✔ UNIT: SKILL.md sends a missing-either-kind ticket back to failed-testing (6.0581ms)
✔ UNIT: tester.md lists both kinds as mandatory deliverables (0.727ms)
✔ UNIT: tester.md requires reporting which files hold e2e vs unit tests (0.7218ms)
✔ UNIT: tester.md preserves the DB-mock rule (1.457ms)
✔ UNIT: tester.md "all green" requires both kinds run+passed, else failed-testing (1.1063ms)
✔ UNIT: package.json has NO cucumber dependency (3.0328ms)
▶ E2E cucumber: Phase 3 mandates BOTH e2e and unit tests before done
  ✔ Given the orchestrate SKILL.md Phase 3, When we read the test-phase rules, Then it mandates both e2e cucumber-style AND unit tests, gated on done/pass (1.1262ms)
✔ E2E cucumber: Phase 3 mandates BOTH e2e and unit tests before done (1.7093ms)
▶ E2E cucumber: e2e scenarios are node --test Given/When/Then, no cucumber dep
  ✔ Given a ticket in the testing phase, When the tester writes e2e cucumber tests, Then SKILL.md says they are node --test Given/When/Then cases needing no cucumber package (1.3905ms)
  ✔ Given the project dependency manifest, When we inspect package.json, Then no cucumber package is present (0.4615ms)
✔ E2E cucumber: e2e scenarios are node --test Given/When/Then, no cucumber dep (2.3437ms)
▶ E2E cucumber: e2e scenarios must cover every criterion plus a failure/edge path
  ✔ Given the acceptance criteria of a ticket, When the tester writes e2e scenarios, Then SKILL.md requires covering every criterion and at least one failure/edge path (0.6729ms)
✔ E2E cucumber: e2e scenarios must cover every criterion plus a failure/edge path (0.9361ms)
▶ E2E cucumber: tester agent lists both kinds and reports e2e-vs-unit files
  ✔ Given the orchestrate-tester agent definition, When we read its mandatory deliverables, Then both test kinds are required and it must report which files hold e2e vs unit tests (27.2365ms)
✔ E2E cucumber: tester agent lists both kinds and reports e2e-vs-unit files (27.6414ms)
▶ E2E cucumber: both files preserve the DB-mock rule
  ✔ Given both edited instruction files, When we read their DB guidance, Then each still mandates mocking ALL database calls with no real DB connections (1.0633ms)
✔ E2E cucumber: both files preserve the DB-mock rule (1.4889ms)
▶ E2E cucumber: edge — missing either kind returns the ticket to failed-testing
  ✔ Given a ticket where only one kind of test was produced, When the tester evaluates "all green", Then both instruction files require returning it to failed-testing (1.0239ms)
✔ E2E cucumber: edge — missing either kind returns the ticket to failed-testing (1.3531ms)
✔ UNIT: findScreenMockupChars flags a ┌…┐ window mockup (3.265ms)
✔ UNIT: findScreenMockupChars does NOT flag a file-tree listing (1.3271ms)
✔ UNIT: extractImageRefs pulls alt + target for each ![alt](path) (0.6404ms)
✔ UNIT: extractLinkRefs ignores image refs but keeps ordinary links (0.4275ms)
✔ UNIT: isRepoRootRelativeImage accepts images/<file> and rejects the rest (9.5947ms)
✔ UNIT: githubSlug matches GitHub anchor generation for tricky headings (0.4439ms)
✔ UNIT: findMissingTargets — a referenced image that does not exist is caught (0.4076ms)
✔ UNIT: findMissingTargets — a stale relative link to a deleted file is caught (0.3921ms)
✔ UNIT: findMissingTargets returns [] when everything resolves (0.3211ms)
✔ UNIT: extractHeadings + extractInPageAnchors round-trip through githubSlug (0.9415ms)
✔ UNIT: package.json adds no new runtime dependency (deps unchanged) (0.7488ms)
▶ E2E cucumber: No ASCII-art screen mockup remains
  ✔ Given README.md, When I scan for box-drawing window mockups (┌ ┐ ┘ ║ ═), Then no ASCII-art window/screen mockup is present, And "The window at a glance" instead embeds images/working_screen1.jpg (63.9764ms)
✔ E2E cucumber: No ASCII-art screen mockup remains (64.5541ms)
▶ E2E cucumber: The project-layout file tree is preserved
  ✔ Given README.md, When I look at the "## Project layout" section, Then a directory-tree code block using "├──" is still present (0.8394ms)
✔ E2E cucumber: The project-layout file tree is preserved (1.2184ms)
▶ E2E cucumber: Every embedded local image exists on disk
  ✔ Given README.md, When I extract every local markdown image reference, Then each referenced image file exists on disk under the repo root (1.5511ms)
✔ E2E cucumber: Every embedded local image exists on disk (2.0402ms)
▶ E2E cucumber: All five screenshots are referenced and present
  ✔ Given README.md and the images/ directory, When I check for the five screenshots, Then each is referenced at least once and exists in images/ (1.1988ms)
✔ E2E cucumber: All five screenshots are referenced and present (1.5269ms)
▶ E2E cucumber: Image paths are repo-root-relative
  ✔ Given README.md, When I extract every local image reference, Then each path begins with "images/" and is not absolute/http/leading-slash/leading-./ (2.5098ms)
✔ E2E cucumber: Image paths are repo-root-relative (2.8531ms)
▶ E2E cucumber: Slack integration is documented
  ✔ Given README.md, Then it describes SLACK_TOKEN bot-token setup and the "Sign in with Slack" OAuth flow (3.0752ms)
✔ E2E cucumber: Slack integration is documented (3.8391ms)
▶ E2E cucumber: The Orchestrate workflow and Tasks board are documented
  ✔ Given README.md, Then it contains the Tasks board heading, the three agent roles, and all six lane names (0.9543ms)
✔ E2E cucumber: The Orchestrate workflow and Tasks board are documented (1.8726ms)
▶ E2E cucumber: Tokens/cost/build-time accounting is documented
  ✔ Given README.md, Then it describes per-ticket build time and cost accounting (0.5345ms)
✔ E2E cucumber: Tokens/cost/build-time accounting is documented (0.7823ms)
▶ E2E cucumber: Markdown preview feature is documented
  ✔ Given README.md, Then the File Explorer docs describe a "Show preview" toggle that renders .md files as formatted HTML and toggles back to raw source (0.7447ms)
✔ E2E cucumber: Markdown preview feature is documented (1.0204ms)
▶ E2E cucumber: Table of contents stays consistent with headings
  ✔ Given README.md, When I resolve every in-page anchor link, Then each anchor corresponds to a heading that exists in README.md (1.0556ms)
✔ E2E cucumber: Table of contents stays consistent with headings (10.7241ms)
▶ E2E cucumber: Every local relative link resolves
  ✔ Given README.md, When I extract every local (non-http, non-anchor) link target, Then each target file exists on disk under the repo root (12.703ms)
✔ E2E cucumber: Every local relative link resolves (13.7808ms)
▶ E2E cucumber (failure/edge): a referenced image that does not exist is caught
  ✔ Given a crafted README string referencing images/does-not-exist.png, When the docs-integrity image check runs against the REAL images/ dir, Then it fails and reports images/does-not-exist.png as missing (0.6776ms)
✔ E2E cucumber (failure/edge): a referenced image that does not exist is caught (1.0567ms)
▶ E2E cucumber (failure/edge): a stale relative link is caught
  ✔ Given a crafted README string linking to a deleted local file, When the docs-integrity link check runs against the REAL repo, Then it fails and reports the broken relative link (0.5643ms)
✔ E2E cucumber (failure/edge): a stale relative link is caught (0.8495ms)
▶ TASK-013 docs integrity
  ✔ Given README.md, When we extract every local markdown image reference, Then every referenced image file exists on disk (3.7997ms)
  ✔ Given the images embedded for this ticket, Then each of the five expected screenshots is referenced at least once in README.md (4.6153ms)
  ✔ Given the new Tasks board documentation, Then the README contains the new section heading and the six lane names (0.9437ms)
  ✔ Given every in-repo relative markdown LINK target that points to a local file, Then it exists on disk (stale relative links fail the test) (13.4136ms)
✔ TASK-013 docs integrity (25.5793ms)
✔ Scenario: registered command "ping" replies "pong" exactly once, 0 pty writes, empty inbox (21.843ms)
✔ Scenario: command still answered while Claude is busy + awaitingResponse, idle-gate state unchanged (18.1537ms)
✔ Scenario: non-command "run the build" is written to the Claude pty + Enter, no command reply (9.4576ms)
✔ Scenario: loop guard rejects the bot's own "pong" when the poller re-delivers it (31.2073ms)
✔ Scenario: handler "boom" throws "kaput" → "Command failed: kaput" posted to T, 0 pty writes, no crash (15.3316ms)
✔ Scenario: matched command "ghost" with no handler → "isn't available" reply posted to T (16.494ms)
✔ Scenario (edge): "  PING! " normalizes and still routes to the command handler (14.4771ms)
✔ renderer mirrors normalizeCommandInput verbatim with a sync note (3.818ms)
✔ renderer mirrors matchCommand verbatim with a sync note (1.3712ms)
✔ renderer mirrors listCommands verbatim with a sync note (0.8559ms)
✔ renderer defines SLACK_DEFAULT_COMMANDS (with the tasks command) and a SLACK_COMMAND_HANDLERS map (1.9698ms)
✔ handleIncomingSlackMessage: matcher runs AFTER appendSlackMessage, BEFORE inbox.push (0.4989ms)
✔ handleIncomingSlackMessage: command path calls handleSlackCommand and RETURNS before inbox/dispatch (0.653ms)
✔ handleSlackCommand: async, posts to the anchor thread, has unknown + error paths, no idle-gate touches (3.8288ms)
✔ Given a registered command When it arrives Then 1 thread post, 0 pty writes (2.4176ms)
✔ Given a non-command reply Then it is dispatched to the pty (0.6739ms)
✔ Given a throwing handler Then a failure reply is posted and 0 pty writes (0.5988ms)
✔ Given a matched command with NO handler Then the "isn't available" reply is posted (0.3014ms)
✔ Given a handler returning empty/whitespace Then nothing is posted (0.342ms)
✔ Sanity: the real matcher backs the harness (whole-phrase, punctuation-tolerant) (0.2208ms)
✔ Scenario: a trigger phrase matches its command regardless of case and punctuation (2.2191ms)
✔ Scenario: ordinary conversation is never intercepted (0.2834ms)
✔ Scenario: registry order decides ties (6.5867ms)
✔ Scenario: listCommands feeds a future help command (1.7333ms)
✔ Scenario (edge/failure): junk input never throws (0.6269ms)
✔ Scenario: a mixed-case, punctuated pattern matches normalized input (0.4101ms)
✔ Scenario: the same messy pattern matches a whitespace/case input variant (0.2541ms)
✔ Scenario: the built-in "tasks" command is intercepted while other phrases pass through (0.5039ms)
✔ normalizeCommandInput: lowercases, trims, collapses whitespace, strips trailing punctuation (3.2594ms)
✔ normalizeCommandInput: null/undefined/non-string → "" (never throws) (0.3019ms)
✔ normalizeCommandInput: whitespace-only → "" (0.3528ms)
✔ matchCommand: matches a normalized whole-phrase pattern → { name, command } (0.3579ms)
✔ matchCommand: returns FIRST matching entry in registry order (0.3682ms)
✔ matchCommand: exact-phrase only — no substring/fuzzy match (2.4813ms)
✔ matchCommand: null/empty/junk text → null (never throws) (0.4307ms)
✔ matchCommand: malformed registry entries are skipped (never throws) (2.765ms)
✔ matchCommand: defaults to DEFAULT_COMMANDS — built-in tasks command matches, unrelated text does not (0.7118ms)
✔ matchCommand: normalizes the registry PATTERN too — mixed-case/punctuated pattern matches normalized input (4.5536ms)
✔ matchCommand: pattern normalization holds across input whitespace/case variants (6.1552ms)
✔ listCommands: returns [{ name, description }] in registry order (2.0763ms)
✔ listCommands: null/empty/non-array registry → [] (never throws) (0.2409ms)
✔ listCommands: defaults to DEFAULT_COMMANDS → surfaces the built-in commands (0.2913ms)
✔ DEFAULT_COMMANDS: exported and contains the built-in tasks command (TASK-058) (2.2137ms)
✔ formatTasksSummary: empty/null/non-array → "The tasks board is empty." (0.518ms)
✔ formatTasksSummary: active tickets listed under "Currently working on:" with lane counts (0.8225ms)
✔ formatTasksSummary: no active tickets → "Nothing is being worked on right now." (0.1847ms)
✔ formatTasksSummary: failed-testing tickets get a "*Failed testing:*" list and fold into the testing count (0.2006ms)
✔ formatTasksSummary: out-of-enum status counted under "unknown", never miscounted into todo (0.1802ms)
✔ formatTasksSummary: tolerates bare fm objects (not just { fm } wrappers) (0.1836ms)
✔ formatTasksSummary: missing id/title render "(no id)"/"(untitled)" and never throw (0.2139ms)
✔ Scenario: happy path — prompt, then a valid reply writes the ticket and confirms; nothing hits the pty (16.5806ms)
✔ Scenario: labels in either order + a multiline description are preserved (0.9241ms)
✔ Scenario: description omitted → the default description is used (0.7202ms)
✔ Scenario (failure): "cancel" aborts — no file written, pending cleared, cancellation posted (0.5114ms)
✔ Scenario (failure/edge): an unparseable reply re-prompts and STAYS pending; a following valid reply still creates (0.7893ms)
✔ Scenario (failure): no project folder open → refused with no pending state (0.5124ms)
✔ Scenario (failure): the write fails → "Create failed:" reply, pending cleared, no crash (0.765ms)
✔ Scenario (failure/edge): a throwing writeFile is caught → "Create failed:" reply, pending cleared, no crash (0.7902ms)
✔ Scenario (security): a malicious title/description cannot broadcast, inject frontmatter, or forge a section (1.1058ms)
✔ Scenario (edge): while pending, an unrelated command phrase is consumed by the prompt, NOT matched as a command (2.0816ms)
✔ Scenario (edge): a Slack auto-linked reply is decoded before parsing — the ticket reflects the unwrapped text (0.8016ms)
✔ Scenario (edge): a decoded description that still contains commas parses whole (0.4066ms)
✔ drift guard: decodeSlackText mirror is byte-identical to renderer.js (1.653ms)
✔ drift guard: renderer handleIncomingSlackMessage decodes, then checks pending BEFORE matchCommand (0.5495ms)
✔ drift guard: renderer create-ticket handler still sets pending + returns the prompt (0.5451ms)
✔ drift guard: renderer postCreateTicketReply still defangs + posts + mirrors to the pane (0.4342ms)
✔ drift guard: renderer handleCreateTicketReply still carries the full create wiring this harness mirrors (0.5165ms)
✔ parse: title + description, in order (6.7359ms)
✔ parse: labels in EITHER order (description first) (0.3722ms)
✔ parse: labels are case-insensitive (0.2889ms)
✔ parse: a description containing commas is preserved whole (0.3086ms)
✔ parse: a multiline description keeps its newlines (0.349ms)
✔ parse: newline (not just comma) separates fields (7.5797ms)
✔ parse: first-label-wins — inner mid-sentence "description:" stays in the title (0.4767ms)
✔ parse: first boundary-occurrence of a repeated label wins (0.2312ms)
✔ parse: a mid-sentence label is literal unless comma/newline-preceded (0.2504ms)
✔ parse: missing description falls back to the default (0.4368ms)
✔ parse: empty/whitespace-only description falls back to the default (0.2776ms)
✔ parse: missing title → { ok:false } (never a blank ticket) (0.1991ms)
✔ parse: whitespace-only title → { ok:false } (0.2051ms)
✔ parse: non-string / null / junk inputs → { ok:false } and never throw (0.399ms)
✔ parse: junk string with no labels → { ok:false } (0.1746ms)
✔ DEFAULT_COMMANDS carries the create-ticket entry with all patterns (0.3349ms)
✔ renderer mirror of parseCreateTicketReply is byte-identical + carries the sync note (5.7218ms)
✔ renderer mirror of the create-ticket registry entry is byte-identical to lib (0.6878ms)
✔ decode mirror is byte-identical to renderer.js decodeSlackText (drift guard) (0.4847ms)
✔ decode+parse: an auto-linked title/description is unwrapped, then parses cleanly (0.4478ms)
✔ decode+parse: a bare <http://…> link (no label) is unwrapped before parsing (0.1403ms)
✔ decode+parse: a decoded description keeps commas per first-label-wins rules (0.1999ms)
✔ decode+parse: a decoded multiline description keeps its newlines and parses (0.1564ms)
✔ decode+parse: a labelled channel mention in the title is unwrapped and never throws (0.159ms)
✔ Scenario: a command reply containing <!channel> is defanged before posting (2.7664ms)
✔ Scenario: a failure message echoing untrusted <!here> is defanged before posting (0.5766ms)
✔ Scenario (edge): a synchronously-thrown non-Error carrying <@U9> is defanged (0.3679ms)
✔ Scenario: ordinary reply text is posted unchanged (no false positives) (1.6186ms)
✔ Scenario: <@U123>, <#C123> and <!subteam^S1> are all defanged in a single reply (0.4331ms)
✔ Scenario (edge): a handler returning empty/whitespace posts nothing, never throws (0.3567ms)
✔ Scenario (edge): defangSlackControlSequences is null/empty safe — string, no throw (0.4673ms)
✔ defang: <!channel> broadcast is neutralized (2.4711ms)
✔ defang: <!here> and <!everyone> broadcasts are neutralized (0.475ms)
✔ defang: <!subteam^ID> user-group ping is neutralized (0.2527ms)
✔ defang: <@U…> user link is neutralized (0.2114ms)
✔ defang: <#C…> channel link is neutralized (3.078ms)
✔ defang: multiple control sequences in one string are all neutralized (0.3061ms)
✔ defang: a lone `<` in prose is untouched (0.2442ms)
✔ defang: code-like generics / tags are untouched (0.2331ms)
✔ defang: an unterminated `<!` (no closing `>`) is left alone (0.2042ms)
✔ defang: empty / null / undefined / non-string → safe, never throws (0.3302ms)
✔ lib/slack-proxy.js exports defangSlackControlSequences and stays pure (0.5931ms)
✔ renderer mirror defangSlackControlSequences is byte-identical + carries the sync note (1.9884ms)
✔ handleSlackCommand defangs the handler reply text before posting (1.7646ms)
✔ handleSlackCommand defangs the "Command failed:" string before posting (1.3279ms)
✔ both handleSlackCommand post paths are wrapped in defang (no bypass) (0.5196ms)
✔ sendSlackComposer (user-composed) is NOT defanged — scope is command/error replies (0.5256ms)
✔ Claude-output post paths (slackFlushTick / slackOnFinished) are NOT defanged (0.6331ms)
✔ success: returns parsed JSON including authed_user.access_token (16.8309ms)
✔ POSTs form-encoded to oauth.v2.access with the right params (1.6318ms)
✔ Slack ok:false is surfaced with a human-readable error and no throw (1.3982ms)
✔ missing clientId is guarded BEFORE any network call (0.5776ms)
✔ missing clientSecret is guarded BEFORE any network call (0.2954ms)
✔ missing code is guarded BEFORE any network call (0.3565ms)
✔ called with no arguments does not throw and returns a guard error (0.2289ms)
✔ a transport/connection error is caught and returned as ok:false (2.6656ms)
✔ non-JSON body from Slack is reported, not thrown (3.3891ms)
✔ Scenario: mid-run flush posts buffered output and empties the buffer (4.9781ms)
✔ Scenario: no double-post at end of run (part A mid-run, part B at finish) (1.9933ms)
✔ Scenario: an idle tick posts nothing and leaves the buffer for the finish flush (4.4138ms)
✔ Scenario: with postReplies off, a busy-run tick posts nothing (0.6228ms)
✔ Scenario: a TUI-chrome-only window cleans to empty — nothing posted, buffer consumed (8.2034ms)
✔ Scenario: a failing flush post surfaces the error, is not retried, and the next tick still runs (0.8436ms)
✔ Scenario: disconnecting clears the flush timer so later ticks post nothing (6.7605ms)
✔ Scenario: restarting the flush timer clears the prior handle (clear-before-set) (0.3567ms)
✔ Scenario (precondition): a disconnected proxy never flushes (0.3218ms)
✔ shouldFlushCapture: enabled + postReplies + buffer + busy → true (14.1844ms)
✔ shouldFlushCapture: proxy disabled (no connect / no threadTs) → false (0.4351ms)
✔ shouldFlushCapture: postReplies unchecked → false (0.254ms)
✔ shouldFlushCapture: empty / non-string buffer → false (0.3413ms)
✔ shouldFlushCapture: not busy (idle/finished) → false (0.4883ms)
✔ shouldFlushCapture: null / partial state → false (never throws) (4.2573ms)
✔ lib/slack-proxy.js exports shouldFlushCapture and stays pure (0.8552ms)
✔ renderer mirror slackShouldFlushCapture matches lib and carries the sync note (2.6244ms)
✔ SLACK_FLUSH_INTERVAL_MS default is 30000 and slack state seeds flushTimer (2.1362ms)
✔ flushTimer lifecycle: started in startSlackListening, cleared in the three teardown sites (2.4798ms)
✔ slackFlushTick clears the buffer BEFORE the post and reuses cleanTerminalOutput/postToSlack (1.2294ms)
✔ Harness: interval flushes + finish flush deliver every part exactly once (2.5689ms)
✔ Harness: output arriving DURING a post lands in the next window, never lost or doubled (0.2923ms)
✔ Harness: idle / postReplies-off / disconnected ticks are no-ops (0.2326ms)
✔ Harness: a pure-noise buffer cleans to empty → consumed, no empty Slack post (0.2166ms)
✔ Scenario: help lists every registered command with its triggers, in registry order — and nothing is written to the Claude pty (3.4739ms)
✔ Scenario: alias "what can you do" triggers help — the same reply, no pty write (0.7959ms)
✔ Scenario (edge): an empty registry replies "No commands are available." — no throw, no pty write (0.7346ms)
✔ Scenario (edge): a command entry missing a description renders "(no description)" — no throw (0.4447ms)
✔ Scenario (regression): "I need help with the build" is NOT intercepted — it goes to Claude via the pty (0.3146ms)
✔ formatHelp: one line per command in registry order with name, description, aliases (2.1495ms)
✔ formatHelp: entry missing a description renders "(no description)" (0.3288ms)
✔ formatHelp: entry with no usable patterns omits the "(say: …)" suffix (0.2542ms)
✔ formatHelp: empty/null/non-array registry → "No commands are available." (never throws) (0.2467ms)
✔ formatHelp: defaults to DEFAULT_COMMANDS and lists every built-in command (no drift) (0.4321ms)
✔ DEFAULT_COMMANDS: exported and contains the built-in help command (TASK-059) (1.3114ms)
✔ matchCommand: all four help trigger phrases resolve to the help command (0.6985ms)
✔ matchCommand (regression): "help" inside a sentence goes to Claude (no match) (2.8788ms)
✔ renderer SLACK_DEFAULT_COMMANDS carries the help command with all four aliases (1.9001ms)
✔ renderer mirrors formatHelp verbatim with the "Mirrors … in lib/slack-commands.js" sync note (0.7487ms)
✔ renderer SLACK_COMMAND_HANDLERS.help calls formatHelp on the live registry (0.7742ms)
✔ Scenario: consecutive duplicate redraw lines are collapsed to one (19.0553ms)
✔ Scenario: TUI spinner/status noise is removed while surrounding content is kept (2.0628ms)
✔ Scenario: blank-line runs collapse to at most one blank line (0.4596ms)
✔ Scenario: ordinary output passes through unchanged (2.0366ms)
✔ Scenario: redaction still runs last after humanize — the raw key never leaks (0.741ms)
✔ Scenario: a pure-noise window posts nothing yet consumes the buffer (0.9335ms)
✔ Scenario: a mid-line glyph inside real content is preserved (4.1384ms)
✔ Scenario: null / junk input returns a string and never throws (0.4732ms)
✔ Scenario (precondition): a disconnected proxy posts nothing (no leak path) (0.4227ms)
✔ slackFlushTick applies humanize between clean and redact, redact LAST (2.7397ms)
✔ slackOnFinished applies humanize between clean and redact, redact LAST (1.5847ms)
✔ EVERY auto-post path routes cleaned output through humanize THEN redact (no bypass) (0.7343ms)
✔ humanize: consecutive identical lines collapse to one (2.8507ms)
✔ humanize: only CONSECUTIVE duplicates collapse; non-adjacent repeats survive (0.3233ms)
✔ humanize: intentionally repeated real content is collapsed by design (0.2614ms)
✔ humanize: spinner "…ing…" progress lines are dropped (… and ... forms) (0.3521ms)
✔ humanize: standalone "(esc to interrupt)" hint line is dropped (0.2355ms)
✔ humanize: standalone elapsed / token counter lines are dropped (3.5916ms)
✔ humanize: ⏵ / ⏵⏵ mode-hint lines are dropped (0.333ms)
✔ humanize: spinner/status noise between two real lines is removed, content kept (0.3025ms)
✔ humanize: runs of 2+ blank lines collapse to a single blank line (0.2374ms)
✔ humanize: outer whitespace is trimmed (0.3475ms)
✔ humanize: tolerates raw \r\n line endings (0.2482ms)
✔ humanize: ordinary output passes through unchanged (0.2147ms)
✔ humanize: a mid-line glyph in real content is preserved (only whole noise lines drop) (0.1371ms)
✔ humanize: real lines that merely resemble noise mid-sentence are preserved (0.1701ms)
✔ humanize: empty / null / undefined / non-string → "" and never throws (0.4501ms)
✔ humanize: a pure-noise buffer humanizes to the empty string (0.2197ms)
✔ lib/slack-proxy.js exports humanizeSlackOutput and stays pure (no require/import) (0.6463ms)
✔ renderer mirror humanizeSlackOutput is byte-identical to the lib helper + sync note (1.9549ms)
✔ isProxyEnabled: connected AND threadTs present → true (5.3484ms)
✔ isProxyEnabled: missing threadTs → false (0.316ms)
✔ isProxyEnabled: not connected → false (even with a threadTs) (0.2422ms)
✔ isProxyEnabled: null/undefined state → false (never throws) (0.1925ms)
✔ hasSeen: works with seenTs as a Set (0.3124ms)
✔ hasSeen: works with seenTs as an array (0.2273ms)
✔ hasSeen: absent seen or null ts → false (never throws) (0.2115ms)
✔ shouldDispatchIncoming reason: no-ts (message without a ts) (1.5721ms)
✔ shouldDispatchIncoming reason: not-connected (proxy disabled) (0.3523ms)
✔ shouldDispatchIncoming reason: bot (bot_id present) (0.3749ms)
✔ shouldDispatchIncoming reason: self (msg.user === botUserId) (0.2772ms)
✔ shouldDispatchIncoming reason: seen (ts already in seenTs) (0.2495ms)
✔ shouldDispatchIncoming reason: subtype (non-user subtype dropped) (0.2432ms)
✔ shouldDispatchIncoming reason: other-thread (thread_ts !== state.threadTs) (0.2487ms)
✔ shouldDispatchIncoming reason: ok (in-thread human reply accepted) (0.1542ms)
✔ shouldDispatchIncoming: allowed subtypes (thread_broadcast, file_share) pass (0.1971ms)
✔ shouldDispatchIncoming: gating order — no-ts beats not-connected (0.156ms)
✔ shouldDispatchIncoming: gating order — bot beats self/seen/subtype/thread (0.1407ms)
✔ shouldDispatchIncoming: hasSeen tolerates seenTs as an array here too (0.1606ms)
✔ browser mirror slackProxyEnabled matches lib isProxyEnabled (4.0821ms)
✔ browser mirror slackShouldDispatchIncoming matches lib gating order (1.1314ms)
✔ lib/slack-proxy.js exports the helpers and stays the source of truth (0.5139ms)
✔ connectSlack posts exactly ONE anchor and stores s.threadTs from its ts (0.5341ms)
✔ a failed anchor post does NOT set connected/threadTs (early return) (0.5408ms)
✔ outbound flush uses s.threadTs, not a per-inbound replyThreadTs (1.2648ms)
✔ onCmdData accumulates outbound capture whenever the proxy is enabled (0.2853ms)
✔ inbound funnel keeps bot_id / botUserId / seenTs filtering and idle-gating (1.0539ms)
✔ no-op paths guard on proxy-enabled (both directions) (1.1912ms)
✔ disconnectSlack and resetSlackForFolder both clear threadTs (1.0643ms)
✔ postToSlack checks ok, surfaces errors without throwing, does not stick awaitingResponse (0.9422ms)
✔ Scenario: Connecting creates a single anchor thread (1.2994ms)
✔ Scenario: A failed connect creates no anchor and does not enable the proxy (0.2766ms)
✔ Scenario: Outbound goes to the anchor thread (no new top-level message) (0.5781ms)
✔ Scenario: The same thread is reused across three messages (0.8011ms)
✔ Scenario: An inbound thread reply reaches the Claude window when idle (1.7337ms)
✔ Scenario: An inbound message waits while Claude is busy, then flushes on idle (0.5288ms)
✔ Scenario: The bot's own posts do not loop back into Claude (0.304ms)
✔ Scenario: No-op when not connected (both directions) (0.2272ms)
✔ Scenario: Disconnect clears the thread; reconnect makes a fresh anchor (0.2981ms)
✔ Scenario: Edge — a failed Slack send is surfaced, non-fatal, and does not stick awaitingResponse (0.5173ms)
✔ Scenario: an xapp- app-level token is masked on the mid-run flush (3.535ms)
✔ Scenario: a bare JWT is masked on the finish flush (0.5891ms)
✔ Scenario: a GitLab PAT and a Google API key are masked on the flush (0.37ms)
✔ Scenario: ordinary "npm" / "SG." prose is posted verbatim (no false positive) (14.2153ms)
✔ Scenario: across mid-run flush AND finish flush, no raw NEW-shape secret reaches Slack (3.8496ms)
✔ Scenario: null / empty buffer is safe and never throws on the finish path (3.3237ms)
✔ Scenario (precondition): a disconnected proxy posts no new-shape secret (0.3005ms)
✔ redactSecrets: Slack xapp- app-level token is masked (31.016ms)
✔ redactSecrets: Slack xoxe-/xoxd- tokens are masked (0.3847ms)
✔ redactSecrets: existing xoxb-/xoxp- Slack tokens still masked (no regression) (0.2335ms)
✔ redactSecrets: GitLab glpat- token is masked (0.217ms)
✔ redactSecrets: GitHub fine-grained PAT github_pat_ is masked (3.1185ms)
✔ redactSecrets: npm access token npm_ is masked (1.0827ms)
✔ redactSecrets: DigitalOcean dop_v1_ token is masked (0.3334ms)
✔ redactSecrets: Google API key AIza… is masked (0.2404ms)
✔ redactSecrets: SendGrid SG.<id>.<secret> key is masked (0.2856ms)
✔ redactSecrets: a bare JWT (eyJ…​.…​.…) is masked (0.4842ms)
✔ redactSecrets: a base64url JWT with - and _ in segments is masked (0.2689ms)
✔ redactSecrets: a sentence starting "SG." mid-text is NOT masked (0.3631ms)
✔ redactSecrets: the word "npm" and npm commands are NOT masked (0.179ms)
✔ redactSecrets: short base64/glpat/AIza-ish words below threshold survive (0.1829ms)
✔ redactSecrets: prose containing "eyJ" without a 3-part dotted JWT is NOT masked (1.3368ms)
✔ redactSecrets: ordinary prose/code with new rules present is unchanged (0.2731ms)
✔ redactSecrets (TASK-067): null / empty / non-string is safe (0.4825ms)
✔ redactSecrets: mixed new-shape secrets + prose masks only the secrets (0.2401ms)
✔ redactSecrets: adversarial repetitive input completes quickly (no catastrophic backtracking) (221.3336ms)
✔ Scenario: an API key is masked on the mid-run flush (6.1193ms)
✔ Scenario: a Slack bot token is masked on the finish flush (1.705ms)
✔ Scenario: ordinary build output is posted verbatim (no false positives) (2.4105ms)
✔ Scenario: Bearer + AKIA + ghp_ are masked, a short hex is left alone (0.5486ms)
✔ Scenario: a user-composed message is posted verbatim (composer path not redacted) (0.4055ms)
✔ Scenario: empty / null / undefined input is safe and never throws (0.5344ms)
✔ Scenario: across mid-run flush AND finish flush, no raw secret ever reaches Slack (0.7203ms)
✔ Scenario: a Postgres URL password is masked on the mid-run flush, host readable (0.4547ms)
✔ Scenario: a password-only redis URL is masked on the finish flush (0.3598ms)
✔ Scenario: credential-free URLs (no user:pass@) are posted verbatim (0.5351ms)
✔ Scenario: an empty buffer finish flush is null/empty safe and posts nothing (0.3183ms)
✔ Scenario (precondition): a disconnected proxy posts nothing (no leak path) (1.1554ms)
✔ redactSecrets: sk-… OpenAI-style key is masked (3.4421ms)
✔ redactSecrets: xoxb-/xoxp- Slack tokens are masked (3.2799ms)
✔ redactSecrets: ghp_ GitHub token is masked (0.3334ms)
✔ redactSecrets: AKIA… AWS access key id is masked (0.3026ms)
✔ redactSecrets: long hex blob (>=32) is masked (1.0404ms)
✔ redactSecrets: long base64 blob (>=40) is masked (0.4787ms)
✔ redactSecrets: KEY=VALUE / KEY: VALUE with a secret key name masks the value, keeps the key (0.4749ms)
✔ redactSecrets: Bearer <token> masks the credential, keeps the scheme word (0.5715ms)
✔ redactSecrets: connection-string password is masked for each scheme, host readable (0.3501ms)
✔ redactSecrets: password-only connection form scheme://:pass@host is masked (0.3825ms)
✔ redactSecrets: credential-free URLs are left completely unchanged (1.9898ms)
✔ redactSecrets: connection-string masking is null/empty/non-string safe (0.2232ms)
✔ redactSecrets: a bare 40-hex string is masked (no git-SHA exemption) (1.2052ms)
✔ redactSecrets: a 40-hex value in commit / rev-parse style lines is masked (0.2023ms)
✔ redactSecrets: 32-64+ hex runs are all masked (3.9373ms)
✔ redactSecrets: a SECRET=<hex> value is masked by the key rule too (0.3678ms)
✔ redactSecrets: ordinary prose is unchanged (0.6143ms)
✔ redactSecrets: ordinary code / paths / short tokens are unchanged (0.2785ms)
✔ redactSecrets: empty / null / undefined / non-string → safe, never throws (0.1606ms)
✔ redactSecrets: mixed secret + prose in one blob masks only the secrets (0.2158ms)
✔ lib/slack-proxy.js exports redactSecrets and stays pure (no require/import) (0.3463ms)
✔ renderer mirror redactSecrets is byte-identical to the lib helper and carries the sync note (2.7075ms)
✔ slackFlushTick redacts LAST (outermost) on the post path (0.5522ms)
✔ slackOnFinished redacts LAST (outermost) on the post path (0.6527ms)
✔ EVERY auto-post path routes cleaned output through redactSecrets last (no bypass) (0.512ms)
✔ sendSlackComposer (user-composed) is NOT redacted — scope is auto terminal output only (0.6109ms)
✔ E2E Scenario: status while busy over polling, 2 queued, 1 in-progress ticket (4.2913ms)
✔ E2E Scenario: status while idle over Socket Mode, empty inbox (3.1697ms)
✔ E2E Scenario: status with no folder open → "(no folder open)" and unknown active count (0.4228ms)
✔ E2E Scenario (edge): board read failure → reply still returns with unknown active count, no crash (0.6419ms)
✔ E2E Scenario (edge): formatStatusReply with empty/partial/null-ish info yields a well-formed reply, no throw (0.491ms)
✔ E2E Scenario: "are you busy" is a command but "are you busy with the build" goes to Claude (0.4416ms)
✔ E2E Scenario: "what's your status" (with trailing punctuation) still matches the command (0.2857ms)
✔ formatStatusReply: full info renders every field with the expected substrings (6.2588ms)
✔ formatStatusReply: falsy folder → "(no folder open)" (0.3315ms)
✔ formatStatusReply: Claude state — "busy" only when exactly "busy", else "idle" (0.2519ms)
✔ formatStatusReply: transport — socket→"Socket Mode", poll→"polling", else "none" (0.2627ms)
✔ formatStatusReply: queued defaults to 0 when not a finite number (5.4474ms)
✔ formatStatusReply: activeTickets null/undefined → "Active tickets: unknown" (0.3989ms)
✔ formatStatusReply: missing/partial/non-object info never throws (0.522ms)
✔ DEFAULT_COMMANDS: carries the status command with all TASK-060 patterns (1.3531ms)
✔ matchCommand: every status alias resolves to the status command (0.7391ms)
✔ matchCommand: "what's your status" matches (apostrophe preserved — only TRAILING punctuation is stripped) (0.4771ms)
✔ matchCommand: "are you busy" matches but "are you busy with the build" does NOT (exact-phrase) (0.2567ms)
✔ listCommands defaults now surface tasks, help AND status in registry order (0.3761ms)
✔ renderer SLACK_DEFAULT_COMMANDS carries the status command with all TASK-060 patterns (1.943ms)
✔ renderer mirrors formatStatusReply VERBATIM (byte-identical to lib) with a sync note (1.3624ms)
✔ renderer SLACK_COMMAND_HANDLERS.status: gathers info, force polls, try/catch, null on failure/no folder (0.9593ms)
✔ Scenario: folder open, Claude busy, socket, queue of 2, 2 active tickets (0.7132ms)
✔ Scenario: no folder → no poll, activeTickets null → "unknown" (0.207ms)
✔ Scenario (edge): board read failure → activeTickets null ("unknown"), never throws (0.4913ms)
✔ Scenario (edge): transport null → "none"; missing inbox → "Queued: 0" (0.2454ms)
✔ Scenario: cleaned output is summarized before posting (client sees redacted text, summary posted) (6.2276ms)
✔ Scenario: secrets are redacted before the text leaves the process (security) (0.9288ms)
✔ Scenario: no API key → no API call, TASK-071 cleaned+redacted output posted (0.5479ms)
✔ Scenario: summarizer failure (non-200 status) → cleaned+redacted output posted, nothing throws (0.9813ms)
✔ Scenario: summarizer failure (malformed JSON body) → cleaned+redacted output posted, nothing throws (1.1885ms)
✔ Scenario: summarizer failure (network error (reject)) → cleaned+redacted output posted, nothing throws (4.2479ms)
✔ Scenario: summarizer failure (timeout (reject)) → cleaned+redacted output posted, nothing throws (0.7703ms)
✔ Scenario: summarization disabled (toggle off) → no API call, behaves exactly like TASK-071 (0.5093ms)
✔ Scenario: redact-AFTER — a secret echoed by the model is redacted before posting (0.7515ms)
✔ Scenario: a short window skips the summarizer (below threshold) and posts TASK-071 output (0.6196ms)
✔ Scenario: a pure-noise window posts nothing and never calls the summarizer (0.8429ms)
✔ slackFlushTick: pipeline is redact→summarize→redact, buffer cleared before the await (1.7152ms)
✔ slackOnFinished: pipeline is redact→summarize→redact, buffer cleared before the await (0.4414ms)
✔ slackOnFinished is async (it awaits the LLM summary) (1.0697ms)
✔ EVERY auto-post path that summarizes re-redacts before posting (no bypass) (0.8677ms)
✔ slackSummarizeOutput always returns a string and never throws into the flush path (7.2656ms)
✔ default summarize state is OFF (opt-in) (0.2787ms)
✔ TASK-077 source-scan: main.js clamps slack:summarize input to the 12,000-char TAIL before summarizeForSlack (1.8591ms)
✔ Scenario (TASK-077): oversized input is truncated to the cap before the API and still redacted (232.6953ms)
✔ Scenario (TASK-077): a normal <=cap window is forwarded unchanged apart from the existing redaction (0.7453ms)
✔ Scenario (TASK-077 edge): non-string / empty input is handled as today without throwing (no API call) (0.6321ms)
✔ summarize: success path returns the trimmed model summary text (3.774ms)
✔ summarize: picks the first type:"text" block, ignoring non-text blocks (1.3509ms)
✔ summarize: redact-before-send — the text passed to httpRequest is redacted, never the raw secret (4.1408ms)
✔ summarize: with no injected redact, outbound equals the (already-redacted) input verbatim (15.3051ms)
✔ summarize: disabled (enabled=false) → unchanged input, no API call, reason "disabled" (12.4873ms)
✔ summarize: no API key → unchanged input, no API call, reason "no-key" (9.8465ms)
✔ summarize: empty input → unchanged, no call, reason "empty" (0.7326ms)
✔ summarize: too-short input (< SUMMARY_MIN_CHARS) → unchanged, no call, reason "too-short" (6.0383ms)
✔ summarize: non-200 status → unchanged input, reason "bad-status", never throws (12.4135ms)
✔ summarize: malformed / non-JSON body → unchanged input, reason "bad-json", never throws (1.2686ms)
✔ summarize: empty / non-text content → unchanged input, reason "empty-response" (3.8635ms)
✔ summarize: network error (httpRequest rejects) → unchanged input, reason "error", never throws (1.1504ms)
✔ summarize: timeout (httpRequest rejects with a timeout error) → unchanged input, reason "error" (1.0215ms)
✔ summarize: a null/undefined httpRequest response is treated as bad-status, never throws (3.6166ms)
✔ summarize: SUMMARY_MODEL is claude-haiku-4-5 and is the model sent to the client (0.5634ms)
✔ summarize: the API key is passed to the client but never appears in the returned object (0.2825ms)
✔ defaultHttpRequest: endpoint, headers and body shape are correct (mocked https, no real network) (4.0842ms)
✔ defaultHttpRequest: a socket error rejects (so summarizeForSlack can fall back) (4.7961ms)
✔ TASK-077 unit (source-scan): main.js defines the 12,000-char summarize cap constant (1.5344ms)
✔ TASK-077 unit (source-scan): main.js clamps to the TAIL before summarizeForSlack (0.4063ms)
✔ TASK-077 unit (source-scan): the clamped `input` (not the raw text) is what is summarized (0.8593ms)
✔ TASK-077 unit: oversized input is truncated to the cap BEFORE the mocked http boundary, and still redacted (235.8298ms)
✔ TASK-077 unit: summarizeForSlack ITSELF does not bound length — the main.js clamp is load-bearing (0.3778ms)
✔ TASK-077 unit: a normal <=cap window is forwarded unchanged apart from the existing redaction (0.4876ms)
✔ TASK-077 unit (edge): non-string / empty input is clamped to "" without throwing, no API call (0.3576ms)
✔ Scenario: active work is reported from the live board — and nothing is written to the Claude pty (12.5631ms)
✔ Scenario: alias phrases trigger the same command (0.5545ms)
✔ Scenario: alias "list tasks" also routes to the tasks command (0.4551ms)
✔ Scenario: nothing active — all tickets todo or done (0.4247ms)
✔ Scenario (edge): failed-testing is surfaced, not hidden (0.4941ms)
✔ Scenario (edge): empty board — a forced poll that loads no parseable tickets (0.9572ms)
✔ Scenario (failure): no project folder open (0.3988ms)
✔ Scenario (failure): a folder without a tasks/ directory (0.3518ms)
✔ Scenario (failure/edge): exists() rejecting is treated as absent — no throw (0.6194ms)
✔ Scenario (failure): a malformed ticket never crashes the formatter (0.7737ms)
✔ Scenario: ordinary conversation flows through to the Claude pty (not intercepted) (0.5306ms)
✔ renderer SLACK_DEFAULT_COMMANDS carries the tasks command with all TASK-058 aliases (6.5524ms)
✔ renderer mirrors formatTasksSummary with a sync note reusing the existing lane mirrors (1.2468ms)
✔ renderer SLACK_COMMAND_HANDLERS.tasks: folder guard, exists guard, force poll, read-after-poll formatter (1.7089ms)
✔ Scenario: no project folder open → "No project folder is open." and no poll (0.8193ms)
✔ Scenario: tasks/ dir absent → "No tasks board found in this project." and no poll (0.3865ms)
✔ Scenario: board present → FORCE polls (true), reads the map AFTER the poll, formats it (2.8696ms)
✔ Scenario (edge): a failed poll leaves an empty map → "The tasks board is empty." (no throw) (0.8389ms)
✔ Scenario (edge): exists() rejecting is treated as absent → "No tasks board found" (no throw) (0.4014ms)
✔ fetchReplies: GETs conversations.replies with channel/ts/oldest/limit + Bearer auth (56.6055ms)
✔ fetchReplies: no ts → short-circuits with an empty list and makes NO network call (1.2199ms)
✔ fetchReplies: omits oldest/inclusive when no oldest cursor is given (2.8848ms)
✔ fetchReplies: clamps limit into [1,200] (5.1886ms)
✔ fetchReplies: Slack ok:false is surfaced as ok:false with an error, no throw (11.1565ms)
✔ fetchReplies: missing_scope error is expanded into a human-readable hint (1.7496ms)
✔ fetchReplies: a transport/connection error is caught and returned as ok:false (0.8428ms)
✔ fetchReplies: non-JSON body is reported, not thrown (1.2296ms)
✔ fetchReplies: a missing messages array yields ok:true with an empty list (3.8193ms)
✔ lib/slack.js exports fetchReplies (0.5516ms)
✔ renderer pollSlackOnce polls conversations.replies for the anchor thread (6.286ms)
✔ renderer reply poll skips the parent, advances lastReplyTs, and funnels through ingest (0.7552ms)
✔ renderer seeds the reply cursor (lastReplyTs) from the anchor on connect (1.1994ms)
✔ main.js exposes the slack:fetchReplies IPC handler delegating to slack.fetchReplies (1.4132ms)
✔ preload.js bridges slack.fetchReplies to the slack:fetchReplies channel (0.6177ms)
✔ Scenario: a user reply typed in the anchor thread comes back and is typed into Claude (2.7982ms)
✔ Scenario (loop guard): the bot's own reply is NOT typed back into Claude (0.2721ms)
✔ Scenario: a reply in a DIFFERENT thread is NOT dispatched (0.3018ms)
✔ Scenario: an already-seen reply ts is NOT dispatched twice (0.3593ms)
✔ Scenario: the anchor/parent message itself is never dispatched by the reply poll (0.2367ms)
✔ escapeHtml neutralizes all five HTML-significant characters (4.573ms)
✔ escapeHtml coerces non-string input to string (0.2544ms)
✔ sanitizeUrl permits http, https, mailto and tel (0.4762ms)
✔ sanitizeUrl permits relative paths and fragments (no scheme) (0.2131ms)
✔ sanitizeUrl permits data:image but rejects data:text/html (0.3561ms)
✔ sanitizeUrl neutralizes javascript:/vbscript: to # (0.1899ms)
✔ sanitizeUrl strips control/whitespace chars that hide a dangerous scheme (0.1644ms)
✔ renderInline turns **bold** into <strong> (0.5337ms)
✔ renderInline turns *italic*/_italic_ into <em> (0.2212ms)
✔ renderInline turns inline `code` into <code> and does not re-process it (0.3949ms)
✔ renderInline turns [text](http…) into a sanitized <a> (0.3111ms)
✔ renderInline turns ![alt](img) into a sanitized <img> (0.2264ms)
✔ renderInline neutralizes a javascript: link URL to # (0.305ms)
✔ renderMarkdown renders headings h1..h6 (0.891ms)
✔ renderMarkdown renders an unordered list as ul/li (0.3667ms)
✔ renderMarkdown renders an ordered list as ol/li (0.2766ms)
✔ renderMarkdown renders a fenced code block as pre/code, verbatim + escaped (0.2973ms)
✔ renderMarkdown renders a blockquote as blockquote (17.1866ms)
✔ renderMarkdown wraps plain text in a paragraph with inline formatting (0.3537ms)
✔ renderMarkdown returns empty string for null/undefined (1.5462ms)
✔ a raw <script> tag becomes inert escaped text, never live markup (0.4288ms)
✔ a javascript: URL in a markdown link is neutralized in rendered output (0.2182ms)
✔ a javascript: URL in a markdown image is neutralized in rendered output (0.2135ms)
✔ inline HTML attributes cannot break out of an emitted attribute (0.162ms)
✔ renderer.js mirrors lib/markdown.js renderMarkdown/helpers (7.6316ms)
✔ Scenario: Preview button appears for a Markdown file (13.4837ms)
✔ Scenario: Preview button hidden/disabled for a non-Markdown file (0.4993ms)
✔ Scenario: No file open -> button hidden/disabled (3.6549ms)
✔ Scenario: Toggling to preview hides the textarea and shows rendered HTML (7.1132ms)
✔ Scenario: Toggling back restores the editable textarea with original content (1.4188ms)
✔ Scenario Outline: Markdown constructs render to the expected HTML (2.3568ms)
✔ Scenario (edge): Script in markdown does not execute (0.4986ms)
✔ Scenario (edge): Switching files resets preview mode (0.3063ms)
✔ Scenario (edge): No new markdown runtime dependency was added (8.2354ms)
✔ index.html ships a .filePreviewBtn that starts hidden + disabled (6.1678ms)
✔ index.html ships a hidden .filePreview container (1.9443ms)
✔ renderer.js defines the preview toggle helpers (1.4906ms)
▶ TASK-016 e2e: BA thoroughly analyzes and fully captures each ticket before build
  ✔ Scenario: BA agent requires thorough codebase analysis — Given ".claude/agents/ba.md", When I read it, Then it requires the BA to read and search the relevant codebase before a ticket is defined (1.8974ms)
  ✔ Scenario: Ticket captures all information a coder needs — Given ".claude/agents/ba.md", Then it requires each ticket to contain a precise description, complete acceptance criteria, Gherkin for every criterion, explicit edge and failure cases, and the relevant files and context (1.988ms)
  ✔ Scenario: Gherkin still requires an edge or failure scenario — Given ".claude/agents/ba.md", Then it still requires at least one failure or edge scenario per ticket (0.8037ms)
  ✔ Scenario: Analysis must be captured before the build phase — Given ".claude/agents/ba.md" and ".claude/skills/orchestrate/SKILL.md", Then they state the full analysis must be captured in the ticket before any build begins (2.4089ms)
  ✔ Scenario (edge): BA still may not write code — Given ".claude/agents/ba.md", Then it still forbids the BA from writing implementation code or editing or creating source files (1.992ms)
  ✔ Scenario (edge): Additional Context stays user-owned — Given ".claude/agents/ba.md" and ".claude/skills/orchestrate/SKILL.md", Then they still require the "Additional Context" section to stay empty and user-owned and never be overwritten (2.5127ms)
✔ TASK-016 e2e: BA thoroughly analyzes and fully captures each ticket before build (16.6804ms)
✔ UNIT: both instruction files exist and are non-trivial (6.9442ms)
✔ UNIT: ba.md mandates thorough codebase analysis (read + search) (9.3173ms)
✔ UNIT: ba.md requires capturing all information a coder needs in the ticket (0.3575ms)
✔ UNIT: ba.md ticket must contain precise description (0.3617ms)
✔ UNIT: ba.md ticket must contain complete acceptance criteria (0.5331ms)
✔ UNIT: ba.md requires Gherkin for every acceptance criterion (1.0249ms)
✔ UNIT: ba.md requires explicit edge and failure cases (0.3609ms)
✔ UNIT: ba.md requires the relevant files and context to be recorded (0.3226ms)
✔ UNIT: ba.md keeps the at-least-one-failure/edge Gherkin mandate (5.01ms)
✔ UNIT: ba.md enforces "captured before build/Phase 2" ordering (0.4606ms)
✔ UNIT: SKILL.md Phase 1 mandates thorough analysis captured before build (6.1251ms)
✔ UNIT: ba.md preserves no-code / no-source-edit hard rule (0.9509ms)
✔ UNIT: ba.md preserves user-owned Additional Context rule (0.7961ms)
✔ UNIT: SKILL.md preserves user-owned Additional Context rule (0.1895ms)
✔ Scenario: Default selection when nothing is stored -> 3 (2.0405ms)
✔ Scenario: Options span 1..MAX_CONCURRENCY derived from the constant (1.5291ms)
✔ Scenario: Changing the dropdown persists per folder (resolves to 5) (0.349ms)
✔ Scenario: Stored value is restored on reopening the same folder (6) (0.328ms)
✔ Scenario: Each folder keeps its own value (A=2, B=7) (0.5083ms)
✔ Scenario: Build command carries the chosen concurrency (0.3313ms)
✔ Scenario: Auto-continuation reuses the argumented command (concurrency 4) (1.3108ms)
✔ Scenario: Stopping the build clears the argumented command from the queue (0.5108ms)
✔ Scenario Outline: Out-of-range and junk stored values are clamped or defaulted (2.3361ms)
✔ Scenario: A corrupt localStorage entry never crashes the board and shows the default (0.5905ms)
✔ Scenario: resolveConcurrency remains the single clamp authority (0.3796ms)
✔ Scenario: No folder open -> storageKey is null, persistence skipped, default shown (0.183ms)
✔ Scenario: The concurrency dropdown appears in the Tasks toolbar before New ticket (0.576ms)
✔ Static wiring: renderer.js collects the element and wires a change handler (0.316ms)
✔ Static wiring: renderer.js persists under a tasks:concurrency: key (0.5597ms)
✔ Static wiring: renderer.js constructs the --concurrency build command (0.8936ms)
✔ concurrencyOptions returns exactly [1..8] ascending, length === MAX_CONCURRENCY (4.0583ms)
✔ concurrencyOptions ceiling tracks MAX_CONCURRENCY (last value + count), not a hard-coded 8 (0.3327ms)
✔ readStoredConcurrency resolves every Examples-table row correctly (0.5388ms)
✔ readStoredConcurrency delegates to resolveConcurrency — single clamp authority (0.4271ms)
✔ readStoredConcurrency never throws on any junk input (2.5827ms)
✔ buildConcurrencyCommand appends --concurrency <N> for a valid value (1.0056ms)
✔ buildConcurrencyCommand clamps an out-of-range value inside the command (0.2956ms)
✔ storageKey builds the per-folder key and returns null with no folder (0.5095ms)
✔ Scenario: the failed-testing lane is gone and post-processing takes its place (27.2205ms)
✔ Scenario: LANE_STATUSES and TASKS_LANE_STATUSES agree on the new six-value order (1.6543ms)
✔ Scenario: failed-testing is still a known status folding into the testing lane (0.7638ms)
✔ Scenario: a post-processing ticket lands in the post-processing lane (0.2743ms)
✔ Scenario: adding a post-processing ticket from the lane Add button writes status+kind into tasks/post-processing/ (19.344ms)
✔ Scenario: the toolbar New ticket button still creates a plain todo ticket with no kind (1.8312ms)
✔ Scenario: post-processing tickets are excluded from the build swarm (1.6791ms)
✔ Scenario: SKILL.md documents testing -> tech-lead review -> post-processing -> done and the kind exclusion (0.5694ms)
✔ Scenario: assets/skills/orchestrate/SKILL.md is byte-for-byte identical to the .claude copy (0.7775ms)
✔ Scenario (edge): editing a failed-testing ticket in the detail modal does not silently relabel it to todo (19.8395ms)
✔ Scenario: an existing failed-testing ticket keeps working after the change (0.4823ms)
✔ Scenario: an out-of-enum status routes to the unknown lane, not post-processing or todo (0.2746ms)
✔ Scenario (edge): a kind:post-processing ticket with status todo is still not claimable (0.4648ms)
✔ DRIFT GUARD: renderTasksBoard routing folds failed-testing into testing and matches the placeCard copy (3.1044ms)
✔ DRIFT GUARD: the post-processing Add path composes status + kind post-processing and files into tasks/post-processing/ (3.5728ms)
✔ DRIFT GUARD: detail-modal fill preserves an out-of-list status and never re-defaults the select to todo (2.3177ms)
✔ Scenario: the Tasks toolbar shows a Plan button immediately before the New ticket button (2.0923ms)
✔ Scenario: a #planModal exists with the modal sub-parts (.plan-body/.plan-error/.plan-cancel/.plan-submit) (0.58ms)
✔ Scenario: renderer registers tasksPlanBtn and wires its click to openPlanModal (4.1367ms)
✔ Scenario: opening the plan modal clears the textarea + error, unhides, and focuses (source-scan) (1.0835ms)
✔ Scenario: submitting a bullet list pushes one /orchestrate plan prompt and dispatches when idle (0.6663ms)
✔ Scenario: submitting while the terminal is busy queues the prompt but does not dispatch (0.2328ms)
✔ Scenario: clicking Cancel closes the modal and enqueues nothing (0.9359ms)
✔ Scenario Outline (edge): empty/whitespace input "empty string" is rejected with an inline error and no enqueue (0.472ms)
✔ Scenario Outline (edge): empty/whitespace input "spaces only" is rejected with an inline error and no enqueue (0.1929ms)
✔ Scenario Outline (edge): empty/whitespace input "newlines+tabs" is rejected with an inline error and no enqueue (0.9409ms)
✖ Scenario: the Plan button is disabled without an open folder or installed skill, and refreshed with Build (8.1796ms)
✔ Scenario (edge): re-opening the modal then submitting once enqueues exactly one prompt (1.9256ms)
✔ DRIFT GUARD: openPlanModal composes "/orchestrate plan ", guards dispatch on finished, and skips push on empty (0.9613ms)
✔ DRIFT GUARD: isBuildCommand exact-match rule mirrors the source and rejects plan prompts (0.9372ms)
✔ planEnqueue: valid text pushes exactly one "/orchestrate plan <text>" (1.9357ms)
✔ planEnqueue: trims surrounding whitespace but keeps interior text intact (0.4973ms)
✔ planEnqueue: multi-line bullet text stays a SINGLE string (no newline split, no truncation) (0.4274ms)
✔ planEnqueue: very long text is passed verbatim with no truncation (1.5256ms)
✔ planEnqueue: empty string pushes nothing and returns the inline error (0.2903ms)
✔ planEnqueue: spaces pushes nothing and returns the inline error (0.1654ms)
✔ planEnqueue: newlines+tabs pushes nothing and returns the inline error (0.212ms)
✔ planEnqueue: null pushes nothing and returns the inline error (0.1647ms)
✔ planEnqueue: undefined pushes nothing and returns the inline error (0.1902ms)
✔ planEnqueue: dispatch fires only when the terminal is finished (idle) (0.3657ms)
✔ planEnqueue: dispatch is withheld while the terminal is busy, but the prompt is still queued (0.2839ms)
✔ planEnqueue: dispatch is withheld for any non-finished status (0.223ms)
✔ isBuildCommand: matches bare and argumented build commands (0.1921ms)
✔ isBuildCommand: a plan prompt is NEVER matched as a build command (0.1644ms)
✔ isBuildCommand: rejects non-strings and unrelated prompts (0.1614ms)
✔ planEnabled: enabled only with an open folder AND the skill installed (0.2407ms)
✔ Scenario: the Bug button reveals bug mode (required original selector + bug-labelled description) (3.0093ms)
✔ Scenario: creating a linked bug ticket writes a new todo ticket with bug-of and body reference (9.4774ms)
✔ Scenario: the original ticket gains a ## Bug Reports section before ## Additional Context, updated bumped, created preserved (2.4294ms)
✔ Scenario (edge): heading-forging bug text is escaped and forges no new section boundary (0.6283ms)
✔ Scenario (failure): an empty title shows an inline error, writes nothing, leaves TASK-010 unmodified (0.4179ms)
✔ Scenario (failure): no original selected shows an inline error and writes/modifies nothing (1.6758ms)
✔ Scenario (failure): an original id not on the board is rejected before any write (0.3172ms)
✔ Scenario (failure): an empty bug description is rejected (append helper would be a no-op) (0.269ms)
✔ Scenario (failure): an unwritable original fails safely — no bug ticket orphan, no inconsistent link (0.9171ms)
✔ Scenario (failure): an unreadable original aborts before any write (no orphan) (0.4889ms)
✔ Scenario (failure): the bug-ticket write (STEP 2) fails — original updated exactly once, no bug ticket, partial-state error (0.8748ms)
✔ Scenario: STEP-2 fails then retry succeeds — TASK-010 folded EXACTLY once, one bug ticket, memo cleared (1.1648ms)
✔ Scenario: simulateCreateBug STEP 1 folds "Reported as " + newId + "\n" + bugDesc (TASK-043 composition) (1.4319ms)
✔ DRIFT GUARD: onCreateBug STEP-1 fold composes bug: 'Reported as ' + id + '\n' + bugDesc (ties this file's model to source) (1.1713ms)
✔ DRIFT GUARD: onCreateBug writes the ORIGINAL before creating the bug ticket (1.1326ms)
✔ DRIFT GUARD: onCreateBug STEP-2 failure surfaces the partial-state inline error, keeps the memo, and re-arms (1.4492ms)
✔ DRIFT GUARD: onCreateBug validates title, original-selected, desc, and original-exists in order (1.3849ms)
✔ DRIFT GUARD: onCreateBug re-reads the freshest original and preserves created / bumps updated (7.4809ms)
✔ DRIFT GUARD: the new bug ticket is status todo, filed via ticketFolderForStatus, body references the original (1.9703ms)
✔ DRIFT GUARD: bug mode is gated to a plain todo create (hidden for the post-processing Add path) (0.9317ms)
✔ DRIFT GUARD: onCreateBug uses bindActionOnce re-arm on retry paths (2.9133ms)
✔ UNIT: appendBugReport folds the bug into ## Bug Reports before ## Additional Context (2.8007ms)
✔ UNIT: heading-forging bug text is neutralized and forges no ## Additional Context section (0.7426ms)
✔ UNIT: empty / whitespace-only bug text is a no-op on the original (byte-for-byte) (0.3058ms)
✔ UNIT: bug-of survives serialize→parse as an extra key AFTER the leading five (1.9763ms)
✔ UNIT: serializeTicket emits bug-of in the frontmatter block, hyphen preserved (0.5663ms)
✔ UNIT: validateBugCreate rejects an empty title first (0.3311ms)
✔ UNIT: validateBugCreate rejects a missing original selection (0.3121ms)
✔ UNIT: validateBugCreate rejects an empty bug description (0.2401ms)
✔ UNIT: validateBugCreate rejects an original not present on the board (0.2994ms)
✔ UNIT: validateBugCreate accepts a fully valid bug create (0.7417ms)
✔ UNIT: happy path writes the original THEN the bug ticket, in that order (2.5487ms)
✔ UNIT: an unreadable original aborts before ANY write — no orphaned bug ticket (0.2555ms)
✔ UNIT: a failed original WRITE aborts before the bug ticket — no orphan, no inconsistent link (0.1768ms)
✔ UNIT: STEP 2 (bug-ticket write) fails — original updated EXACTLY once, bug ticket NOT written, partial-state error surfaced (0.5065ms)
✔ UNIT (TASK-038 retry): after a STEP-2 failure the retry SKIPS STEP 1 — original folded EXACTLY once (0.5677ms)
✔ UNIT: the STEP-1 model fold composes "Reported as " + id + "\n" + bugDesc (TASK-043) (0.4862ms)
✔ UNIT: bindActionOnce keeps at most one live handler and re-arms on a retry path (0.4414ms)
✔ UNIT: bindActionOnce re-open detaches the prior open handler (no stale listener) (0.2164ms)
✔ UNIT: bindActionOnce dispose removes an un-fired handler (cancel/cleanup path) (0.2262ms)
✔ DRIFT GUARD: serializeTicket leading key order matches renderer/renderer.js (0.407ms)
✔ DRIFT GUARD: the STEP-1 fold composes bug: 'Reported as ' + id + '\n' + bugDesc (matches renderer/renderer.js) (1.0447ms)
✔ DRIFT GUARD: the STEP-2 partial-state inline error mirrored above matches renderer/renderer.js (0.3411ms)
✔ Scenario (edge): a kind:post-processing ticket tampered to status todo is not pending and does not continue the build (1.9436ms)
✔ Scenario: a normal todo ticket with no kind is still counted as pending (1) (0.4941ms)
✔ Scenario: a normal post-processing ticket renders in the post-processing lane and is not pending (0.3518ms)
✔ Scenario: no new status is introduced — lane placement stays status-driven (1.3631ms)
✔ Scenario: renderer.js taskStatusCounts references isTasksPostProcessingTicket and feeds the build gates (2.1641ms)
✔ isTasksPostProcessingTicket is true purely by kind, regardless of status (2.4103ms)
✔ a normal todo ticket (no kind) counts in the todo bucket (0.4546ms)
✔ a status:post-processing kind:post-processing ticket counts in post-processing, not todo (0.2458ms)
✔ a tampered kind:post-processing ticket with status todo is NOT counted as todo (0.2409ms)
✔ a tampered kind:post-processing ticket with status failed-testing is NOT counted as failed-testing (1.9626ms)
✔ Build pending count excludes post-processing tickets across a mixed board (9.3505ms)
✔ an out-of-enum status still lands in other, and is not confused with post-processing (0.4168ms)
✔ maybeContinueBuild continue predicate: post-processing + done board => todo 0 (stop) (0.2399ms)
✔ maybeContinueBuild continue predicate: a genuine todo alongside post-processing => todo > 0 (continue) (5.4837ms)
✔ renderer.js taskStatusCounts delegates the exclusion to isTasksPostProcessingTicket (14.8368ms)
✔ renderer.js isTasksPostProcessingTicket keys purely on kind === post-processing (1.1743ms)
✔ renderer.js Build pending formula is todo + failed-testing (no post-processing term) (1.891ms)
✔ Scenario: a heading-like description line is neutralised (3.6646ms)
✔ Scenario: a normal description is written unchanged (1.1989ms)
✔ Scenario: post-processing recipe with step headings stays intact (0.6154ms)
✔ Scenario (edge): a deep `### Cucumber Tests` heading mid-description cannot hijack a section (0.5571ms)
✔ Scenario: the real openNewTaskModal create path routes the description through the shared heading-escape helper (4.482ms)
✔ unit: a `## Additional Context` description line does not forge a second section after round-trip (7.096ms)
✔ unit: each of the reserved heading-run examples is neutralised, not promoted (1.2936ms)
✔ unit: a heading-like line in the MIDDLE of a multi-line description is neutralised; siblings intact (0.5586ms)
✔ unit: a normal description with no leading hashes round-trips byte-for-byte (no backslash artifacts) (0.4202ms)
✔ unit: an inline `##` (not at line start) is left untouched (7.8105ms)
✔ unit: an empty description falls back to the placeholder and still writes a valid body (0.5691ms)
✔ unit: serialize contract — leading key order, placeholder, created/updated (5.4135ms)
✔ unit: post-processing create keeps kind after the leading keys and still neutralises (0.6412ms)
✔ drift guard: openNewTaskModal composes the description via neutralizeBugText(bodyArea.value.trim()) (2.0525ms)
✔ drift guard: renderer neutralizeBugText transform is byte-identical to escapeLeadingHeadingRun (0.9038ms)
✔ drift guard: the renderer neutralizeBugText nullish/coercion prologue mirrors the shared helper (0.8574ms)
✔ unit: neutralizeBugText re-export IS the shared escapeLeadingHeadingRun (single source of truth) (0.7554ms)
✔ unit: routingFoldsFailedIntoTesting is TRUE on the real renderer source (3.2986ms)
✔ unit: routingFoldsFailedIntoTesting is FALSE when failed-testing is routed to another lane (3.4598ms)
✔ unit: routingFoldsFailedIntoTesting is FALSE when unknown statuses stop routing to the unknown lane (3.6519ms)
✔ unit: addPathComposesPostProcessing is TRUE on the real renderer source (1.1656ms)
✔ unit: addPathComposesPostProcessing is FALSE when the Add path stops passing kind: post-processing (2.1987ms)
✔ unit: addPathComposesPostProcessing is FALSE when the Add path passes a non-post-processing status (6.3828ms)
✔ unit: addPathComposesPostProcessing is FALSE when the create path no longer derives the folder from status (2.512ms)
✔ unit: addPathComposesPostProcessing is FALSE when the kind is no longer written to frontmatter (2.0652ms)
✔ unit: fillPreservesOutOfListStatus is TRUE on the real renderer source (0.8344ms)
✔ unit: fillPreservesOutOfListStatus is FALSE when fill re-defaults an out-of-list status to todo (2.4175ms)
✖ unit: fillPreservesOutOfListStatus is FALSE when curStatus stops preserving the stored status (1.2873ms)
✔ unit: all three predicates pass together on the real, untouched renderer source (1.9208ms)
✔ Scenario: wake-lock engages when a task becomes active (count 0 -> 1 starts one blocker) (2.5091ms)
✔ Scenario: wake-lock releases when the board goes idle (count -> 0 stops the blocker) (0.382ms)
✔ Scenario: no double-start — a positive count while already held starts no second blocker (0.2544ms)
✔ Scenario (edge): releasing when nothing is held is a harmless no-op (0.3021ms)
✔ Scenario: no leaked lock on shutdown — a held lock is released on quit (0.302ms)
✔ Scenario (edge): a throwing powerSaveBlocker.start does not crash updateKeepAwake (0.4509ms)
✔ Scenario (edge): junk/NaN activity reports never engage the wake-lock (0.3775ms)
✔ Scenario: a full active/idle lifecycle holds exactly one lock at a time (0.3223ms)
✔ Scenario: a renderer-gone reset releases a held lock; a later report re-engages it (0.3224ms)
✔ Scenario (edge): a renderer-gone reset while nothing is held is a harmless no-op (2.727ms)
✔ Scenario (edge): a throwing powerSaveBlocker.stop during a renderer-gone reset does not crash and clears the id (1.9493ms)
✔ Scenario (edge): rapid renderer-gone resets keep a single blocker (no leak, no double-start) (0.2799ms)
✔ DRIFT GUARD: main.js imports powerSaveBlocker and delegates the decision to lib/keep-awake (0.8292ms)
✔ Scenario (TASK-050): keepAwakeActive wiring is asserted against real main.js (0.4345ms)
✔ Scenario (TASK-050, edge): a keepAwakeActive that always returns a constant is caught (2.0592ms)
✔ Scenario (TASK-050, edge): a keepAwakeActive that loses its try/catch is caught (0.4589ms)
✔ Scenario (TASK-054): a missing end marker fails the slice instead of ballooning (0.6006ms)
✔ DRIFT GUARD: startKeepAwake starts a single prevent-display-sleep blocker, guarded by the stored id (0.3014ms)
✔ DRIFT GUARD: stopKeepAwake is a guarded no-op when nothing is held, and clears the id (0.2697ms)
✔ DRIFT GUARD: updateKeepAwake starts when active else stops (reconciles to the decision) (0.1806ms)
✔ DRIFT GUARD: main.js releases the wake-lock on window-closed, window-all-closed, and will-quit (0.2833ms)
✔ DRIFT GUARD (TASK-049/TASK-053): render-process-gone and unresponsive independently reset keep-awake to 0 (0.5131ms)
✔ DRIFT GUARD (TASK-053, edge): gone-handler slice does not borrow the unresponsive reset (1.0251ms)
✔ DRIFT GUARD: the tasks:activity IPC tolerates a bare number and an { active } object (0.1942ms)
✔ DRIFT GUARD: preload exposes tasks.reportActivity as a fire-and-forget send on tasks:activity (0.1863ms)
✔ DRIFT GUARD: renderer aggregates keep-awake tickets across all tabs and reports the app-wide count (0.9473ms)
✔ KEEP_AWAKE_STATUSES is ACTIVE_STATUSES plus post-processing (derived, not hardcoded) (3.0576ms)
✔ KEEP_AWAKE_STATUSES includes every active status and post-processing (0.3112ms)
✔ KEEP_AWAKE_STATUSES excludes idle statuses (done / todo / failed-testing) (0.2962ms)
✔ isKeepAwakeStatus is true for keep-awake statuses (0.275ms)
✔ isKeepAwakeStatus is false for idle / unknown / junk statuses (0.2468ms)
✔ keepAwakeCount counts bare-fm tickets in keep-awake statuses (0.2595ms)
✔ keepAwakeCount unwraps the board's { fm } wrapper idiom (5.2849ms)
✔ keepAwakeCount tolerates mixed wrapped/bare entries and null/holey members (0.3494ms)
✔ keepAwakeCount returns 0 for an empty array and for non-array / junk input (0.4294ms)
✔ shouldKeepAwake(number): >0 is true, 0 is false (0.6503ms)
✔ shouldKeepAwake(number): NaN / negative numbers are false (0.6247ms)
✔ shouldKeepAwake(Infinity) is false (requires a finite positive count) (0.1632ms)
✔ shouldKeepAwake(non-number junk) never throws and is false (0.1466ms)
✔ shouldKeepAwake(ticket array): any keep-awake status -> true (1.6195ms)
✔ shouldKeepAwake(ticket array): all idle or empty -> false (0.1736ms)
✔ shouldKeepAwake never throws on hostile input (0.4185ms)
✔ TASK-049: the renderer-gone reset (updateKeepAwake(0)) decides release — shouldKeepAwake(0) is false (0.1944ms)
✔ TASK-049: repeated resets stay released (rapid reload never self-re-engages) (0.1559ms)
✔ TASK-049: recovery — a positive re-report after a reset decides hold-again (0.1112ms)
✔ TASK-049: a junk/NaN report during the gone->recovery window still decides release (0.158ms)
✔ TASK-050 unit: the guard accepts the real keepAwakeActive region (0.3903ms)
✔ TASK-050 unit: the guard rejects a constant-return mutant (1.1772ms)
✔ TASK-050 unit: the guard rejects a mutant that drops its try/catch (0.4043ms)
✔ TASK-050 unit: the guard rejects a mutant that drops the isStarted call (0.2622ms)
✔ TASK-054 unit: a missing end marker fails the slice instead of ballooning the region (0.7647ms)
✔ TASK-053 unit: sliceWcHandler bounds a handler at the NEXT wc.on( registration (0.5909ms)
✔ TASK-053 unit: sliceWcHandler returns null for a missing event (0.19ms)
✔ TASK-053 unit: sliceWcHandler runs to end-of-source when no next wc.on( follows (0.2295ms)
✔ TASK-053 unit (fail-mode): removing the reset from ONLY the gone handler makes the gone slice miss updateKeepAwake(0) (0.1209ms)
✔ TASK-053 unit: the bounded slice logic accepts the real main.js gone/unresponsive handlers (0.1875ms)
✔ Scenario: the original names the new bug ticket id and the link is bidirectional (3.5068ms)
✔ Scenario (edge): Additional Context is unchanged and remains at the tail after naming the new id (2.4655ms)
✔ Scenario (edge): a heading-like id or description cannot forge a section — the whole composed string is escaped (2.1144ms)
✔ DRIFT GUARD: onCreateBug STEP 1 composes the bug text with "Reported as " + id (names the new bug id in the original) (1.6498ms)
✔ DRIFT GUARD: the id named in the original is the NEW bug ticket id = nextTaskId(tab) (1.3244ms)
✔ DRIFT GUARD: the still-present other side of the link (bug-of + "Bug against <ID>") is intact (1.5775ms)
✔ DRIFT GUARD: serialize/parse round-trip keeps the extra bug-of key after the leading five (0.3486ms)
✔ UNIT: appendBugReport with a caller-composed "Reported as <id>" bug names the new id and the desc, before Additional Context (2.9485ms)
✔ UNIT: the "Reported as <id>" reference is its own line above the description (exact entry shape) (1.1776ms)
✔ UNIT (edge): a heading-like description line is escaped and forges no new section boundary (2.0308ms)
✔ UNIT (edge): the whole composed "Reported as <id>" string is heading-escaped so the id cannot forge a section (1.6363ms)
✔ UNIT: appendBugReport is unchanged for a plain bug (no id) — id-naming is caller-side only (0.3731ms)
✔ UNIT (regression): an empty bug is still a byte-for-byte no-op (helper guard unchanged) (0.2905ms)
✔ SCENARIO: STEP 2 fails then retry succeeds — TASK-010 has exactly ONE Bug Reports entry and ONE new bug ticket (3.6078ms)
✔ SCENARIO (edge): a second, different bug against TASK-010 after close folds a SECOND distinct entry (2.9535ms)
✔ SCENARIO (edge): three consecutive STEP-2 failures keep the original at ONE entry (0.6628ms)
✔ SCENARIO (edge): switching the target original between retries folds a FRESH entry into the new target (0.413ms)
✔ SCENARIO (happy path): one successful bug create folds ONE entry and writes ONE bug ticket (0.4962ms)
✔ DRIFT GUARD: renderer declares the bugFoldedTargets Set and clears it in leaveBugMode (0.6939ms)
✔ DRIFT GUARD: onCreateBug computes step1AlreadyDone via bugFoldedTargets.has(foldKey(originalId, id)) (0.6734ms)
✔ DRIFT GUARD: the STEP 1 block is guarded by if (!step1AlreadyDone) and records the fold on success (0.675ms)
✔ DRIFT GUARD: the STEP 2 failure branch does NOT clear the fold Set (retry writes only the bug ticket) (0.6506ms)
✔ UNIT (happy path): one create folds ONE entry, writes ONE bug ticket, clears the memo (2.9013ms)
✔ UNIT (retry): STEP 2 fails then retry succeeds — original folded EXACTLY once (4.4841ms)
✔ UNIT (retry same target): repeated STEP-2 failures never re-fold the original (0.4681ms)
✔ UNIT (switch target): switching the original between retries reruns STEP 1 for the new target (0.4772ms)
✔ UNIT (switch id): a different new bug id against the same original reruns STEP 1 (0.4547ms)
✔ UNIT (STEP 1 fails): a failed original write leaves the memo unset and retry redoes STEP 1 (0.4565ms)
✔ UNIT (STEP 1 read fails): an unreadable original leaves the memo unset, writes nothing (0.5113ms)
✔ UNIT (reset between creates): a fresh session against the same original folds a second, fresh entry (0.4166ms)
✔ UNIT (cancel after STEP-2 fail): reset() clears the memo so a later attempt is not a duplicate-skip (0.99ms)
✔ UNIT (validation): a validation failure writes nothing and never touches the memo (0.7401ms)
✔ UNIT (validation after commit): a bad retry input does not corrupt the memo or the fold count (0.5007ms)
✔ UNIT (helper grounding): one appendBugReport = ONE entry; two calls = TWO entries (0.4194ms)
✔ SCENARIO (TASK-040 edge): a heading-like id "## Additional Context" forges NO section after round-trip (3.6485ms)
✔ SCENARIO (TASK-040 edge): #/### heading-like ids likewise forge no section (1.6104ms)
✔ SCENARIO (TASK-040): a normal id "TASK-010" reads "Bug against TASK-010" with no escaping artifacts (0.6315ms)
✔ SCENARIO (TASK-040 drift guard): renderer.js onCreateBug composes "Bug against " + neutralizeBugText(originalId) (9.8411ms)
✔ TASK-040 unit: a heading-like id "## Additional Context" is escaped (2.6403ms)
✔ TASK-040 unit: composing "Bug against " + escaped id forges NO section boundary after round-trip (0.5397ms)
✔ TASK-040 unit: #/##/### prefixed ids are each escaped; only LEADING runs matter (0.2679ms)
✔ TASK-040 unit: a normal id "TASK-010" passes through byte-for-byte unchanged (4.4271ms)
✔ TASK-040 unit: representative normal ids round-trip unchanged (1.5864ms)
✔ TASK-040 unit: shared helper is the single source of truth (neutralizeBugText === leaf) (0.3511ms)
✔ TASK-040 unit: heading-like id inside a composed Description block forges no extra section (1.5663ms)
✔ E2E Scenario: a newline-laden title is neutralised (3.8924ms)
✔ E2E Scenario: a --- title cannot close the frontmatter block early (0.5702ms)
✔ E2E Scenario: a normal title is written unchanged (0.4481ms)
✔ E2E Scenario: a CRLF-laden extra value forges no key and order holds (0.4067ms)
✔ E2E DRIFT GUARD: renderer serializeTicket routes every value through frontmatterValueLine (1.1893ms)
✔ UNIT: a newline+"agent: attacker" title injects NO extra key and collapses to one line (3.4899ms)
✔ UNIT: a "boom\n---\nstatus: done" title cannot close the block early; status unchanged; body intact (0.5044ms)
✔ UNIT: a normal title emits the exact line "title: Add login validation" and round-trips unchanged (0.4671ms)
✔ UNIT: \r, \r\n and runs of newlines each collapse to a SINGLE space (0.3992ms)
✔ UNIT: an EXTRA key value with an embedded newline forges no key either (0.3057ms)
✔ UNIT: leading key order (id,title,status,created,updated) then extras is preserved (1.6948ms)
✔ DRIFT GUARD: renderer serializeTicket emits values via the newline guard (not raw ${fm[k]}) (1.4733ms)
✔ E2E Scenario: switch-back A->B->A does not double-fold A (3.6766ms)
✔ E2E Scenario: forward switch A->B warns and the new ticket carries bug-of B (0.7727ms)
✔ E2E Scenario: single-target retry still folds exactly once (0.3973ms)
✔ E2E Scenario: closing/re-opening the modal clears committed-fold tracking (1.0707ms)
✔ E2E Scenario (failure path): a STEP-1 write failure leaves nothing committed and the retry folds exactly once (0.8678ms)
✔ SOURCE-SCAN: bugFoldedTargets is a session Set replacing the single-slot memo (3.7913ms)
✔ SOURCE-SCAN: onCreateBug computes step1AlreadyDone via bugFoldedTargets.has(foldKey(originalId, id)) (1.5803ms)
✔ SOURCE-SCAN: STEP-1 success ADDS the key to bugFoldedTargets (1.3982ms)
✔ SOURCE-SCAN: leaveBugMode clears the whole Set (session reset) (0.5244ms)
✔ SOURCE-SCAN: STEP-2 failure branch does NOT clear the Set (retry skips STEP 1) (0.7279ms)
✔ SOURCE-SCAN: updateBugSwitchWarning exists and is wired to a change listener on .newtask-bug-of (2.1405ms)
✔ SOURCE-SCAN: index.html has the .newtask-bug-warn element and it is queried in renderer (0.7166ms)
✔ SOURCE-SCAN: the old single-slot bugStep1Done memo is gone (superseded by the Set) (0.5732ms)
✔ UNIT (switch-back): A->B->A folds A EXACTLY once (no second ## Bug Reports entry) (5.4994ms)
✔ UNIT (switch-back membership): A key survives the excursion to B so STEP 1 is skipped on return (0.6578ms)
✔ UNIT (forward switch): commit A, switch to B, STEP-2 ok against B -> new ticket bug-of B, A dangles by design, warning fires (0.5828ms)
✔ UNIT (single-target retry): STEP-2 fail then retry ok against A -> A folded EXACTLY once (0.4745ms)
✔ UNIT (happy path): one create folds ONE entry, writes ONE bug ticket, clears the set (0.4597ms)
✔ UNIT (reset between sessions): re-open clears tracking so a same-original second create folds a fresh entry (0.5298ms)
✔ UNIT (reset after STEP-2 fail): cancel clears the set so a later attempt re-runs STEP 1 (0.3755ms)
✔ UNIT (STEP-1 write fails): a failed original write does NOT add the key; retry redoes STEP 1 cleanly (0.4867ms)
✔ UNIT (STEP-1 read fails): an unreadable original does NOT add the key and writes nothing (8.0304ms)
✔ UNIT (validation): a validation failure writes nothing and leaves the committed-fold set untouched (0.4463ms)
✔ UNIT (shouldWarn): true only when a committed fold exists for a DIFFERENT original than selected (0.4627ms)
✔ UNIT (helper grounding): one appendBugReport = ONE entry; two calls = TWO entries (0.3249ms)
✔ drift: decision filter is mirrored in BOTH renderer and lib (12.9593ms)
✔ drift: at-most-one-listener lifecycle is mirrored in BOTH renderer and lib (0.6188ms)
✔ drift: the warning text write uses textContent (never innerHTML) in BOTH (0.602ms)
✔ drift: renderer CALLS the mirror helpers where the behaviour lives (3.7076ms)
✔ drift: lib exports the mirrored API (0.5237ms)
✔ drift: FALSE if the lib decision filter is inverted (renderer keeps the correct one) (1.3624ms)
✔ drift: FALSE if the renderer stops detaching the prior listener (accumulation reintroduced) (1.4856ms)
✔ drift: FALSE if the renderer never clears the handler bookkeeping on dispose (2.3389ms)
✔ drift: FALSE if the renderer switches the warning write to innerHTML (injection risk) (1.8612ms)
✔ drift: FALSE if the lib switches the warning write to innerHTML (0.6143ms)
✔ drift: FALSE if the renderer stops calling the decision helper (2.4904ms)
✔ drift: FALSE if the renderer stops wiring the persistent listener via the helper (2.9334ms)
✔ drift: all mirror predicates pass together on the real, untouched sources (10.364ms)
✔ lifecycle: repeated modal opens keep AT MOST ONE live change listener on the select (2.3908ms)
✔ lifecycle: the surviving listener is the LATEST handler; stale ones are detached and never fire (1.5418ms)
✔ lifecycle: dispose is idempotent and does not remove a newer handler bound after it (0.3098ms)
✔ lifecycle: helper rejects a non-element (matches renderer guard) (16.7691ms)
✔ safe write: a <script> original id is written as LITERAL text (no markup / no child nodes) (0.9391ms)
✔ safe write: null / empty clears the node to an empty string (0.4293ms)
✔ safe write: no-ops safely when the element is absent (0.3521ms)
✔ decision: warn ONLY when a committed fold exists for a DIFFERENT original than selected (0.4084ms)
✔ decision: staleBugSwitchTargets lists exactly the cross-target originals, in order (2.7231ms)
✔ decision: never blocks Create — it only reports a boolean/array, it cannot gate submission (0.4323ms)
✔ E2E Scenario: the identical-branch ternary is absent after cleanup (5.2759ms)
✔ E2E Scenario: the simplified shouldWarn call site remains (1.9934ms)
✔ E2E Scenario (mutation): the relaxed guard catches an L127-only removal that L92 would otherwise mask (2.5781ms)
✔ E2E Scenario (mutation): the relaxed guard tolerates a benign third call site (no false-fail) (0.6271ms)
✔ E2E Scenario (mutation): rewording the comment tail after the token does not false-fail (0.8053ms)
✔ E2E Scenario (mutation edge): rewording the load-bearing token itself is caught (0.681ms)
✔ E2E Scenario: dead selector and simplified form yield identical warnings (0.3311ms)
✔ E2E Scenario (edge): same-original selection warns for neither form (0.2367ms)
✔ unit: target e2e test file exists and is readable (3.166ms)
✔ unit: the dead identical-branch ternary is absent from the target source (1.8225ms)
✔ unit: BOTH simplified shouldWarn(originalId, id, bugFoldedTargets) call sites are present (0.8386ms)
✔ unit: the L127 post-fold shouldWarn refresh call site is present (context-anchored) (0.7999ms)
✔ unit: no residual bugFoldedTargets.size selector feeding the shouldWarn original arg (6.0812ms)
✔ unit (mutation): relaxed guard PASSES on real source but FAILS when only L127 is removed (1.7019ms)
✔ unit (mutation): relaxed guard still PASSES when a benign third call site is added (0.7927ms)
✔ unit (mutation): relaxed guard still PASSES when the comment TAIL is reworded but the token+call stay (0.878ms)
✔ unit (mutation): relaxed guard FAILS when the load-bearing "refresh switch warning" token itself is reworded (2.099ms)
✔ Scenario: SKILL Model-routing names claude-sonnet-5 (default) for the coder (3.4568ms)
✔ Scenario: SKILL Model-routing routes the tester (Phase 3) to the cheap claude-haiku-4-5 tier (6.0936ms)
✔ Scenario: SKILL Model-routing reserves claude-opus-4-8 for the BA (plan) + tech-lead (review) only (0.6418ms)
✔ Scenario: Both SKILL.md copies are byte-identical (1.047ms)
✔ Scenario: BA + tech-lead frontmatter declare model claude-opus-4-8; coder declares claude-sonnet-5; tester declares claude-haiku-4-5 (7.1048ms)
✔ Scenario: Every agent def copy is byte-identical (2.1615ms)
✔ Scenario: The routing directive lives before Phase 2 — Phase 2/3/4 name no model id (0.833ms)
✔ Scenario: SKILL states distilled returns — the orchestrator never inherits a sub-agent's raw context (0.7924ms)
✔ Scenario (FAILURE/edge): a drifted SKILL.md copy fails the byte-identity guard (in-memory) (1.41ms)
✔ Scenario (FAILURE/edge): a misspelled model id ("claude-sonet-5") fails the presence guard (in-memory) (1.5434ms)
✔ unit: both SKILL.md copies contain the exact id claude-sonnet-5 (the swarm default) (5.3121ms)
✔ unit: both SKILL.md copies contain the exact id claude-opus-4-8 (the premium tier) (0.3654ms)
✔ unit: both SKILL.md copies contain the exact id claude-haiku-4-5 (the cheap tester tier) (0.2397ms)
✔ unit: SKILL Model-routing routes the tester to the cheap claude-haiku-4-5 tier (0.4069ms)
✔ unit: neither copy contains a common typo of the model ids, nor the retired claude-fable-5 pin (0.5205ms)
✔ unit: SKILL Model-routing names claude-sonnet-5 as the default model (0.5207ms)
✔ unit: SKILL Model-routing reserves claude-opus-4-8 for planning + review only (1.4608ms)
✔ unit: SKILL Model-routing lives in the Agent-dispatch section (a "### Model routing" heading) (0.2375ms)
✔ unit: the two SKILL.md copies are byte-identical (Buffer.equals) (6.7495ms)
✔ unit: model ids appear only before the "## Phase 2 — Build" heading (0.9943ms)
✔ unit: Phase 2, 3 and 4 sections each contain neither model id (0.5418ms)
✔ unit: SKILL states the distilled-returns rule (orchestrator never inherits raw sub-agent context) (0.3405ms)
✔ unit: assets/agents/ba.md declares model: claude-opus-4-8 (3.2559ms)
✔ unit: assets/agents/ba.md keeps name orchestrate-ba and its tools unchanged (1.8293ms)
✔ unit: assets/agents/tech-lead.md declares model: claude-opus-4-8 (1.0917ms)
✔ unit: assets/agents/tech-lead.md keeps name orchestrate-tech-lead and its tools unchanged (0.4709ms)
✔ unit: assets/agents/coder.md declares model: claude-sonnet-5 (0.7605ms)
✔ unit: assets/agents/coder.md keeps name orchestrate-coder and its tools unchanged (0.7842ms)
✔ unit: assets/agents/tester.md declares model: claude-haiku-4-5 (1.0988ms)
✔ unit: assets/agents/tester.md keeps name orchestrate-tester and its tools unchanged (0.6257ms)
✔ unit: .claude/agents/ba.md declares model: claude-opus-4-8 (0.4523ms)
✔ unit: .claude/agents/ba.md keeps name orchestrate-ba and its tools unchanged (0.5146ms)
✔ unit: .claude/agents/tech-lead.md declares model: claude-opus-4-8 (0.6328ms)
✔ unit: .claude/agents/tech-lead.md keeps name orchestrate-tech-lead and its tools unchanged (0.4107ms)
✔ unit: .claude/agents/coder.md declares model: claude-sonnet-5 (0.3262ms)
✔ unit: .claude/agents/coder.md keeps name orchestrate-coder and its tools unchanged (0.3488ms)
✔ unit: .claude/agents/tester.md declares model: claude-haiku-4-5 (0.4431ms)
✔ unit: .claude/agents/tester.md keeps name orchestrate-tester and its tools unchanged (0.5027ms)
✔ unit: the BA and tech-lead are pinned to the premium tier; the coder to the default; the tester to the cheap tier (1.7729ms)
✔ unit: every agent def now carries a model key (no agent is left on the ambient default) (2.7416ms)
✔ unit: each agent def frontmatter still parses cleanly (valid frontmatter block) (2.1522ms)
✔ unit: each agent def copy is byte-identical (Buffer.equals) (1.8026ms)
✔ unit (edge): Buffer.equals detects a single-byte SKILL.md drift (in-memory, real files untouched) (1.4763ms)
✔ unit (edge): the presence guard rejects a missing/misspelled model id (in-memory) (2.4841ms)
✔ E2E Scenario: ba.md instructs the BA to raise questions instead of guessing (8.1077ms)
✔ E2E Scenario: SKILL.md Phase 1 requires questions asked and answered before planning completes (5.3609ms)
✔ E2E Scenario: answers are recorded in the ticket body and never in ## Additional Context (4.2543ms)
✔ E2E Scenario: bundled and project copies are byte-for-byte identical (1.0716ms)
✔ E2E Scenario (edge): a one-byte-flipped in-memory copy is caught; real files stay identical (1.2086ms)
✔ E2E Scenario (edge): removing the clarifying-questions sentence fails the presence check (5.7567ms)
✔ E2E Scenario: the Model-routing directive survives the edit (1.8846ms)
✔ E2E Scenario: a raised question keeps its ticket waiting until the user answers non-empty (1.7278ms)
✔ unit: both SKILL.md copies carry the clarifying-questions requirement wording (4.0819ms)
✔ unit: both SKILL.md copies require every raised question answered before completion (0.4895ms)
✔ unit: both SKILL.md copies forbid writing answers into ## Additional Context (0.3051ms)
✔ unit: both ba.md copies carry the clarifying-questions section (0.4034ms)
✔ unit: the two SKILL.md copies are byte-identical (Buffer.equals) (0.6581ms)
✔ unit: the two ba.md copies are byte-identical (Buffer.equals) (0.5668ms)
✔ scenario: a raised question keeps a ticket waiting until a non-empty answer lands (2.09ms)
✔ unit (edge): a single-byte in-memory drift breaks Buffer.equals (real files untouched) (6.4129ms)
✔ unit (edge): removing the new wording from an in-memory copy fails the presence check (4.6236ms)
✔ Scenario: a normal ticket shows a green type bar below the id and above the title (8.0056ms)
✔ Scenario: a ticket with a non-empty bug-of shows a red type bar (0.5822ms)
✔ Scenario: a ticket with a non-empty review-of shows a yellow type bar (0.4123ms)
✔ Scenario (edge): an empty / whitespace-only marker value falls back to green (0.4787ms)
✔ Scenario (edge): both bug-of and review-of non-empty -> red (bug wins) (0.5687ms)
✔ Scenario (edge): post-processing and unknown-status cards render a green bar (0.4502ms)
✔ Scenario: adding bug-of and bumping updated flips the bar to red within one poll (0.4754ms)
✔ DRIFT GUARD: the board re-render signature keys on id|status|updated (poll-cycle basis) (1.3905ms)
✔ Scenario (edge): a failed-testing bug ticket shows BOTH the red type bar and the red failed dot without overlap (1.0541ms)
✔ Scenario (edge): an archived done card carries its type bar into the Archived expander (2.0505ms)
✔ Scenario: a bug card exposes a "Bug" label on the type bar (0.3454ms)
✔ Scenario: a review card exposes a "Review" label on the type bar (0.3052ms)
✔ Scenario (edge): a normal card exposes a "Normal" label on the type bar (0.2168ms)
✔ Scenario (edge, precedence): both markers -> "Bug" label AND a red bar (0.2108ms)
✔ Scenario (edge): the label is derived from predicates, never from title text (0.1548ms)
✔ Scenario (edge): a whitespace-only marker labels "Normal" (matches green fallback) (0.2812ms)
✔ Scenario (edge): the label is set via attribute (title/aria-label), never innerHTML (0.2437ms)
✔ DRIFT GUARD (TASK-082): the fake-DOM builder mirrors the real label expression + attribute wiring (1.0837ms)
✔ DRIFT GUARD: archived done cards are the SAME card nodes appended to the Archived expander body (1.3011ms)
✔ Scenario: the type bar of a bug card carries role="img" and aria-label "Bug" (0.4117ms)
✔ Scenario (edge): review and normal cards are likewise announceable (role="img" + their labels) (0.282ms)
✔ Scenario (edge): the role is applied on the universal path — every card carries role="img" regardless of type/status (0.434ms)
✔ Scenario (edge): an archived done card carries role="img" on its type bar inside the Archived expander (0.3221ms)
✔ Scenario (edge): malformed/absent frontmatter still labels "Normal" with role="img" and never throws (0.4452ms)
✔ Scenario (edge): the type bar is NOT focusable/interactive — no tabindex is set on it (0.2024ms)
✔ Scenario (edge): the role/label are set via setAttribute, never innerHTML (no injected markup) (0.1989ms)
✔ DRIFT GUARD (TASK-083): the fake-DOM builder mirrors the real role wiring in renderTasksBoard (0.731ms)
✔ UNIT: isBugTicket is true only for a trimmed-non-empty bug-of (9.8345ms)
✔ UNIT: isBugTicket is false for empty / whitespace / missing bug-of (green default) (0.5355ms)
✔ UNIT: isBugTicket guards against a non-object frontmatter (0.3591ms)
✔ UNIT: isReviewTicket is true only for a trimmed-non-empty review-of (0.3001ms)
✔ UNIT: isReviewTicket is false for empty / whitespace / missing review-of (green default) (1.0577ms)
✔ UNIT: isReviewTicket guards against a non-object frontmatter (0.2651ms)
✔ UNIT: a review marker never fabricated from title text — frontmatter only (0.3312ms)
✔ UNIT: a plain ticket composes the bare green .task-card-type (no modifier) (0.2046ms)
✔ UNIT: a non-empty bug-of composes .task-card-type.bug (red) (0.4467ms)
✔ UNIT: a non-empty review-of composes .task-card-type.review (yellow) (0.6832ms)
✔ UNIT: both markers present -> red wins (bug precedence) (0.2238ms)
✔ UNIT: an empty bug-of but non-empty review-of falls through to yellow (0.2243ms)
✔ UNIT: empty markers on both fall back to green (0.1552ms)
✔ UNIT: post-processing and unknown-status tickets are green (0.1853ms)
✔ UNIT: a bug ticket (non-empty bug-of) labels the type bar "Bug" (0.208ms)
✔ UNIT: a review ticket (non-empty review-of) labels the type bar "Review" (3.6472ms)
✔ UNIT: a plain ticket (neither marker) labels the type bar "Normal" (0.1808ms)
✔ UNIT: both markers present -> "Bug" label (bug precedence, matches red) (0.1667ms)
✔ UNIT: the label matches the color class for every type (label/color never disagree) (0.4923ms)
✔ UNIT: the label is derived from predicates, never from title text (0.1498ms)
✔ UNIT: malformed / absent frontmatter labels "Normal" and never throws (0.3464ms)
✔ DRIFT GUARD: the predicates use ticketFieldNonEmpty on the exact hyphenated keys (1.2999ms)
✔ DRIFT GUARD: ticketFieldNonEmpty is a trimmed-non-empty check (not raw truthiness) (1.514ms)
✔ DRIFT GUARD: renderTasksBoard composes the type class bug-first (red wins), review else, green default (0.6929ms)
✔ DRIFT GUARD (TASK-082): renderTasksBoard derives the label from the same predicates, bug-first (0.6363ms)
✔ DRIFT GUARD (TASK-082): the label is set via title/aria-label attribute, NOT innerHTML (1.5106ms)
✔ UNIT (TASK-083): the type bar sets role="img" via setAttribute on the construction path (5.4688ms)
✔ UNIT (TASK-083): the role is a fixed literal "img" (never ticket-controlled / interpolated) (3.6237ms)
✔ UNIT (TASK-083): the role is set unconditionally (universal path) — same block, no if-guard around it (0.8179ms)
✔ UNIT (TASK-083): the type bar is NON-interactive — no tabindex is ever set on it (1.0177ms)
✔ UNIT (TASK-083): the role/label are set via attributes, the type bar never uses innerHTML (0.5019ms)
✔ DRIFT GUARD (TASK-083): TASK-082 label logic is unchanged — role is ADDED, not a replacement (0.4674ms)
✔ DRIFT GUARD: the type bar is inserted AFTER .task-card-id and BEFORE .task-card-title (0.7522ms)
✔ DRIFT GUARD: .task-card-type defaults to green #6a9955, .bug is red #f14c4c, .review is yellow #e5c100 (0.6037ms)
✔ DRIFT GUARD: the type bar is a thin in-flow strip (has a height, no absolute positioning) (0.3612ms)
✔ Scenario: a skeleton board-created ticket is not "defined" (2.3437ms)
✔ Scenario: a BA-completed ticket (two real AC + gherkin fence) is "defined" (0.4862ms)
✔ Scenario: creating a ticket auto-queues a build run; a second create while it is active does NOT (0.4104ms)
✔ Scenario (Part A guard): no second run when the continuous auto-build loop is already on (0.4126ms)
✔ Scenario (Part A guard): no run when the skill is not installed / Claude is mid-run / mid-dispatch / no folder (0.3031ms)
✔ DRIFT GUARD (Part A): the real autoQueueBuildOnCreate exists, reuses the single-run guard, and calls queueBuild (0.7565ms)
✔ DRIFT GUARD (Part A): autoQueueBuildOnCreate is wired into the three creation paths (New-ticket todo-only, bug, Slack) (2.995ms)
✔ DRIFT GUARD (Part A): buildCommandFor emits the argumented "/orchestrate build --concurrency" the mirror assumes (3.6115ms)
✔ Scenario: defining counts against the bound; a defining ticket is never returned as claimable (25.8464ms)
✔ Scenario: a defined ticket (just back from defining to todo) dispatches into a free slot (4.6854ms)
✔ Scenario: a defined ticket waits when the slot-occupancy count equals the limit (0.3847ms)
✔ Scenario: both SKILL copies route undefined new tickets to defining + orchestrate-ba first, and are byte-identical (2.4929ms)
✔ Scenario (edge): a BA question parks only that ticket; other todo tickets are still selected and built (0.7424ms)
✔ Scenario (edge): a post-processing ticket is never defined or dispatched (0.3083ms)
✔ Scenario (edge): isTicketDefined receives null, 42, "" and an object -> each false, nothing throws (0.3651ms)
✔ Scenario (edge): a defining ticket occupies a slot but is NOT "active" (board dot unaffected) (0.2496ms)
✔ Scenario: Free-slot math names defining (includes defining in the occupancy count) (7.0218ms)
✔ Scenario: The corrected prose matches SLOT_OCCUPYING_STATUSES in lib/ticket-queue.js (1.4665ms)
✔ Scenario: Phase-1-only model invariant preserved (no model id at/after "## Phase 2 — Build") (0.3718ms)
✔ Scenario: Edge — reintroducing the stale "limit − active count" formula fails the guard (0.4106ms)
✔ unit: assets/SKILL.md states free slots = limit − (in-progress + testing + defining) (2.3767ms)
✔ unit: assets/SKILL.md describes the slot-occupancy count as including defining (0.4978ms)
✔ unit: assets/SKILL.md carries the formula at all THREE free-slot occurrences (1.0073ms)
✔ unit: assets/SKILL.md no longer says "limit − active count" (excluding defining) (0.8693ms)
✔ unit: .claude/SKILL.md states free slots = limit − (in-progress + testing + defining) (0.2976ms)
✔ unit: .claude/SKILL.md describes the slot-occupancy count as including defining (0.1788ms)
✔ unit: .claude/SKILL.md carries the formula at all THREE free-slot occurrences (0.2353ms)
✔ unit: .claude/SKILL.md no longer says "limit − active count" (excluding defining) (0.2286ms)
✔ unit: SLOT_OCCUPYING_STATUSES includes defining, in-progress, testing (0.2783ms)
✔ unit: lib/ticket-queue.js source defines SLOT_OCCUPYING_STATUSES with defining and slotOccupancyCount (0.5435ms)
✔ unit: SKILL prose is consistent with the code — every SLOT_OCCUPYING_STATUS is named in the free-slot math (0.4372ms)
✔ unit: the two SKILL.md copies are byte-identical (Buffer.equals) (0.6167ms)
✔ unit: no model id appears at or after the "## Phase 2 — Build" heading (0.5626ms)
✔ unit (edge): a regression reintroducing "limit − active count" is caught (0.3343ms)
✔ unit (edge): dropping "defining" from the formula fails the corrected-wording guard (0.3486ms)
✔ unit (edge): Buffer.equals detects a single-byte SKILL.md drift (in-memory) (1.0069ms)
✔ Scenario: parked defining at the limit still lets ready work run (18.8937ms)
✔ Scenario: a failed-testing ticket dispatches past parked definitions at the limit (8.7747ms)
✔ Scenario: active defining still counts against the bound (edge) (0.7348ms)
✔ Scenario: all slots consumed by ACTIVE defining => ready work waits (exemption is parked-specific) (0.8963ms)
✔ Scenario: mixed parked + active defining + running build frees exactly the parked slot (0.5228ms)
✔ Scenario: both SKILL.md copies document the parked-defining exemption and stay byte-identical (4.7225ms)
✔ Scenario: no model id appears at or after "## Phase 2 — Build" in either SKILL copy (1.5229ms)
✔ Scenario: the contract documents the bounded transient over-subscription as ACCEPTED (11.0415ms)
✔ Scenario: at the limit, answering a parked definition transiently exceeds the bound (as documented) (0.942ms)
✔ Scenario: the transient self-corrects — occupancy returns to <= limit as an in-flight build finishes (0.392ms)
✔ Scenario: the transient never dispatches beyond the bound — selectNextBatch stays capped while over-subscribed (3.1846ms)
✔ Scenario: a parked-but-unanswered definition still frees its slot (TASK-087 preserved) (1.3856ms)
✔ Scenario (edge): a contract that omits the ACCEPTED rationale fails the guard (8.1012ms)
✔ Scenario (edge): the two contract copies are byte-identical (single-copy edit is drift) (4.5041ms)
✔ unit: both SKILL copies document the resume re-counts as a slot (8.679ms)
✔ unit: both SKILL copies document occupancy MAY briefly exceed the limit (3.4347ms)
✔ unit: both SKILL copies mark the transient as explicitly ACCEPTED, bounded and self-correcting (4.3642ms)
✔ unit: both SKILL copies give the rationale (preferred over a cap-on-resume that could deadlock) (2.5119ms)
✔ unit: the accepted-behavior note sits inside the parked-defining prose (0.5668ms)
✔ unit: the note references `limit` and the concurrency-slot vocabulary (not an unrelated section) (0.3139ms)
✔ unit: the two SKILL.md copies are byte-identical (Buffer.equals) (0.7186ms)
✔ unit: no model id appears at or after the "## Phase 2 — Build" heading (0.5322ms)
✔ unit: OPTION (b) — parked (question-waiting) defining is exempt from the slot count (0.5388ms)
✔ unit: OPTION (b) — an actively-defining (answered) ticket DOES count as a slot (0.355ms)
✔ unit: the documented transient is reproducible in the pure math (occupancy can exceed limit) (0.4194ms)
✔ unit (edge): rewording the note away from "ACCEPTED" fails the accepted-behavior guard (3.0997ms)
✔ unit (edge): editing only one SKILL copy is caught by the byte-identity guard (1.4447ms)
✔ unit (edge): a cap-on-resume would contradict the documented behavior — code has NO such cap (0.2244ms)
✔ Scenario: the Team tab-btn appears after Tasks and a data-view="team" panel exists (2.0092ms)
✔ Scenario: the Team panel has a "Team" .view-toolbar and the three placeholder sections with headings (0.6795ms)
✔ Scenario (edge): the Team panel ships hidden — its tab-view has no "active" class (0.3092ms)
✔ Scenario: renderer registers Team els and switchSubTab routes "team" -> initTeamTab (1.4081ms)
✔ Scenario: activating the Team tab makes only the team button/view active (via the shared loops) (4.6549ms)
✔ Scenario: activating Team with an open folder blanks status and delegates the three sections to their refresh functions (3.788ms)
✔ Scenario (edge): activating Team with NO folder shows "(open a folder)" everywhere (3.278ms)
✔ Scenario (edge): re-activating the Team tab is idempotent and binds no per-activation listeners (0.7846ms)
✔ Scenario: Team styles are appended following the .view-toolbar/.git-section conventions (0.8184ms)
✔ DRIFT GUARD: the real initTeamTab guards on tab.folder, uses the "(open a folder)" literal, and blanks with a folder (0.7821ms)
✔ initTeamTab: with no folder sets "(open a folder)" on status + all three bodies (1.6756ms)
✔ initTeamTab: undefined folder is treated as no folder (empty state) (0.291ms)
✔ initTeamTab: empty-string folder is treated as no folder (empty state) (0.2172ms)
✔ initTeamTab: with a folder blanks status and delegates the three section bodies to their refresh functions (1.3108ms)
✔ initTeamTab: re-running with no folder is idempotent (0.3728ms)
✔ initTeamTab: switching folder->no-folder->folder produces the correct final state (0.6476ms)
✔ routeSubTab: "team" routes to initTeamTab (0.4164ms)
✔ routeSubTab: the seven existing branches are unchanged (0.1876ms)
✔ scaffold: els map registers all eight Team selectors (1.1197ms)
✔ scaffold: initTeamTab exists and is wired into switchSubTab (4.2588ms)
✔ DRIFT GUARD: the real initTeamTab matches the replica (folder guard, literal, four fields) (0.7248ms)
✔ DRIFT GUARD (meta): the hardened guard still catches a real regression in initTeamTab (4.7143ms)
✔ Scenario: Parsing ba.md (2.9352ms)
✔ Scenario: Byte-identical round-trip (LF and CRLF) for every bundled agent file (4.3456ms)
✔ Scenario: Byte-identical round-trip via single-argument (parse result) form (5.9671ms)
✔ Scenario: Invalid names rejected (failure path) (0.6289ms)
✔ Scenario: Valid name accepted (0.2481ms)
✔ Scenario: Unclosed frontmatter (edge) returns null without throwing (0.3909ms)
✔ parseAgentFile returns fm + body for a well-formed file (11.2641ms)
✔ parseAgentFile then serializeAgentFile is byte-identical for the returned object (0.8547ms)
✔ serializeAgentFile accepts the whole parse result as one argument (0.5688ms)
✔ Object.keys(fm) exposes only real frontmatter keys (Symbol hidden) (1.4912ms)
✔ unknown frontmatter keys round-trip untouched (0.451ms)
✔ missing tools: still parses and round-trips (0.3398ms)
✔ description containing ":" and "#" is preserved on round-trip (8.0155ms)
✔ non-string input to parseAgentFile returns null (never throws) (0.6389ms)
✔ input without an opening fence returns null (0.5217ms)
✔ serializeAgentFile returns null on bad input (never throws) (0.4802ms)
✔ serializeAgentFile on a fresh (non-parsed) fm object produces valid, re-parseable text (1.1261ms)
✔ validateAgentName rejects empty and non-string names (1.2428ms)
✔ validateAgentName rejects illegal characters (0.4286ms)
✔ validateAgentName rejects the reserved FALLBACK_AGENT (0.3191ms)
✔ validateAgentName rejects duplicates from array or Set (0.2489ms)
✔ validateAgentName accepts a well-formed unused name and returns null error (0.2321ms)
✔ editing a parsed value re-serializes via the fresh formatter (still valid) (2.3601ms)
✔ Scenario: editing a mirrored agent file writes identical bytes to the assets copy (28.3516ms)
✔ Scenario: editing a mirrored orchestrate SKILL file mirrors into assets/skills/orchestrate (14.3387ms)
✔ Scenario (edge): project without an assets mirror writes only the .claude file, never creates one (6.6368ms)
✔ Scenario (edge): a file outside the mirrored subtrees is never mirrored (17.3501ms)
✔ Scenario (failure): mirror write fails -> primary stands and result carries mirrorError (30.4168ms)
✔ Scenario (failure): primary write fails -> returns primary error and no mirror write is attempted (9.1959ms)
✔ MIRRORED_SUBTREES declares exactly the two mirrored subtrees (3.2755ms)
✔ maps .claude/agents/<f> to assets/agents/<f> (0.5303ms)
✔ maps .claude/skills/orchestrate/<f> to assets/skills/orchestrate/<f> (0.2559ms)
✔ normalises backslash separators (1.2931ms)
✔ normalises mixed separators (0.2926ms)
✔ tolerates a leading ./ and leading slashes (0.2996ms)
✔ returns null for .claude paths outside the mirrored subtrees (0.2062ms)
✔ returns null for non-.claude paths (0.2105ms)
✔ returns null for the bare subtree directory (no file remainder) (0.2111ms)
✔ does not match a subtree prefix that is only a substring of another segment (0.2929ms)
✔ returns null for non-string input without throwing (0.198ms)
✔ returns null for the empty string (0.2038ms)
✔ is pure and stable across repeated calls (0.1757ms)
✔ Scenario: listing then saving a new description rewrites ONLY the description and keeps the assets mirror byte-identical (39.0282ms)
✔ Scenario (edge): a missing .claude/agents directory shows the install-skill hint and never throws (16.8237ms)
✔ Scenario (edge): an EMPTY .claude/agents directory also shows the install-skill hint (3.3389ms)
✔ Scenario (failure): an unparseable agent file is listed unparseable with editing disabled and is never modified (30.0399ms)
✔ Scenario (failure): clearing the description and saving shows an inline error and writes NO file (8.1587ms)
✔ Scenario (failure): a failed primary write keeps the editor open with the text and shows an inline error (10.2356ms)
✔ Scenario (failure): a mirror-only write failure shows a drift warning naming BOTH paths (17.9497ms)
✔ Scenario (edge): refreshing re-reads the directory so newly added agents appear (23.9902ms)
✔ round-trip: serializeAgentDescription(parse, same description) is byte-identical for ba.md (4.2201ms)
✔ round-trip: serializeAgentDescription(parse, same description) is byte-identical for coder.md (0.6807ms)
✔ round-trip: serializeAgentDescription(parse, same description) is byte-identical for tech-lead.md (0.6259ms)
✔ round-trip: serializeAgentDescription(parse, same description) is byte-identical for tester.md (0.5585ms)
✔ description-only change preserves name/model/tools/body for ba.md (2.8987ms)
✔ description-only change preserves name/model/tools/body for coder.md (2.3008ms)
✔ description-only change preserves name/model/tools/body for tech-lead.md (1.0089ms)
✔ description-only change preserves name/model/tools/body for tester.md (0.6357ms)
✔ INJECTION: description with \n---\nname: evil produces NO new frontmatter keys and stays in the folded block (1.5812ms)
✔ agentDescriptionValid rejects empty / whitespace-only / non-string and accepts real text (0.4278ms)
✔ parseAgentFileRenderer returns null for malformed / non-string input (never throws) (0.31ms)
✔ parseAgentFileRenderer parses a well-formed file into fm + body + meta (0.4015ms)
✔ Scenario: creating orchestrate-docs writes a valid .claude/agents/orchestrate-docs.md and it appears after refresh (28.8795ms)
✔ Scenario (failure): submitting an existing name shows an inline error and writes NO file (13.7787ms)
✔ Scenario (edge): a fresh project with no .claude directory has the dirs created and the file written (12.1094ms)
✔ Scenario (failure): a tools value with a newline injection is rejected inline with NO write (6.5804ms)
✔ Scenario (failure): an existing target file at write time aborts without overwriting (41.9965ms)
✔ validateAgentNameRenderer rejects empty / non-string (5.3128ms)
✔ validateAgentNameRenderer rejects non-slug names (uppercase / underscore / space / dot / punctuation) (0.6749ms)
✔ validateAgentNameRenderer rejects leading / trailing / all-hyphen slugs (0.543ms)
✔ validateAgentNameRenderer rejects the reserved general-purpose name (0.6108ms)
✔ validateAgentNameRenderer rejects duplicates (array AND Set forms) (0.5048ms)
✔ validateAgentNameRenderer accepts a clean slug not already in use (0.4094ms)
✔ sanitizeAgentScalarField treats empty / whitespace as "omit the key" (ok, value "") (1.8147ms)
✔ sanitizeAgentScalarField REJECTS line breaks / control chars / leading --- (0.533ms)
✔ sanitizeAgentScalarField accepts and trims a clean single-line value (internal spaces OK) (0.3211ms)
✔ sanitizeAgentToolsField accepts a comma/space token list and empty (2.8357ms)
✔ INJECTION: sanitizeAgentToolsField rejects newline / CR / line-sep / control / leading --- / stray punctuation (15.1172ms)
✔ sanitizeAgentModelField accepts a single bare token and empty (12.0128ms)
✔ INJECTION: sanitizeAgentModelField rejects newline / space / colon / "key: value" / leading --- (0.319ms)
✔ buildAgentFileContent output parses via lib parseAgentFile with name/description/tools/model in canonical order (2.3137ms)
✔ buildAgentFileContent OMITS blank optional keys (no empty tools/model lines) (36.7755ms)
✔ buildAgentFileContent seeds the starter body when supplied and trims blank framing (4.6522ms)
✔ INJECTION: a malicious description folds safely — no extra key, no premature fence, name not hijacked (0.993ms)
✔ INJECTION: sanitized tools that survive still cannot add a key — build output has only the expected keys (1.28ms)
✔ Scenario: Parsing the bundled skill (31.1566ms)
✔ Scenario: Model directive captured (4.7033ms)
✔ Scenario: Missing phase heading (edge) (2.6749ms)
✔ Scenario: Junk input (failure) (1.0197ms)
✔ Scenario: CRLF SKILL.md parses identically to LF (2.2599ms)
✔ Scenario: reordered phase headings still return canonical order (0.6216ms)
✔ unit: PLAN_MODEL_PRIMARY / PLAN_MODEL_FALLBACK are the exact model ids (11.6572ms)
✔ unit: PHASE_SPECS is a frozen array of four canonical phases in order (2.7778ms)
✔ unit: PHASE_SPECS agents are sourced from AGENT_TYPES (0.5494ms)
✔ unit: real SKILL.md -> four phases, canonical order, no warnings (22.7227ms)
✔ unit: real SKILL.md -> agents match AGENT_TYPES / AGENT_NAMES (13.5436ms)
✔ unit: real SKILL.md -> each phase carries the correct 1-based headingLine (11.5806ms)
✔ unit: a benign line inserted above Phase 1 shifts headingLines but still parses structurally (1.359ms)
✔ unit: real SKILL.md -> only the plan phase carries a model directive (0.9321ms)
✔ unit: real SKILL.md -> the fence-embedded sample ticket never opens a phantom section (0.868ms)
✔ unit: non-string inputs -> empty phases + a "not a string" warning, never throws (0.7978ms)
✔ unit: empty string -> empty phases + four missing-phase warnings (0.5591ms)
✔ unit: binary-garbage string -> four missing-phase warnings, never throws (0.3371ms)
✔ unit: removing the Phase 3 heading omits test + warns naming phase 3 (3.28ms)
✔ unit: removing multiple phase headings warns for each missing one (1.9243ms)
✔ unit: a `## Phase <n>`-shaped heading inside a fence is not counted (0.6501ms)
✔ unit: a Phase 2 heading present ONLY inside a fence is treated as missing (0.4884ms)
✔ unit: reordered headings still return phases in canonical plan/build/test/review order (0.4579ms)
✔ unit: CRLF line endings parse identically to LF (1.5722ms)
✔ unit: plan phase with directive present but no explicit fallback token -> canonical fallback (0.2834ms)
✔ unit: plan phase with no model directive at all -> no model key (0.2183ms)
✔ unit: unknown orchestrate-* token in a phase body falls back to the canonical agent (0.1886ms)
✔ Scenario: Defaults mirror the fixed board (3.5982ms)
✔ Scenario: User column between system columns survives normalize (1.954ms)
✔ Scenario: Tampered system column repaired (failure/edge) (0.6731ms)
✔ Scenario: Reserved slug collision rejected (failure) (0.4565ms)
✔ Scenario: Junk input returns a complete default config without throwing (edge) (0.869ms)
✔ Scenario (guard): lib/ticket-lanes.js and lib/ticket-queue.js exports still behave (0.4823ms)
✔ exports the documented constants with expected values (7.8454ms)
✔ RESERVED_SLUGS is a Set containing every VALID_STATUS plus unknown and __wont-do__ (1.6929ms)
✔ defaultConfig returns six canonical system columns with concurrency default (2.0081ms)
✔ defaultConfig returns a fresh object each call (no shared mutable state) (0.4186ms)
✔ defaultConfig has NO failed-testing column (it stays lane-less) (0.3187ms)
✔ normalizeConfig never throws on junk and always returns a complete config (2.0952ms)
✔ normalizeConfig on a valid string round-trips through JSON.parse (1.0064ms)
✔ normalizeConfig re-inserts a missing system column in canonical order with a warning (0.939ms)
✔ normalizeConfig preserves a user column before the first system column (0.5849ms)
✔ normalizeConfig demotes a system-flagged non-system slug to a user column (0.6664ms)
✔ normalizeConfig re-injects done and demotes a renamed done→finished column (0.4098ms)
✔ normalizeConfig drops a duplicate user slug (first wins) with a warning (0.3993ms)
✔ normalizeConfig drops a user column that claims a reserved slug (0.3506ms)
✔ normalizeConfig drops a user column with an invalid slug (0.2883ms)
✔ normalizeConfig round-trips unknown top-level and unknown column fields (0.5164ms)
✔ normalizeConfig preserves a newer version integer untouched (0.2007ms)
✔ normalizeConfig strips a stray warnings field on the input (0.1778ms)
✔ normalizeConfig clamps skill.concurrencyDefault via resolveConcurrency (0.3849ms)
✔ normalizeConfig warns when concurrencyDefault is normalized to a different value (0.2156ms)
✔ normalizeConfig round-trips unknown skill fields (0.169ms)
✔ slugForLabel derives a clean slug from free text (0.4035ms)
✔ slugForLabel clamps to MAX_SLUG_LENGTH with no trailing dash (0.1536ms)
✔ validateNewColumn accepts a fresh valid user column and derives the slug from the label (0.5013ms)
✔ validateNewColumn honours an explicit valid slug (0.2299ms)
✔ validateNewColumn rejects a blank label (0.2036ms)
✔ validateNewColumn rejects reserved slugs (VALID_STATUSES, unknown, __wont-do__) (0.1977ms)
✔ validateNewColumn rejects non-slug characters (0.2349ms)
✔ validateNewColumn rejects a slug longer than MAX_SLUG_LENGTH (0.198ms)
✔ validateNewColumn rejects a slug that collides with an existing user column (0.2509ms)
✔ validateNewColumn rejects a label that produces an empty slug (0.1678ms)
✔ validateNewColumn never throws on junk config (0.347ms)
✔ serializeConfig produces normalized JSON with a trailing newline and no warnings (0.5189ms)
✔ serializeConfig is stable (round-trips through itself) (0.2951ms)
✔ serializeConfig never throws on junk (0.3741ms)
✔ normalizeConfig trims a string agent and nulls a non-string agent (0.3405ms)
✔ Scenario: Default config equals the fixed board (5.159ms)
✔ Scenario: User column gets its own lane (2.7643ms)
✔ Scenario: failed-testing still folds into testing (edge) (0.5072ms)
✔ Scenario: Removed-column status routes to unknown (failure) (0.4099ms)
✔ Scenario (edge): a slug colliding with a system status resolves as the system meaning (0.2384ms)
✔ all pre-existing exports still exist with unchanged names/types (7.2052ms)
✔ pre-existing predicates/behaviour unchanged (spot-check) (0.4415ms)
✔ laneStatusesFor(defaultConfig().columns) equals LANE_STATUSES (1.3102ms)
✔ laneStatusesFor inserts a user column at its anchored position (after testing) (0.4905ms)
✔ laneStatusesFor anchors a user column before the first system column ahead of todo (16.9644ms)
✔ laneStatusesFor never lists failed-testing as a lane (0.5699ms)
✔ laneStatusesFor degrades to LANE_STATUSES for null/[]/junk columns, never throws (0.7047ms)
✔ laneStatusesFor drops malformed entries but keeps the valid user column (0.2451ms)
✔ isUserStatus is true for a declared user column slug (0.2487ms)
✔ isUserStatus is false for system/valid statuses even when passed as columns (0.3531ms)
✔ isUserStatus is false for unknown slugs and junk columns (0.2538ms)
✔ isKnownStatusFor is true for user columns AND all system/valid statuses (0.248ms)
✔ isKnownStatusFor is false for out-of-config statuses (0.1765ms)
✔ isKnownStatusFor with junk columns matches the system-only isKnownStatus (0.2311ms)
✔ laneForStatusFor routes a user column status to its OWN lane (0.1959ms)
✔ laneForStatusFor routes every system lane status to its own lane (0.212ms)
✔ laneForStatusFor folds failed-testing into testing for ANY columns (incl null/junk) (0.1893ms)
✔ laneForStatusFor routes an out-of-config status to UNKNOWN_STATUS, never todo (0.2819ms)
✔ laneForStatusFor: a removed user column status routes to unknown, never todo (0.2585ms)
✔ a user column colliding with a system/valid slug resolves as the SYSTEM meaning (0.1784ms)
✔ isActiveStatus("ux-review") remains false — user statuses are never active (0.1333ms)
✔ Scenario: User status owns a folder (2.279ms)
✔ Scenario: Reconciling into a user folder (1.5473ms)
✔ Scenario: Removed column leaves files alone (edge) (0.3416ms)
✔ Scenario: System statuses unaffected (failure guard) (0.5601ms)
✔ Scenario (edge/failure): junk columns degrade to system-only and never throw (0.6578ms)
✔ folderForStatusWith: a configured user status owns a folder named for it (5.1217ms)
✔ folderForStatusWith: an unconfigured user status owns no folder (null) (0.4312ms)
✔ folderForStatusWith: every system/valid status owns its own folder for any config (0.2743ms)
✔ folderForStatusWith: null/[]/junk columns degrade to folderForStatus exactly (3.1769ms)
✔ folderForStatusWith: a user column colliding with a system slug resolves as system (0.3041ms)
✔ folderForStatusWith: never throws on hostile input (0.4514ms)
✔ folderMatchesStatusWith: true only when the folder equals the configured user folder (0.4454ms)
✔ folderMatchesStatusWith: an unconfigured user status never matches (owns no folder) (0.2402ms)
✔ folderMatchesStatusWith: null/[]/junk columns degrade to folderMatchesStatus exactly (0.5065ms)
✔ reconcileFolderWith: configured user status at top level needs a move to its folder (1.5695ms)
✔ reconcileFolderWith: configured user status in a disagreeing folder moves to its folder (0.3299ms)
✔ reconcileFolderWith: an already-matching configured user status needs no move (0.232ms)
✔ reconcileFolderWith: an unconfigured (removed) user status is left in place (0.2413ms)
✔ reconcileFolderWith: null/[]/junk columns degrade to reconcileFolder exactly (0.6252ms)
✔ reconcileFolderWith: system/valid statuses behave identically to reconcileFolder under any config (0.4647ms)
✔ dedupeByFolder: user-status copies keep the folder-matching copy when columns are attached (0.4429ms)
✔ dedupeByFolder: without a columns field a user status cannot match, so first seen wins (0.1866ms)
✔ dedupeByFolder: system-status entries with NO columns behave exactly as before (0.2368ms)
✔ dedupeByFolder: a removed user column falls back to first-seen (no copy owns a folder) (0.2395ms)
✔ dedupeByFolder: junk columns on an entry never throw and degrade to system-only (0.2815ms)
✔ Scenario: Batch selection skips user columns and free-slot math ignores them (53.8618ms)
✔ Scenario: User-status ticket cannot be claimed (failure) (0.6763ms)
✔ Scenario: Occupancy unchanged by user statuses (edge, mixed board incl. a post-processing-STATUS card) (1.6361ms)
✔ Scenario: Post-processing KIND (not status) is what excludes a claimable-status ticket (3.0798ms)
✔ Scenario: Post-processing KIND outranks the claimed verdict (precedence) (0.5407ms)
✔ Scenario: User-status ticket carrying a foreign agent still reports claimed (precedence) (0.3316ms)
✔ SWARM_STATUSES names exactly the system-owned lifecycle + failed-testing set (3.4246ms)
✔ SWARM_STATUSES mirrors ticket-lanes VALID_STATUSES so the enums cannot drift (0.6062ms)
✔ the claimable set is a strict subset of SWARM_STATUSES (never a user status) (0.5126ms)
✔ isSwarmStatus is true for every swarm status and false for user statuses (3.9169ms)
✔ isUserStatus is true only for concrete out-of-enum slugs (0.389ms)
✔ isUserStatus is false for every swarm-owned status (0.295ms)
✔ isUserStatus('') is false — empty/absent statuses are not user statuses (7.5099ms)
✔ claimTicket refuses a user-status ticket with reason not-claimable (0.6258ms)
✔ claimTicket still grants a todo ticket (claimable set unchanged) (9.1626ms)
✔ a user-status ticket ALSO claimed by a foreign agent reports claimed (precedence) (0.5648ms)
✔ canRunInParallel on a user-status ticket returns ok:false reason not-claimable (0.5928ms)
✔ canRunInParallel not-claimable verdict holds even with free slots available (0.3586ms)
✔ selectNextBatch never returns a user-status ticket (0.4188ms)
✔ slotOccupancyCount ignores user statuses entirely (0.2251ms)
✔ claimTicket refuses a kind:post-processing ticket in a CLAIMABLE status (kind drives it, reason exactly post-processing) (1.7652ms)
✔ canRunInParallel refuses a kind:post-processing ticket by KIND even with free slots (reason post-processing, not no-slots/not-claimable) (0.3457ms)
✔ selectNextBatch never returns a kind:post-processing ticket in a claimable status, but does return the kind-less control (0.3284ms)
✔ KIND guard outranks the claimed verdict: kind:post-processing + foreign agent reports post-processing, not claimed (0.3464ms)
✔ Scenario: no config renders today's six lanes in order, with labels and NO badges (regression) (26.2785ms)
✔ Scenario (regression): the six hardcoded .tasks-lane divs are gone from index.html (0.5145ms)
✔ Scenario: a config inserting ux-review after testing renders seven lanes in order (14.3816ms)
✔ Scenario (edge): a failed-testing ticket folds into Testing with the red marker (17.0927ms)
✔ Scenario (edge): failed-testing still folds into Testing even with a user column present (45.6383ms)
✔ Scenario (failure): a corrupt team-config.json renders defaults and never throws (15.0819ms)
✔ Scenario (failure): a config read failure MID-poll keeps the last good config (23.445ms)
✔ Scenario (failure): a column naming a nonexistent agent renders the badge in warning style (12.2421ms)
✔ Scenario: a column naming a KNOWN agent renders the badge without the warning style (12.5273ms)
✔ Scenario (edge): an out-of-config status routes to the unknown lane, which unhides only when it holds a card (10.0146ms)
✔ Scenario (edge): with no out-of-config tickets, the unknown lane stays hidden (10.5267ms)
✔ Scenario: generated lane count spans report per-lane totals (11.8354ms)
✔ Scenario: only the post-processing lane keeps its "+" Add button, wired to the post-processing create mode (10.5491ms)
✔ Scenario (edge): a user lane removed from config sends its orphaned cards to unknown on the next render (10.8521ms)
✔ unit: normalizeTasksColumns(null) is the six system columns in canonical order (3.221ms)
✔ unit: undefined / non-object / array / no-columns config all fall back to the six system defaults (0.6058ms)
✔ unit: junk ENTRIES inside columns are skipped, defaults still render (0.2856ms)
✔ unit: normalizeTasksColumns never throws on hostile input (0.429ms)
✔ unit: a user column anchors after the last system column preceding it in config (0.4038ms)
✔ unit: a user column before any system column anchors to the very front (0.4403ms)
✔ unit: system columns are always emitted in canonical order regardless of config order (0.2948ms)
✔ unit: a system column may be relabeled but keeps its slot and system flag (0.2537ms)
✔ unit: reserved slugs (valid statuses, unknown, __wont-do__) never become user columns (0.2928ms)
✔ unit: a duplicate user slug is kept once (first wins) (0.4201ms)
✔ unit: invalid slugs (uppercase, spaces, too long, empty) are dropped (0.2801ms)
✔ unit: a valid slug of maximum length is kept; one over the limit is dropped (0.2975ms)
✔ unit: a user column with no label falls back to a prettified slug (0.2392ms)
✔ unit: tasksConfigSig is stable for equal inputs and defaults (0.3891ms)
✔ unit: adding a user column changes the signature (0.2797ms)
✔ unit: changing a label, description or agent each changes the signature (0.3193ms)
✔ unit: reordering user columns changes the signature (order is significant) (0.2355ms)
✔ unit: adding an agent name to the set changes the signature; reordering the set does not (0.2829ms)
✔ unit: a config change the board ignores (an invalid slug) does NOT change the signature (0.1935ms)
[tasks relocate] TASK-15.md -> ux-review Target already exists
[tasks relocate] TASK-15.md -> ux-review Target already exists
✔ Scenario: dropping a todo card on the ux-review lane rewrites it ONCE and files it under tasks/ux-review/ (19.5331ms)
✔ Scenario: reconciliation moves a user-status ticket sitting in the wrong folder into tasks/ux-review/ (7.9787ms)
✔ Scenario: the modal status select lists the configured columns in board order plus "Won't do" (14.5871ms)
✔ Scenario (edge): a ticket whose column was removed renders in unknown and its file is never moved or rewritten (21.2999ms)
✔ Scenario (failure): dropping an in-progress claimed ticket on a user lane is refused with a notice and no write (39.8719ms)
✔ Scenario (security): a status like "../../evil" or ".." never produces a tasks/<slug>/ path (13.0464ms)
✔ Scenario (TASK-120): a user-status relocate onto an occupied ux-review destination refuses and loses nothing (16.2828ms)
✔ Scenario (TASK-120): reconciliation over the ux-review collision does not re-poll and releases the guard (6.301ms)
✔ Scenario (TASK-120): dedupeTicketsByFolder surfaces the id once, the ux-review folder-matching copy winning (5.5482ms)
✔ isSafeTasksSlug: accepts a well-formed user slug (2.8553ms)
✔ isSafeTasksSlug: every system status is also fs-safe (0.3069ms)
✔ isSafeTasksSlug: rejects empty, dot and dot-dot (traversal) (0.196ms)
✔ isSafeTasksSlug: rejects any path separator (0.1874ms)
✔ isSafeTasksSlug: rejects uppercase, over-length and underscore/proto junk (0.2573ms)
✔ isSafeTasksSlug: non-strings never throw and are unsafe (0.262ms)
✔ ticketFolderForStatusWith: a system status owns tasks/<status>/ regardless of userStatuses (0.7898ms)
✔ ticketFolderForStatusWith: a CONFIGURED user column owns its own tasks/<slug>/ (0.3025ms)
✔ ticketFolderForStatusWith: an UNCONFIGURED / removed user status owns no folder (null) (0.3434ms)
✔ ticketFolderForStatusWith: an UNSAFE slug never resolves to a folder even if "configured" (0.3581ms)
✔ ticketFolderForStatusWith: with no/empty userStatuses it is exactly the system-only helper (0.2239ms)
✔ populateTaskStatusOptions: null config → the six system options in board order + "Won't do" (2.0707ms)
✔ populateTaskStatusOptions: a user column is inserted at its board position (in order) (0.4641ms)
✔ populateTaskStatusOptions: rebuilds from scratch (clears any prior options first) (0.3027ms)
✔ populateTaskStatusOptions: a label with markup is written as literal text (textContent, XSS-safe) (0.3215ms)
✔ dedupeTicketsByFolder: userStatuses OMITTED → system-only behaviour (prefers system folder-match) (0.4385ms)
✔ dedupeTicketsByFolder: userStatuses OMITTED → a USER-status copy is NOT treated as folder-matching (0.2033ms)
✔ dedupeTicketsByFolder: WITH userStatuses → a user-column ticket prefers its tasks/<slug>/ copy (0.2467ms)
✔ dedupeTicketsByFolder: distinct ids all survive; id-less entries are dropped (0.293ms)
✔ Scenario: adding "UX Review" after Testing and saving writes ux-review at that position (102.7086ms)
✔ Scenario (failure): system columns have no Remove / no editable slug and cannot be reordered past each other (27.852ms)
✔ Scenario (edge): removing a non-empty user column confirms the count + Unknown and writes only the config (59.6369ms)
✔ Scenario (edge): cancelling the removal confirmation keeps the column and writes nothing (11.4201ms)
✔ Scenario (failure): a column whose derived slug is "testing" is rejected inline with no write (44.2634ms)
✔ Scenario (failure): a corrupt config loads the defaults with a notice and Save writes a repaired file (19.0665ms)
✔ Scenario (edge): a saved agent no longer present is kept selected as "(missing)" with a warning; select lists (none) + real agents (53.3446ms)
✔ tasksSlugForLabel: "UX Review" derives "ux-review" (2.7497ms)
✔ tasksSlugForLabel: strips leading/trailing symbols and collapses runs (0.3829ms)
✔ tasksSlugForLabel: a symbols-only label yields the empty slug (0.3215ms)
✔ tasksSlugForLabel: null / undefined are tolerated (→ "") (0.2733ms)
✔ tasksSlugForLabel: clamps to MAX_SLUG_LENGTH with no trailing dash (0.5998ms)
✔ tasksValidateNewColumn: accepts a fresh valid label (1.7901ms)
✔ tasksValidateNewColumn: rejects a blank label (0.3934ms)
✔ tasksValidateNewColumn: rejects a label that derives to an empty slug (0.2147ms)
✔ tasksValidateNewColumn: rejects reserved slugs (testing / todo / failed-testing / unknown) (0.5494ms)
✔ tasksValidateNewColumn: the reserved set carries every protected slug incl. __wont-do__ (0.4093ms)
✔ tasksValidateNewColumn: rejects a slug that duplicates an existing column (0.482ms)
✔ tasksValidateNewColumn: accepts an array of existing slugs (not only a Set) (0.1913ms)
✔ lib validateNewColumn (mirrored authority): rejects an over-long slug (0.3564ms)
✔ lib validateNewColumn (mirrored authority): rejects a non-slug slug (0.1858ms)
✔ canSwapTeamColumns: a user column may swap with an adjacent system column (0.3064ms)
✔ canSwapTeamColumns: two system columns may NEVER swap (relative order fixed) (0.1975ms)
✔ canSwapTeamColumns: two user columns may swap freely (0.1251ms)
✔ canSwapTeamColumns: out-of-range and self indices are rejected (0.2277ms)
✔ countTeamTicketsForStatus: counts only tickets holding the given status (0.3705ms)
✔ countTeamTicketsForStatus: tolerates a missing tickets map (→ 0) (0.1251ms)
✔ tasksSerializeTeamConfig: emits valid JSON ending in a trailing newline (0.9278ms)
✔ tasksSerializeTeamConfig: drops invalid/reserved/duplicate user columns and keeps canonical order (0.4505ms)
✔ tasksSerializeTeamConfig: re-injects missing system columns (never fewer than the six) (0.319ms)
✔ tasksSerializeTeamConfig: round-trips through lib/team-config.js normalizeConfig (the authority) (1.5916ms)
✔ tasksSerializeTeamConfig: tolerates junk input and still yields the six system columns (0.4288ms)
✔ Scenario: Summary includes a user column — "UX Review 2" appears in board order (10.9098ms)
✔ Scenario: No config regression (edge) — output identical to the current fixed format (0.7294ms)
✔ Scenario: Unknown statuses reported, not hidden (failure) — a ticket in no column becomes an unknown count (0.6476ms)
✔ Scenario (edge): empty board with config still returns the empty sentinel — never throws (0.8934ms)
✔ Scenario (edge): a user label with Slack-meaningful characters is passed through verbatim (escaping is not this layer) (0.6277ms)
✔ user column is counted under its configured LABEL and system lanes keep raw slugs (4.213ms)
✔ lane pieces follow configured board order (user column between its anchor and the next system lane) (13.1877ms)
✔ failed-testing folds into the testing lane count (never its own piece) (0.8659ms)
✔ failed-testing folds into testing even with user columns present (0.5424ms)
✔ an out-of-enum status produces a trailing "unknown N" piece (0.4637ms)
✔ NO "unknown" piece when every ticket routes to a known lane (0.549ms)
✔ the "Currently working on" section counts only defining/in-progress/testing — user columns never inflate it (0.4446ms)
✔ a board with ONLY user-column tickets reports the idle sentinel (no system active work) (0.3157ms)
✔ junk columns degrade to the six fixed system lanes (never throws) (0.6232ms)
✔ a hand-built raw column with system:true renders its raw slug, not its label (0.4238ms)
✔ Scenario: with the skill installed, plan/build/test/review render in order with their agents + models (32.4835ms)
✔ Scenario (edge): deleting .claude/agents/tester.md makes ONLY the test phase warn about the general-purpose fallback (19.607ms)
✔ Scenario (failure): with no SKILL.md the install banner is shown, nothing crashes, and nothing is written (128.8113ms)
✔ Scenario (edge): a modified SKILL.md missing the Phase 3 heading renders a warning and is NOT blank (12.125ms)
✔ Scenario (failure): an installed-but-unreadable SKILL.md degrades to a warning (never blank), and never writes (20.8073ms)
✔ Scenario (edge): refreshing re-reads SKILL.md so a later edit is reflected (no background polling) (34.1557ms)
✔ Scenario (edge): a present-but-malformed tester.md — unreadable (readFile ok:false) — is SKIPPED so the test phase warns, without throwing (15.9784ms)
✔ Scenario (edge): a present-but-malformed tester.md — binary (rr.binary true) — is SKIPPED so the test phase warns, without throwing (15.6042ms)
✔ Scenario (edge): a present-but-malformed tester.md — fence-less / unparseable (parse -> null) — is SKIPPED so the test phase warns, without throwing (17.5815ms)
✔ Scenario (edge): a present-but-malformed tester.md — parseable but nameless (no fm.name) — is SKIPPED so the test phase warns, without throwing (28.3546ms)
✔ unit: renderer mirror constants match the lib source of truth (13.2956ms)
✔ unit: real SKILL.md -> four phases, canonical order, no warnings (4.307ms)
✔ unit: real SKILL.md -> agents match the dedicated orchestrate-* names (1.3209ms)
✔ unit: real SKILL.md -> each phase carries a 1-based headingLine at its `## Phase` heading (13.861ms)
✔ unit: real SKILL.md -> ONLY the plan phase carries the model directive opus-4-8 -> sonnet-5 (1.6813ms)
✔ unit: CRLF line endings parse identically to LF (2.5916ms)
✔ unit: dropping the Phase 3 heading omits test + warns naming phase 3, source untouched (1.2526ms)
✔ unit: dropping multiple phase headings warns for each missing one (1.3023ms)
✔ unit: non-string inputs -> empty phases + a "not a string" warning, never throws (1.3853ms)
✔ unit: empty string -> empty phases + four missing-phase warnings (0.556ms)
✔ unit: binary-garbage string -> four missing-phase warnings, never throws (0.3194ms)
✔ unit: reordered headings still return canonical plan/build/test/review order (0.3799ms)
✔ unit: wfIsFallback is false when the dedicated agent IS present (0.34ms)
✔ unit: wfIsFallback is true when the dedicated agent is ABSENT (0.1599ms)
✔ unit: wfIsFallback never flags the general-purpose fallback itself, and tolerates junk (0.156ms)
✔ Scenario: editing the build/coder phase model to claude-opus-4-8 rewrites ONLY the model line and byte-syncs the mirror (39.6504ms)
✔ Scenario: a phase agent file with no model key gains one in canonical position, all other bytes preserved (46.4575ms)
✔ Scenario: skill.concurrencyDefault 5 with no localStorage seeds the Tasks dropdown to 5 and the build command to --concurrency 5 (14.4664ms)
✔ Scenario (edge): saving a model AND a concurrency default never writes SKILL.md; its bytes stay identical (152.573ms)
✔ Scenario (failure): an out-of-range concurrencyDefault 99 clamps to MAX and Save persists the normalized value, preserving columns (32.3425ms)
✖ Scenario (failure): when the assets mirror is unwritable, the .claude copy still lands and a drift warning names BOTH paths (44.6469ms)
✔ Scenario (failure): a model value with a newline, a leading ---, or an embedded key: is rejected with NO write (157.4487ms)
✔ unit: serializeAgentModel re-emits ba.md byte-identically when the model is unchanged (5.8028ms)
✔ unit: serializeAgentModel changes ONLY the model line on all four bundled agents (round-trip fidelity) (2.0432ms)
✔ unit: serializeAgentModel rewrites only the model VALUE for an agent that already has the key (0.6358ms)
✔ unit: serializeAgentModel INSERTS a model key in canonical position (after tools) for agents lacking one (0.9093ms)
✔ unit: serializeAgentModel returns null for a non-parsed input (guard) (0.3658ms)
✔ unit: sanitizeAgentModelField accepts a bare single-token model id (0.6083ms)
✔ unit: sanitizeAgentModelField REJECTS injection values (newline / --- / embedded key: / bad chars) (0.4322ms)
✔ unit: a rejected model value is never serialized — the editor contract holds (0.6058ms)
✔ unit: precedence — a valid localStorage value WINS over the config default (6.4323ms)
✔ unit: precedence — an out-of-range localStorage value is clamped, still winning over config (42.5174ms)
✔ unit: precedence — with NO localStorage, the config skill.concurrencyDefault is used (7.5595ms)
✔ unit: precedence — an out-of-range config default is clamped (12.7927ms)
✔ unit: precedence — neither localStorage nor config yields TASKS_DEFAULT_CONCURRENCY (31.8802ms)
✔ unit: precedence — a blank/whitespace localStorage value falls through to config (9.9096ms)
✔ unit: precedence — with no folder open the storage key is null; config (or default) is used (10.0355ms)
✔ unit: currentTasksConcurrency never throws and always returns an in-range integer (149.3121ms)
✔ unit: buildWorkingConfigFromRaw preserves version, skill, columns and UNKNOWN top-level fields (1.971ms)
✔ unit: buildWorkingConfigFromRaw never puts version/columns/skill/warnings into extra (0.2701ms)
✔ unit: buildWorkingConfigFromRaw defaults null/junk to version 1, empty skill/extra, no columns (0.4868ms)
✔ unit: buildWorkingConfigFromRaw tolerates a non-object/array skill and non-array columns (0.3837ms)
✔ Scenario: cmd slot on Windows is unchanged (5.7369ms)
✔ Scenario: cmd slot on macOS uses the user's shell (2.6069ms)
✔ Scenario: cmd slot on macOS without $SHELL falls back to /bin/zsh (1.2519ms)
✔ Scenario: cmd slot on Linux without $SHELL falls back to /bin/bash (1.1311ms)
✔ Scenario: bash slot on Windows still requires Git Bash (edge/failure) (1.733ms)
✔ Scenario: bash slot on macOS never probes Git-for-Windows paths (1.3987ms)
✔ Scenario: bash slot on Windows sets CHERE_INVOKING and Git Bash args (win32 no-regression) (1.723ms)
✔ Scenario: worker slot follows the platform split (1.5629ms)
✔ Scenario: worker slot on win32 is unchanged (cmd.exe + \r) (0.5885ms)
✔ Scenario: prompt never detected still autolaunches via fallback (edge) (1.6504ms)
✔ Scenario: unknown shell rejected on every platform (failure) (0.5025ms)
✔ Scenario: Windows folder joins are byte-identical to today (0.3674ms)
✔ Scenario: POSIX folder joins use forward slashes (0.6746ms)
✔ Scenario: base already ending in a separator adds none (edge) (0.4875ms)
✔ Scenario: AWS CLI path on Windows is unchanged (0.8714ms)
✔ Scenario: AWS CLI on macOS comes from PATH (0.5459ms)
✔ Scenario: darwin PATH augmentation for GUI-launched apps (0.3609ms)
✔ Scenario: PATH not duplicated when already correct (edge) (0.2684ms)
✔ Scenario: no PATH mutation on Windows (0.2317ms)
✔ Scenario: install helpers pick platform commands (0.8191ms)
✔ UNIT: resolvePosixShell prefers $SHELL when set (any platform) (1.8896ms)
✔ UNIT: resolvePosixShell trims whitespace around $SHELL (0.2621ms)
✔ UNIT: resolvePosixShell falls back to /bin/zsh on darwin without $SHELL (0.2064ms)
✔ UNIT: resolvePosixShell falls back to /bin/bash on linux without $SHELL (0.1892ms)
✔ UNIT: resolvePosixShell never returns cmd.exe and defaults to /bin/bash for non-darwin (0.2058ms)
✔ UNIT: resolveAwsExe is the fixed Program Files path on win32 (0.1983ms)
✔ UNIT: resolveAwsExe is bare `aws` (from PATH) on darwin and linux (0.9137ms)
✔ UNIT: POSIX_PROMPT_REGEX accepts zsh %, bash $, and root # endings (0.5458ms)
✔ UNIT: POSIX_PROMPT_REGEX rejects non-prompt output (1.3019ms)
✔ UNIT: POSIX_PROMPT_REGEX matches a zsh prompt after ANSI escapes are stripped (2.9118ms)
✔ UNIT: CMD_PROMPT_REGEX matches a Windows drive prompt and rejects POSIX prompts (0.3932ms)
✔ UNIT: BASH_PROMPT_REGEX (git-bash pane on win32) matches $ and # endings (0.2463ms)
✔ UNIT: CMD_AUTOLAUNCH_FALLBACK_MS is the documented 1500 ms (0.1362ms)
✔ UNIT: augmentDarwinPath appends both GUI-missing dirs on darwin when absent (0.4938ms)
✔ UNIT: augmentDarwinPath is idempotent — a second call does not grow PATH (0.2239ms)
✔ UNIT: augmentDarwinPath does not duplicate a dir already present (0.216ms)
✔ UNIT: augmentDarwinPath is a no-op on win32 and linux (0.1425ms)
✔ UNIT: inferSep returns backslash ONLY for a pure Windows path (0.1992ms)
✔ UNIT: inferSep returns forward slash for POSIX paths (0.1619ms)
✔ UNIT: inferSep returns forward slash for a MIXED-separator base (edge) (0.1629ms)
✔ UNIT: inferSep on a separator-less base defaults to forward slash (0.1007ms)
✔ Scenario: Newline in an edited tools value is rejected (5.5474ms)
✔ Scenario: Premature fence via model is rejected (failure) (0.7775ms)
✔ Scenario: Lone carriage return is rejected (0.6441ms)
✔ Scenario: Unicode line separators and control chars are rejected (0.8768ms)
✔ Scenario: Leading --- and array-element injection are rejected (1.5024ms)
✔ Scenario: Malformed key name is rejected (2.9036ms)
✔ Scenario: Folded description path unchanged (0.9318ms)
✔ Scenario: Byte-identical round-trip for bundled agents still holds (regression) (3.7241ms)
✔ Scenario: Legitimate single-line edit still serializes (regression) (1.1812ms)
✔ Scenario: Existing bad-input contract preserved (edge) (0.649ms)
✔ rejects LF, CR, U+2028 and U+2029 in an edited scalar value (returns null) (5.8137ms)
✔ rejects every C0 control char and DEL in an edited scalar value (1.46ms)
✔ rejects a value beginning with --- (with and without leading whitespace) (0.5976ms)
✔ rejects array-element injection: tools = [Read, "x\n---\n"] -> null (0.3211ms)
✔ rejects a freshly formatted key name that cannot re-parse as a top-level key (0.5241ms)
✔ a non-description string value containing a newline is REJECTED (behavior change) (0.2594ms)
✔ allows spaces and normal single-line values (space is not rejected) (0.3838ms)
✔ allows a legitimate array value (joined with ", ") (1.4506ms)
✔ allows --- appearing mid-value (only a leading --- is rejected) (0.3249ms)
✔ allows a dotted/hyphenated fresh key name (0.4943ms)
✔ folded description path unchanged: multi-paragraph serializes as >- and re-parses (1.0946ms)
✔ description is NOT subject to the scalar guard (folded, so newlines are legal there) (0.3772ms)
✔ byte-identical round-trip for all four bundled agents in LF and CRLF (2.6137ms)
✔ unchanged scalar keys re-emit verbatim even when a sibling would be rejected only if edited (0.213ms)
✔ serializeAgentFile returns null and never throws on bad input (0.1956ms)
✔ Scenario: A path-traversal slug never owns a folder (failure) (9.7491ms)
✔ Scenario Outline: unsafe slug ".." is excluded from the user-status set (1.2678ms)
✔ Scenario Outline: unsafe slug "../../evil" is excluded from the user-status set (0.3235ms)
✔ Scenario Outline: unsafe slug "evil/child" is excluded from the user-status set (0.2861ms)
✔ Scenario Outline: unsafe slug "evil\\child" is excluded from the user-status set (0.2226ms)
✔ Scenario Outline: unsafe slug "UX-Review" is excluded from the user-status set (1.3507ms)
✔ Scenario Outline: unsafe slug "ux review" is excluded from the user-status set (0.2443ms)
✔ Scenario Outline: unsafe slug "this-slug-is-way-too-long-to-be-allowed-here-x" is excluded from the user-status set (0.2831ms)
✔ Scenario: A valid user slug keeps working (regression) (0.7625ms)
✔ Scenario: System statuses unaffected under any columns input (2.6489ms)
✔ Scenario: Hostile input never throws (failure) (1.1046ms)
✔ isFsSafeSlug: accepts lowercase/digit/hyphen slugs (2.0164ms)
✔ isFsSafeSlug: length boundary — 1 and 30 accepted, 0 and 31 rejected (0.4409ms)
✔ isFsSafeSlug: rejects path-traversal / separator / drive strings (0.6285ms)
✔ isFsSafeSlug: rejects uppercase, spaces, underscores, unicode, and other punctuation (0.3273ms)
✔ isFsSafeSlug: rejects non-strings without throwing (null/undefined/number/boolean) (0.475ms)
✔ isFsSafeSlug: rejects Symbol without throwing (typeof guard precedes regex) (0.2277ms)
✔ isFsSafeSlug: rejects objects/arrays/functions without throwing (0.3401ms)
✔ isFsSafeSlug: byte-equivalent to team-config isValidUserSlug across a broad matrix (0.3698ms)
✔ gate: an unsafe user column never becomes a user status / lane / folder (1.0362ms)
✔ gate: a safe user column still enters the set and anchors its lane (8.1894ms)
✔ gate: a safe user column alongside an unsafe one keeps the safe lane, drops the unsafe (0.8135ms)
✔ gate: never throws when a column carries a non-string / Symbol status (0.3078ms)
✔ Scenario: same-agent re-entry on a user-status ticket is refused (the bug) (14.2055ms)
✔ Scenario: claimTicket and canRunInParallel agree on the same-agent user-status input (0.8171ms)
✔ Scenario: unclaimed user-status ticket is still refused (0.9143ms)
✔ Scenario: user-status ticket owned by a DIFFERENT agent still reports claimed (1.1402ms)
✔ Scenario: same-agent re-entry on a swarm ACTIVE status still grants (unchanged) (0.7361ms)
✔ Scenario: fresh claimable ticket with status "todo" still grants (unchanged) (1.9948ms)
✔ Scenario: fresh claimable ticket with status "failed-testing" still grants (unchanged) (0.842ms)
✔ Scenario: post-processing precedence still wins over the user-status guard (0.3154ms)
✔ claimTicket refuses a same-agent user-status ticket with reason not-claimable (2.4509ms)
✔ same-agent user-status refusal does NOT stamp in-progress and keeps owner/status (0.6025ms)
✔ same-agent user-status refusal does not bump updated (0.4842ms)
✔ same-agent user-status refusal does not mutate the input frontmatter object (0.3689ms)
✔ claimTicket refuses an UNCLAIMED user-status ticket with not-claimable (0.3218ms)
✔ foreign-agent user-status ticket still reports claimed (precedence over not-claimable) (0.4467ms)
✔ post-processing precedence wins over the user-status guard even same-agent (0.3828ms)
✔ blank agent id refuses no-agent-id first, regardless of user status (0.2246ms)
✔ claimTicket and canRunInParallel both refuse same-agent user status as not-claimable (0.8622ms)
✔ same-agent re-entry on in-progress still grants and bumps updated (0.4181ms)
✔ same-agent re-entry from todo still grants (1.3481ms)
✔ same-agent re-entry from failed-testing still grants (0.1911ms)
✔ same-agent re-entry from testing still grants (0.136ms)
✔ fresh todo ticket still grants to the claiming agent (1.378ms)
✔ fresh failed-testing ticket still grants to the claiming agent (0.245ms)
✔ foreign-claimed swarm ticket still refuses with claimed (0.2662ms)
✔ unowned in-progress ticket refuses with not-claimable (0.1419ms)
✔ unowned testing ticket refuses with not-claimable (0.1148ms)
✔ unowned done ticket refuses with not-claimable (0.0764ms)
✔ blank agent id refuses no-agent-id on a plain todo ticket (0.2812ms)
✔ Scenario (failure): a claim that landed on disk after the last poll is caught by the fresh re-check (20.4693ms)
✔ Scenario: an unclaimed ticket still moves to a user lane with one write + one atomic relocate (11.8259ms)
✔ Scenario: a system-lane target (done) overrides a live on-disk claim with no refusal (7.9301ms)
✔ Scenario (edge): an active but unclaimed (whitespace agent) ticket still moves to a user lane (6.1217ms)
✔ Scenario (edge): a failed fresh read degrades to the snapshot guard and the move proceeds (8.2153ms)
✔ returns the notice string when target is a user lane AND fm is active AND agent is non-empty (32.3888ms)
✔ trims the claiming agent name in the notice (leading/trailing whitespace stripped) (2.0657ms)
✔ falls back to "This ticket" when the fresh frontmatter has no id (2.5632ms)
✔ returns null when the target status is NOT in the user-status set (system lane override) (1.4042ms)
✔ returns null when the fresh fm.status is NOT active (claimed-but-not-active, e.g. done + lingering agent) (2.4174ms)
✔ returns null when the agent field is empty / missing / whitespace-only (active-but-unclaimed) (2.3901ms)
✔ returns null when fm is null/undefined (no crash on a missing frontmatter) (0.8287ms)
✔ returns null when the user-status set is empty (no configured user lanes) (1.4478ms)
✔ Scenario: Degenerate slugs are rejected (failure) (2.3944ms)
✔ Scenario: Well-formed hyphenated names still accepted (0.654ms)
✔ Scenario: Existing rejections unchanged (1.7753ms)
✔ Scenario: RAW Symbol present but hidden (1.8067ms)
✔ Scenario: Editing only the description re-folds it while siblings stay raw (1.5547ms)
✔ Scenario: Editing only the model replaces one line (0.5571ms)
✔ Scenario: Multi-paragraph folded description round-trips (RAW) (6.4419ms)
✔ Scenario: Fresh re-wrap preserves paragraph breaks (1.0304ms)
✔ Scenario: Fresh re-wrap round-trips a double-newline value too (edge) (0.6799ms)
✔ F2: validateAgentName rejects leading/trailing/all-hyphen slugs (13.4955ms)
✔ F2: validateAgentName never throws on degenerate slugs (1.6875ms)
✔ F2: interior-hyphen and single-char names stay valid (1.1474ms)
✔ F2: hyphen guard runs AFTER the char-class check (10.0272ms)
✔ F2: hyphen guard runs BEFORE reserved/duplicate checks (0.2547ms)
✔ F2: pre-existing rejections still hold (1.2039ms)
✔ F2: validateAgentName always returns a {valid,error} shape (0.2874ms)
✔ F3: parsed fm has exactly one own Symbol, non-enumerable, not spread (8.1468ms)
✔ F4: editing ONLY description keeps sibling name/tools/model RAW lines byte-equal (1.3277ms)
✔ F4: editing ONLY model replaces one line; folded description block emitted verbatim (0.7239ms)
✔ F5: fresh-fold of a two-paragraph description round-trips the break (single \n) (0.4724ms)
✔ F5: fresh-fold of a double-\n two-paragraph description round-trips (0.2864ms)
✔ Scenario: renderer and lib mirror maps agree over a representative set (2.0007ms)
✔ Scenario (failure): a mirror path escaping the folder is skipped with ZERO mirror-side fs calls (5.7827ms)
✔ Scenario (failure): backslash-separator traversal is caught and skipped (7.0364ms)
✔ Scenario (failure): canonical path inside the folder but outside assets/ is skipped (4.6428ms)
✔ Scenario: benign `..` canonicalizes to the mapped assets path and still mirrors (13.2634ms)
✔ Scenario (regression): with a valid mapping but no existing mirror, none is created (7.0466ms)
✔ Scenario (failure/regression): primary write fails -> no mirror exists/write attempted (12.931ms)
✔ the subtree arrays are deeply equal across renderer and lib (13.997ms)
✔ mirrorRelPath maps every representative string path identically (10.6182ms)
✔ mirrorRelPath returns null for non-string junk in both copies, without throwing (2.4228ms)
✔ Scenario: Malicious own top-level __proto__ in JSON does not reassign the config prototype (attack) (8.8984ms)
✔ Scenario: own __proto__ inside skill does not reassign the skill prototype (1.5698ms)
✔ Scenario: own __proto__ inside a user column is neutralized (silent, no warning) (1.1558ms)
✔ Scenario: own constructor/prototype keys (top-level + column) never crash normalize (0.6491ms)
✔ Scenario: a column field named like an Object member (toString) round-trips as an own property (0.8487ms)
✔ Scenario: serializeConfig emits clean, idempotent JSON for malicious input (0.6386ms)
✔ Scenario: junk input still never throws and yields a complete config (regression) (3.1221ms)
✔ normalizeConfig: own top-level __proto__ object value does not reassign the config prototype (4.034ms)
✔ normalizeConfig: own top-level __proto__ pushes an "ignored unsafe top-level key" warning (9.8735ms)
✔ normalizeConfig: primitive top-level __proto__ is skipped, not swallowed silently as a mutation (0.4504ms)
✔ normalizeConfig: own __proto__ inside skill keeps skill prototype and clamps concurrency (0.3969ms)
✔ normalizeConfig: unknown safe skill fields still round-trip alongside the guard (0.6502ms)
✔ normalizeConfig: own __proto__ inside a user column keeps the column prototype (silent, no warning) (0.695ms)
✔ normalizeConfig: own __proto__ inside a SYSTEM column keeps its prototype and repairs canonically (2.4839ms)
✔ normalizeConfig: own constructor/prototype keys (top-level) do not throw or reassign (0.6075ms)
✔ normalizeConfig: own constructor/prototype keys on a column do not throw or reassign (0.4614ms)
✔ orderColumn (via normalizeConfig): a column field named toString round-trips as an own property (0.5851ms)
✔ Object-member-named column field survives normalizeConfig→serializeConfig→JSON.parse (0.6349ms)
✔ serializeConfig: malicious input → valid JSON with none of the three dangerous keys (0.9841ms)
✔ serializeConfig: idempotent on malicious input (0.5778ms)
✔ global Object.prototype is never mutated by any prototype-key handling (0.4035ms)
✔ normalizeConfig/serializeConfig never throw on junk (contract preserved) (2.3347ms)
✔ normalizeConfig: __proto__ own key added via Object.defineProperty is also neutralized (0.5331ms)
✔ Scenario: A user column with slug __wont-do__ is never a user status (2.5221ms)
✔ Scenario: __wont-do__ routes to unknown, never todo (0.3908ms)
✔ Scenario: __wont-do__ never appears as a board lane (1.7355ms)
✔ Scenario: __wont-do__ owns no tasks/ folder (51.0899ms)
✔ Scenario: Regression — ux-review unaffected (0.8816ms)
✔ Scenario: Regression — plain "wont-do" (no underscores) still admitted (0.3016ms)
✔ Scenario: Existing reserved exclusions still hold (todo/failed-testing/unknown) (0.3772ms)
✔ Scenario: Junk columns never throw and degrade to system-only behavior (0.8082ms)
✔ Scenario cross-check: all reserved slugs excluded together, board stays fixed (0.6079ms)
✔ isUserStatus("__wont-do__", cols) is false for a non-system __wont-do__ column (4.0036ms)
✔ isKnownStatusFor("__wont-do__", cols) is false (not a user status, not a system status) (0.4538ms)
✔ laneForStatusFor("__wont-do__", cols) is "unknown", never "todo" (0.3259ms)
✔ laneStatusesFor(cols) deep-equals LANE_STATUSES (omits __wont-do__) (1.6453ms)
✔ folderForStatusWith("__wont-do__", cols) is null (0.3176ms)
✔ reconcileFolderWith(..., "__wont-do__", cols) yields { needsMove:false, targetFolder:null } (0.3667ms)
✔ __wont-do__ exclusion holds across duplicate columns (dedupe never resurrects it) (0.3005ms)
✔ whitespace-padded " __wont-do__ " is trimmed then excluded (0.2723ms)
✔ a system:true __wont-do__ column is skipped by the system continue (still excluded) (0.269ms)
✔ plain "wont-do" (no underscores) is still admitted as a user status (0.4363ms)
✔ ux-review is still a user status with its own lane and folder (0.2921ms)
✔ every VALID_STATUSES member + unknown as a non-system slug is still excluded (0.3252ms)
✔ null/[]/junk columns never throw and __wont-do__ stays excluded (0.5134ms)
✔ userStatusSetFor excludes __wont-do__ EXPLICITLY via a local constant (not just isFsSafeSlug) (2.877ms)
✔ lib/ticket-lanes.js does not require lib/team-config.js (no cycle) (0.3587ms)
✔ export surface is unchanged (TASK-098 export guard still holds) (0.2629ms)
✔ Scenario (F2): a configured badge is NEUTRAL when the agents dir is absent (agentNames unknown → not .missing) (43.9474ms)
✔ Scenario (F2): a configured badge is NEUTRAL when the agent set is not-yet-loaded (render before poll) (38.7543ms)
✔ Scenario (F2): .missing appears ONLY for a confirmed Set that lacks the agent; a present agent stays neutral (36.8384ms)
✔ Scenario (F2 edge): a confirmed-EMPTY agents dir (empty Set) warns the configured agent .missing (15.9417ms)
✔ Scenario (F3): valid config renders its lanes; transient read error keeps last-good; a confirmed delete reverts to defaults (14.7009ms)
✔ Scenario (F3 edge): a failed/out-of-root existence probe (ok:false) keeps last-good, does NOT revert (15.9206ms)
✔ F1 unit: default (null) config — renderer normalizeTasksColumns agrees with lib normalizeConfig+laneStatusesFor (4.3158ms)
✔ F1 unit: a user column (ux-review after testing) orders identically in renderer and lib (4.2031ms)
✔ F1 unit: a user column before any system column anchors to the front in BOTH (0.8748ms)
✔ F1 unit: reserved + invalid slugs are dropped identically (only a valid user slug survives) (0.4425ms)
✔ F1 unit: shuffled system columns re-impose canonical order in BOTH (0.4382ms)
✔ F1 unit: a duplicate user slug de-dupes to one lane in BOTH (first wins) (0.3292ms)
✔ F2 unit: agentNames null (unknown) → configured badge is NEUTRAL (no spurious .missing) (2.5211ms)
✔ F2 unit: agentNames = empty Set (confirmed no agents) → configured badge is .missing (0.4279ms)
✔ F2 unit: agentNames = confirmed Set lacking the agent → .missing (7.2313ms)
✔ F2 unit: agentNames = confirmed Set containing the agent → NEUTRAL (0.6193ms)
✔ F2 unit: only a genuine Set is treated as confirmed (a plain array is UNKNOWN → neutral) (0.3349ms)
✔ ticketFolderMatchesStatusWith: a user-status file sitting in its own tasks/<slug>/ matches (3.655ms)
✔ ticketFolderMatchesStatusWith: the stale todo copy of a ux-review ticket does NOT match (0.6173ms)
✔ ticketFolderMatchesStatusWith: a removed-column status owns no folder, so neither copy matches (0.3187ms)
✔ ticketFolderMatchesStatusWith: a system status still matches with no userStatuses (backward compat) (0.2725ms)
✔ dedupeTicketsByFolder: the ux-review folder-matching copy wins when the stale todo copy is seen first (0.4167ms)
✔ dedupeTicketsByFolder: the ux-review copy still wins when it is seen first (order-independent) (0.2927ms)
✔ dedupeTicketsByFolder (edge): with ux-review removed neither copy matches, so first-seen is kept (0.6856ms)
✔ dedupeTicketsByFolder: distinct ids are all preserved (dedupe is per-id, not global) (5.4592ms)
✔ Scenario (F1): a bare number / string / array / null each load the six defaults WITH the "not a valid board config" notice (81.3421ms)
✔ Scenario (F1): an object whose `columns` is present but NOT an array loads defaults WITH the notice (9.1912ms)
✔ Scenario (F1): an object with `columns` ABSENT loads defaults with NO notice (52.2624ms)
✔ Scenario (F1): a valid `columns` array loads with NO notice (22.0065ms)
✔ Scenario (F1 failure): unparseable JSON preserves the /not valid JSON/ notice (not the config-shape one) (12.8944ms)
✔ Scenario (F1): a valid config loads with no notice and Saves unchanged (55.0349ms)
✔ Scenario (F2): skill.concurrencyDefault 99 is clamped to 8 on Save (15.1878ms)
✔ Scenario (F2): skill.concurrencyDefault 0 is clamped up to 1 on Save (22.238ms)
✔ Scenario (F2): a valid in-range concurrencyDefault round-trips unchanged through a Save (9.5425ms)
✔ unit F1: a valid-JSON non-object (number/string/boolean/array/null) sets the "not a valid board config" notice and loads the six defaults (83.0966ms)
✔ unit F1: an object whose `columns` key is present but not an array sets the notice and loads defaults (50.6084ms)
✔ unit F1: an object with `columns` ABSENT loads defaults with NO notice (ordinary first-run fallback) (10.8629ms)
✔ unit F1: an object with a valid `columns` array loads with NO notice (8.0803ms)
✔ unit F1: `columns: null` is treated as absent (== null) — NO notice (10.9377ms)
✔ unit F1: unparseable JSON preserves the /not valid JSON/ notice (not the config-shape one) (7.4725ms)
✔ unit F1: a missing/unreadable file loads defaults with NO notice (10.4446ms)
✔ unit F1: an empty / whitespace-only file loads defaults with NO notice (32.8728ms)
✔ unit F2: skill.concurrencyDefault is clamped to [1,8] on serialize (8.5403ms)
✔ unit F2: junk (non-numeric string) falls back to TASKS_DEFAULT_CONCURRENCY (3) (24.9945ms)
✔ unit F2: an ABSENT concurrencyDefault is left absent (a valid config round-trips unchanged) (20.6652ms)
✔ unit F2: an in-range concurrencyDefault round-trips unchanged (6.539ms)
✔ unit F2 (direct): resolveTasksConcurrency implements the [1,8] clamp used by the serializer (6.521ms)
✔ Scenario: null and undefined columns → identical no-config output on both sides (4.1923ms)
✔ Scenario: an empty columns array degrades to the six system lanes, identically (1.1166ms)
✔ Scenario: a PARTIAL system-columns array re-injects the missing lanes (identical) (1.5931ms)
✔ Scenario: partial system columns PLUS a user column interleave identically (1.702ms)
✔ Scenario: reordered partial system columns still canonicalise identically (1.2478ms)
✔ Scenario: a user column declared before todo sorts ahead of todo, identically (0.6353ms)
✔ Scenario: reserved / invalid user slugs are dropped, identically (0.5331ms)
✔ Scenario (edge): junk columns never throw and match the no-config output (1.8224ms)
✔ Scenario: normalized columns output is BYTE-UNCHANGED vs the pre-change fixed-lane format (10.2883ms)
✔ Scenario: the no-config summary (columns omitted) is identical to lib AND to null columns (0.6011ms)
✔ Scenario (fold): failed-testing folds into the testing lane count and is listed under Failed testing (0.3553ms)
✔ Scenario (edge): "unknown" appears ONLY when an out-of-enum ticket is present (0.3611ms)
✔ Scenario (edge): empty / null tickets return the empty-board sentinel on both sides (0.1984ms)
✔ tasksUserSlugSetFor matches lib userStatusSetFor membership — null (3.0392ms)
✔ tasksUserSlugSetFor matches lib userStatusSetFor membership — undefined (0.2707ms)
✔ tasksUserSlugSetFor matches lib userStatusSetFor membership — empty (0.1847ms)
✔ tasksUserSlugSetFor matches lib userStatusSetFor membership — junk-nonarray (0.2279ms)
✔ tasksUserSlugSetFor matches lib userStatusSetFor membership — junk-entries (0.3102ms)
✔ tasksUserSlugSetFor matches lib userStatusSetFor membership — default-system (0.2069ms)
✔ tasksUserSlugSetFor matches lib userStatusSetFor membership — partial-system (0.2505ms)
✔ tasksUserSlugSetFor matches lib userStatusSetFor membership — reordered-partial (0.175ms)
✔ tasksUserSlugSetFor matches lib userStatusSetFor membership — partial+user (0.4586ms)
✔ tasksUserSlugSetFor matches lib userStatusSetFor membership — user-before-todo (11.1528ms)
✔ tasksUserSlugSetFor matches lib userStatusSetFor membership — reserved-invalid (0.6664ms)
✔ tasksUserSlugSetFor matches lib userStatusSetFor membership — duplicate-user (0.2677ms)
✔ tasksUserSlugSetFor keeps ONLY valid user slugs (reserved/unsafe dropped) (2.0262ms)
✔ tasksUserSlugSetFor de-dupes repeated user slugs (0.1913ms)
✔ tasksLaneStatusesFor matches lib laneStatusesFor — null (0.4933ms)
✔ tasksLaneStatusesFor matches lib laneStatusesFor — undefined (0.1392ms)
✔ tasksLaneStatusesFor matches lib laneStatusesFor — empty (0.109ms)
✔ tasksLaneStatusesFor matches lib laneStatusesFor — junk-nonarray (0.11ms)
✔ tasksLaneStatusesFor matches lib laneStatusesFor — junk-entries (0.2511ms)
✔ tasksLaneStatusesFor matches lib laneStatusesFor — default-system (0.1921ms)
✔ tasksLaneStatusesFor matches lib laneStatusesFor — partial-system (0.1346ms)
✔ tasksLaneStatusesFor matches lib laneStatusesFor — reordered-partial (0.1427ms)
✔ tasksLaneStatusesFor matches lib laneStatusesFor — partial+user (0.4657ms)
✔ tasksLaneStatusesFor matches lib laneStatusesFor — user-before-todo (0.1539ms)
✔ tasksLaneStatusesFor matches lib laneStatusesFor — reserved-invalid (0.1202ms)
✔ tasksLaneStatusesFor matches lib laneStatusesFor — duplicate-user (0.1124ms)
✔ tasksLaneStatusesFor re-injects all six system lanes for a PARTIAL array (0.184ms)
✔ tasksLaneStatusesFor null/junk degrade to the six system lanes (0.2993ms)
✔ tasksLaneStatusesFor interleaves a user column at its anchored position (0.3615ms)
✔ tasksLaneStatusesFor sorts a pre-todo user column ahead of todo (0.355ms)
✔ tasksLaneForStatusFor matches lib laneForStatusFor — null (0.7344ms)
✔ tasksLaneForStatusFor matches lib laneForStatusFor — undefined (0.429ms)
✔ tasksLaneForStatusFor matches lib laneForStatusFor — empty (0.7232ms)
✔ tasksLaneForStatusFor matches lib laneForStatusFor — junk-nonarray (0.1123ms)
✔ tasksLaneForStatusFor matches lib laneForStatusFor — junk-entries (0.427ms)
✔ tasksLaneForStatusFor matches lib laneForStatusFor — default-system (0.1626ms)
✔ tasksLaneForStatusFor matches lib laneForStatusFor — partial-system (0.1299ms)
✔ tasksLaneForStatusFor matches lib laneForStatusFor — reordered-partial (0.1015ms)
✔ tasksLaneForStatusFor matches lib laneForStatusFor — partial+user (0.1272ms)
✔ tasksLaneForStatusFor matches lib laneForStatusFor — user-before-todo (0.1441ms)
✔ tasksLaneForStatusFor matches lib laneForStatusFor — reserved-invalid (1.6579ms)
✔ tasksLaneForStatusFor matches lib laneForStatusFor — duplicate-user (0.1448ms)
✔ tasksLaneForStatusFor: failed-testing folds into testing; system → self; junk → unknown (0.1694ms)
✔ unit: wfIsFallback matches its expected value across the full parity matrix (3.8737ms)
✔ unit: wfIsFallback agrees EXACTLY with lib isFallback for every matrix row (mirror parity) (1.3242ms)
✔ F1 Scenario (failure): a Save whose re-read FAILS falls back to rawConfig — columns/planningModel/unknown fields preserved, concurrency clamped (not reset to defaults) (39.7427ms)
✔ F1 Scenario (edge): a Save-time re-read returning corrupt/empty/binary content also falls back to rawConfig, preserving user data (88.6635ms)
✔ F1 Scenario (happy path): a valid Save-time re-read is still used — a concurrently-added column on disk is preserved, and 99 clamps to MAX (26.3739ms)
✔ F2 Scenario: a successful Save updates tab.tasks.config in-memory so buildCommandFor / currentTasksConcurrency / the toolbar reflect the new default immediately (no poll) (37.2771ms)
✔ F2 Scenario (edge): with a per-folder override present, Save updates tab.tasks.config but the toolbar keeps the explicit user choice (14.4957ms)
✔ F2 Scenario (failure): when the config write FAILS, tab.tasks.config is left unchanged and an error surfaces (14.9267ms)
✔ F1 unit: buildWorkingConfigFromRaw(rawConfig) preserves columns/version/skill.planningModel/unknown fields (keep-last-good) (3.2182ms)
✔ F1 unit: buildWorkingConfigFromRaw(null) collapses to DEFAULTS — the data-loss the fix avoids by never passing null (0.3228ms)
✔ F1 unit: the keep-last-good contrast — serializing rawConfig vs null shows planningModel/columns survive only via rawConfig (1.7618ms)
✔ F2 unit: a config object matching what Save stores in-memory is read by currentTasksConcurrency/buildCommandFor immediately (no poll) (8.0386ms)
✔ F2 unit: the stored in-memory config is a fresh-read shape — an out-of-range Save persists+reflects the CLAMPED value (7.6338ms)
✔ F2 unit: with a per-folder localStorage override, the new in-memory config default does NOT override the explicit user choice (7.1758ms)
✔ UNIT F1: darwin injects both GUI dirs at the FRONT, ahead of /usr/bin (3.0715ms)
✔ UNIT F1: second call on the same env yields an identical PATH string (0.3412ms)
✔ UNIT F1: a third call still does not grow PATH (0.2264ms)
✔ UNIT F1: pre-existing /opt/homebrew/bin is not moved or duplicated (0.38ms)
✔ UNIT F1: when both injected dirs already present (in any order) PATH is unchanged (1.4706ms)
✔ UNIT F1: win32 leaves PATH exactly as-is (0.2535ms)
✔ UNIT F1: linux leaves PATH exactly as-is (0.2206ms)
✔ UNIT F1: off darwin with undefined PATH stays undefined (no key created) (0.1946ms)
✔ UNIT F1: off darwin with empty PATH stays empty (0.266ms)
✔ UNIT F1: darwin with empty/undefined PATH seeds ONLY the two injected dirs (0.3891ms)
✔ Scenario: on win32 the Claude install button runs the PowerShell installer (2.056ms)
✔ Scenario: off win32 the Claude install button is relabelled and runs the curl script (0.6725ms)
✔ Scenario: the Git download button opens the platform-specific download page (0.4646ms)
✔ Scenario: the Git download button no-ops safely when openExternal is unavailable (edge) (0.8963ms)
✔ Scenario: on win32 the Winget button is wired to start the git install (0.3519ms)
✔ Scenario: off win32 the Winget button is hidden and fires nothing (failure/edge path) (0.3399ms)
✔ Scenario: GUI-launched macOS app gets Homebrew dirs prepended ahead of /usr/bin (0.37ms)
✔ Scenario: repeat startup PATH fixes never grow or duplicate PATH (idempotent) (0.2757ms)
✔ Scenario: a pre-existing Homebrew dir is not moved, only the missing dir is prepended (0.3285ms)
✔ Scenario: the startup PATH fix is a no-op off darwin (win32 + linux) (0.5939ms)
✔ Scenario: legitimate ticket write inside the root succeeds (3.3659ms)
✔ Scenario: traversal escaping the root is rejected, no file created (1.6117ms)
✔ Scenario: rename with an out-of-root destination is rejected, source untouched (0.5238ms)
✔ Scenario: rename with an out-of-root SOURCE is also rejected (both-path check) (0.3273ms)
✔ Scenario: in-root rename between lanes still succeeds and honours Target-exists (0.6663ms)
✔ Scenario: mkdir outside every root is rejected, nothing created (0.3653ms)
✔ Scenario: in-root mkdir succeeds (0.3294ms)
✔ Scenario: fs:exists cannot probe outside the roots (no existence oracle) (0.3307ms)
✔ Scenario: in-root fs:exists behaviour unchanged (ok:true, exists reported) (0.6558ms)
✔ Scenario: win32 case/separator quirks still allow a legit in-root write (1.3688ms)
✔ Scenario: empty registry (no folder open) rejects cleanly, never throws (0.6458ms)
✔ Scenario: second opened folder is a valid root; writes inside either succeed (0.4189ms)
✔ Scenario: symlink escape inside the root is rejected (injected realpath) (4.8484ms)
✔ isInsideRoot: exact match and nested child are inside (win32) (17.3241ms)
✔ isInsideRoot: win32 case-folding of drive letter and folder names (0.3313ms)
✔ isInsideRoot: prefix-collision root is NOT inside (proj2 vs proj) (0.2373ms)
✔ isInsideRoot: posix separators and nesting (linux) (0.3166ms)
✔ isInsideRoot: trailing-separator drive root handled unambiguously (win32) (0.2909ms)
✔ isInsideRoots: multiple roots — inside either succeeds, inside neither fails (0.376ms)
✔ isInsideRoots: array form is accepted as well as Set (0.3311ms)
✔ isInsideRoots: empty roots rejects everything (0.2336ms)
✔ isInsideRoots: junk / non-string candidate and junk roots reject cleanly (0.3308ms)
✔ canonicalize: `..` traversal is collapsed by resolve then compared out-of-root (5.2805ms)
✔ canonicalize: in-root nonexistent tail (write/mkdir target) keeps the tail (0.8371ms)
✔ canonicalize: symlink-ancestor escape resolves outside the root (0.5057ms)
✔ canonicalize: never throws even if realpath always fails (0.9513ms)
✔ isPathAllowed: empty registry rejects (0.2916ms)
✔ isPathAllowed: non-string / empty path rejects (0.2478ms)
✔ isPathAllowed: in-root path allowed (0.2723ms)
✔ isPathAllowed: out-of-root path rejected (0.4424ms)
✔ isPathAllowed: never throws even when canonicalize/realpath explodes (0.5153ms)
✔ addRoot / seedRoots / clearRoots manage the live projectRoots Set (0.5233ms)
✔ seedRoots ignores non-array input (0.3152ms)
﹣ real symlink escape is rejected (skips if symlink unavailable) (4.25ms) # symlink not permitted on this host: EPERM
✔ DRIFT GUARD: main.js requires lib/fs-roots (0.4477ms)
✔ DRIFT GUARD: fs:writeFile invokes isPathAllowed before writeFile (1.2659ms)
✔ DRIFT GUARD: fs:rename checks BOTH oldPath and newPath before rename/access (0.9334ms)
✔ DRIFT GUARD: fs:mkdir invokes isPathAllowed before mkdir (0.1813ms)
✔ DRIFT GUARD: fs:exists invokes isPathAllowed before stat (0.1616ms)
✔ DRIFT GUARD: registry seeded in whenReady and extended in dialog:pickFolder (0.1867ms)
✔ Scenario: exclusive-create against an existing agent file aborts and keeps the original bytes (2.5828ms)
✔ Scenario: exclusive-create writes a brand-new file with flag:wx and reports its size (0.6992ms)
✔ Scenario: a default fs:writeFile still overwrites an existing file (editor/ticket save unaffected) (0.5101ms)
✔ Scenario (failure): an out-of-root path is rejected BEFORE any write, with or without exclusive (0.6658ms)
✔ Scenario: add-agent create of a brand-new agent passes {exclusive:true} to the primary write and succeeds (25.3667ms)
✔ Scenario (failure): add-agent refuses a name whose file already exists (pre-check hit) — no write, friendly message (2.3061ms)
✔ Scenario (race): a file that appears after the pre-check triggers wx EEXIST and the SAME no-overwrite message (1.7479ms)
✔ Scenario: saving a mirrored file still overwrites an existing assets/ mirror (mirror stays default-overwrite) (0.5855ms)
✔ Scenario: exclusive add-agent create of a brand-new agent is a mirror no-op (never creates a mirror) (0.4202ms)
✔ fs:writeFile exclusive:true against a PRE-EXISTING file returns {ok:false} EEXIST and does NOT clobber bytes (6.9784ms)
✔ fs:writeFile exclusive:true against a non-existent path succeeds and creates the file with flag:wx (1.2087ms)
✔ fs:writeFile WITHOUT exclusive still OVERWRITES an existing file (default-overwrite regression guard) (0.5211ms)
✔ fs:writeFile with exclusive:false (falsy) also takes the default overwrite branch (1.044ms)
✔ fs-roots guard rejects an out-of-root path with OUTSIDE_ROOT_ERROR when exclusive:true — no write (1.7423ms)
✔ fs-roots guard rejects an out-of-root path with OUTSIDE_ROOT_ERROR when exclusive is absent — no write (3.0725ms)
✔ fs:writeFile never throws across IPC on EEXIST — it returns {ok:false,error} (0.6061ms)
✔ preload fs.writeFile threads opts.exclusive into the invoke payload (defaults off) (0.3982ms)
✔ preload fs.writeFile bridge shape: absent opts yields false, {exclusive:true} yields true (0.4259ms)
✔ renderer writeWithMirror forwards opts to the primary write, mirror stays default-overwrite (0.6781ms)
✔ renderer add-agent onCreate is the exclusive:true opt-in caller and maps EEXIST to the friendly message (2.8646ms)
✔ DRIFT GUARD: fs:writeFile confinement guard runs BEFORE the wx/default write (1.0265ms)
✔ DRIFT GUARD: fs:writeFile has both an exclusive (wx) branch and a default-overwrite branch (0.849ms)
✔ Scenario: refreshTeamBoard neutralizes an object-valued __proto__ from a tampered config (attack) (6.205ms)
✔ Scenario: refreshTeamBoard drops a primitive __proto__ value (edge) (0.5551ms)
✔ Scenario: refreshTeamBoard drops own constructor/prototype keys without crashing (failure) (0.4687ms)
✔ Scenario: tasksSerializeTeamConfig never persists a reserved key (attack) (0.8465ms)
✔ Scenario: buildWorkingConfigFromRaw neutralizes a tampered config (attack) (0.42ms)
✔ Scenario: a well-formed config round-trips identically through the guarded loops (no regression) (1.8339ms)
✔ Scenario: renderer TASKS_UNSAFE_KEYS is in lockstep with lib UNSAFE_KEYS (0.9458ms)
✔ TASKS_UNSAFE_KEYS mirrors lib/team-config.js UNSAFE_KEYS exactly (drift guard) (4.9999ms)
✔ tasksIsUnsafeKey predicate agrees with the set membership (0.4104ms)
✔ tasksSerializeTeamConfig: object-valued __proto__ in extra does not reach the serialized JSON (1.2016ms)
✔ tasksSerializeTeamConfig: primitive __proto__ in extra is dropped, not round-tripped (0.4247ms)
✔ tasksSerializeTeamConfig: constructor/prototype keys in extra are dropped (0.4074ms)
✔ buildWorkingConfigFromRaw: object-valued __proto__ does not reassign extra prototype (0.4088ms)
✔ buildWorkingConfigFromRaw: primitive __proto__ dropped; constructor/prototype dropped (0.3545ms)
✔ refreshTeamBoard: object-valued __proto__ in on-disk JSON does not reassign extra prototype (1.5685ms)
✔ refreshTeamBoard: primitive __proto__ dropped; constructor/prototype dropped (0.4966ms)
✔ well-formed config round-trips identically through all three loops (1.8714ms)
✔ global Object.prototype is never mutated by any of the three renderer loops (0.487ms)
✔ Scenario: fs:readFile of a secret outside the root is rejected, nothing read (5.1695ms)
✔ Scenario: fs:readDir of a directory outside the root is rejected, nothing listed (0.5304ms)
✔ Scenario: fs:findByExt with an out-of-root base is rejected, no walk (0.4511ms)
✔ Scenario: fs:grep with an out-of-root base is rejected, no walk/read (0.4141ms)
✔ Scenario: tasks:installSkill with an out-of-root projectPath is rejected, zero fs mutation (0.4734ms)
✔ Scenario: prompts:append with an out-of-root cwd is rejected, writes nothing (0.4465ms)
✔ Scenario: prompts:write with an out-of-root cwd is rejected, writes nothing (0.4038ms)
✔ Scenario: prompts:clear with an out-of-root cwd is rejected, writes nothing (0.5001ms)
✔ Scenario: prompts:syncFromCloud with an out-of-root cwd is rejected before fetch, writes nothing (0.6298ms)
✔ Scenario: in-root fs:readFile still reads the file (no regression) (0.5559ms)
✔ Scenario: in-root fs:readDir still lists entries (no regression) (23.1808ms)
✔ Scenario: in-root fs:findByExt still walks and returns matches (no regression) (0.4365ms)
✔ Scenario: in-root fs:grep still walks and searches (no regression) (0.4544ms)
✔ Scenario: in-root tasks:installSkill still installs (no regression) (1.6869ms)
✔ Scenario: in-root prompts:append/write/clear/syncFromCloud still write the history (no regression) (0.6639ms)
✔ Scenario: empty registry (no folder open) rejects every gated handler, never throws (0.3731ms)
✔ Scenario: ..-traversal escaping the walk base is rejected before any readdir (0.2019ms)
✔ Scenario: symlink-ancestor escape on a read path is rejected (injected realpath) (0.42ms)
✔ Scenario: reads inside a second opened folder succeed; neither-root reads fail (0.2611ms)
✔ guard rejects an out-of-root read path (fs:readFile filePath — ~/.ssh) (3.8767ms)
✔ guard rejects an out-of-root listing path (fs:readDir dir) (0.387ms)
✔ guard rejects an out-of-root walk base (fs:findByExt / fs:grep root) (0.3409ms)
✔ guard rejects an out-of-root install target (tasks:installSkill projectPath) (0.3667ms)
✔ guard rejects an out-of-root prompts cwd (prompts:append/write/clear/syncFromCloud) (0.3098ms)
✔ guard ALLOWS the in-root read/list/walk/install/prompts paths (no regression) (0.4565ms)
✔ guard rejects EVERY gated path when the registry is empty (no folder open) (0.3409ms)
✔ guard never throws even when realpath explodes (returns a boolean) (5.1926ms)
✔ guard rejects a ..-traversal escaping the walk base (findByExt/grep root) (0.6192ms)
✔ DRIFT GUARD: OUTSIDE_ROOT_ERROR constant is the exact message (1.2479ms)
✔ DRIFT GUARD: fs:readFile gates filePath before fsp.stat (0.5591ms)
✔ DRIFT GUARD: fs:readDir gates dir before fsp.readdir (0.2059ms)
✔ DRIFT GUARD: fs:findByExt gates root before the walk (fsp.readdir) (0.1513ms)
✔ DRIFT GUARD: fs:grep gates root before the walk (fsp.readdir) (0.1609ms)
✔ DRIFT GUARD: tasks:installSkill gates projectPath before fsp.mkdir (0.1492ms)
✔ DRIFT GUARD: prompts:append gates cwd before any history read/write (1.5901ms)
✔ DRIFT GUARD: prompts:write gates cwd before writePromptHistory (0.7858ms)
✔ DRIFT GUARD: prompts:clear gates cwd before writePromptHistory (0.4889ms)
✔ DRIFT GUARD: prompts:syncFromCloud gates cwd before cloud fetch/write (0.8639ms)
✔ DRIFT GUARD: call form matches TASK-126 fs:writeFile exactly (single-arg await) (1.0967ms)
✔ DRIFT GUARD: TASK-126 handlers still gated (writeFile/rename/mkdir/exists unchanged) (0.2935ms)
✔ DOCUMENTED SCOPE BOUNDARY: prompts:read is intentionally left UN-gated (TASK-129 out-of-enumerated-scope) (0.1614ms)
✔ regenerate: success path returns { ok:true, content, reason:"ok" } with the model text (3.8196ms)
✔ regenerate: picks the first type:"text" block, ignoring non-text blocks (0.5636ms)
✔ regenerate: no API key → reason "no-key", NO API call (2.7803ms)
✔ regenerate: empty / whitespace instruction → reason "empty-instruction", NO API call (0.4832ms)
✔ regenerate: empty / whitespace content → reason "empty-content", NO API call (0.8284ms)
✔ regenerate: non-200 status → reason "bad-status", never throws (0.6245ms)
✔ regenerate: malformed / non-JSON body → reason "bad-json", never throws (9.6794ms)
✔ regenerate: empty / non-text content → reason "empty-response" (11.5346ms)
✔ regenerate: network error (httpRequest rejects) → reason "error", never throws (0.7724ms)
✔ regenerate: timeout (httpRequest rejects with a timeout error) → reason "error" (0.6005ms)
✔ regenerate: a null/undefined httpRequest response is treated as bad-status, never throws (0.4845ms)
✔ regenerate: config constants — model claude-sonnet-5, larger max_tokens, generous timeout (0.3008ms)
✔ regenerate: the request handed to the client carries model / maxTokens / timeout / system (0.3422ms)
✔ regenerate: the API key is handed to the transport but NEVER appears in the returned object (0.2991ms)
✔ regenerate: buildUserContent embeds the file and instruction with a delimiter (0.2269ms)
✔ defaultHttpRequest: endpoint, headers and body shape are correct (mocked https, no real network) (12.4623ms)
✔ defaultHttpRequest: a socket error rejects (so regenerateAgentFile can fall back to reason "error") (5.0648ms)
✔ main.js: registers the agents:regenerate IPC handler (0.7734ms)
✔ main.js: declares content + instruction input clamps (defense in depth) (0.7405ms)
✔ main.js: reads ANTHROPIC_API_KEY from the env store and delegates to the lib (0.3565ms)
✔ main.js: the handler returns only { ok, content, reason } — never the raw key (0.6224ms)
✔ serializeAgentEdits: no-op (no fields passed) reproduces ba.md byte-for-byte (2.0483ms)
✔ serializeAgentEdits: re-supplying the SAME field values reproduces ba.md byte-for-byte (0.8381ms)
✔ serializeAgentEdits: no-op (no fields passed) reproduces coder.md byte-for-byte (0.9248ms)
✔ serializeAgentEdits: re-supplying the SAME field values reproduces coder.md byte-for-byte (0.4356ms)
✔ serializeAgentEdits: no-op (no fields passed) reproduces tech-lead.md byte-for-byte (0.4768ms)
✔ serializeAgentEdits: re-supplying the SAME field values reproduces tech-lead.md byte-for-byte (0.4522ms)
✔ serializeAgentEdits: no-op (no fields passed) reproduces tester.md byte-for-byte (0.8274ms)
✔ serializeAgentEdits: re-supplying the SAME field values reproduces tester.md byte-for-byte (0.4735ms)
✔ serializeAgentEdits: editing ONLY the body leaves the frontmatter block byte-identical (0.7576ms)
✔ serializeAgentEdits: empty (trimmed) Tools/Model OMITS the key (empty-means-omit) (0.5999ms)
✔ serializeAgentEdits: a newly-added model is inserted in canonical position (after tools) (0.6152ms)
✔ serializeAgentEdits: CRLF line endings are preserved on a body edit (1.6137ms)
✔ serializeAgentEdits: a file with NO body keeps its no-trailing-EOL shape when body stays empty (0.2578ms)
✔ serializeAgentEdits: description change routes through the folded 2-space-indented path (0.9266ms)
✔ serializeAgentEdits: returns null for a bad parsed object (0.1447ms)
✔ stripOneCodeFence: strips a ```markdown fence wrapping the whole payload (0.2493ms)
✔ stripOneCodeFence: strips a bare ``` fence (0.2742ms)
✔ stripOneCodeFence: leaves an unfenced agent file untouched (0.129ms)
✔ stripOneCodeFence: non-string input yields "" (0.1626ms)
✔ validateRegeneratedAgent: accepts a valid file and returns sanitized fields (0.7286ms)
✔ validateRegeneratedAgent: accepts a valid file wrapped in a ```markdown fence (0.2426ms)
✔ validateRegeneratedAgent: rejects text that does not parse as an agent file (0.1335ms)
✔ validateRegeneratedAgent: rejects a renamed agent (0.2444ms)
✔ validateRegeneratedAgent: rejects an empty description (0.2114ms)
✔ validateRegeneratedAgent: rejects a model scalar that begins with --- (0.1692ms)
✔ validateRegeneratedAgent: rejects a tools value with disallowed characters (0.1542ms)
✔ validateRegeneratedAgent: a file with no tools/model still validates (fields default empty) (0.1483ms)
✔ Scenario: Edit opens a structured editor for all editable parts (name read-only) (16.9697ms)
✔ Scenario: Saving a body-only edit preserves the frontmatter byte-for-byte and refreshes (49.1174ms)
✔ Scenario: Saving with no changes reproduces the file byte-identically (31.6352ms)
✔ Scenario: Invalid scalar field (Model with a line break) is rejected inline with NO write (14.4319ms)
✔ Scenario: Empty description is rejected inline with NO write (14.363ms)
✔ Scenario: Cancel discards all edits, restores the read view, no write (13.0623ms)
✔ Scenario: Mirror-only write failure surfaces a drift warning naming BOTH paths (11.5222ms)
✔ Scenario: A primary-write failure keeps the editor open with the text and shows the error (9.0198ms)
✔ Scenario: Unparseable agent file has no editor and no AI controls (25.3389ms)
✔ Scenario: Successful regeneration previews the result without writing, then Save persists (53.1364ms)
✔ Scenario: Empty instruction makes NO API call (9.8329ms)
✔ Scenario: Missing API key is reported without hitting the API (8.787ms)
✔ Scenario: AI returns malformed frontmatter and is rejected, keeping current values (11.1143ms)
✔ Scenario: AI attempts to rename the agent and is rejected (27.887ms)
✔ Scenario: AI output smuggles a frontmatter injection (model begins with ---) and is rejected (25.459ms)
✔ Scenario: AI output wrapped in a ```markdown code fence is tolerated and previewed (7.2471ms)
✔ Scenario: API failure (non-200) reports an error, re-enables Regenerate, leaves fields unchanged (6.174ms)
✔ Scenario: API timeout (network error) reports an error and leaves the editor untouched (7.4731ms)
✔ Scenario: a response arriving after the folder changed is discarded (no DOM update, no write) (32.2131ms)
✔ Scenario: installing from the Tasks banner offers a restart notice, enables Build, and does NOT relaunch until Restart is clicked (120.1135ms)
✔ Scenario: clicking Restart relaunches the Claude session via the kill-and-respawn path (new session) and removes the notice (166.0372ms)
✔ Scenario: installing from the Workflow panel re-reads the pipeline then shows the SAME shared restart notice (85.4808ms)
✔ Scenario: installing from the Agents panel re-reads the roster then shows the SAME shared restart notice (100.5262ms)
✔ Scenario (edge): with the claude session mid-response, a successful install shows the notice but performs NO automatic relaunch (90.8583ms)
✔ Scenario (edge): on an opencode tab a successful install shows NO restart notice and raises no error (77.8717ms)
✔ Scenario (edge): a claude tab with no live cmd PTY is a safe no-op (no notice, no relaunch) (77.5427ms)
✔ Scenario (edge): only the installing tab shows the notice — a second tab on the same folder is untouched (46.7607ms)
✔ Scenario (failure): tasks:installSkill returning ok:false shows the inline error, no notice, and does NOT flip skillInstalled (97.0607ms)
✔ Scenario (failure): an OUTSIDE_ROOT_ERROR confinement rejection shows the error, writes no notice, and does not flip state — on every surface (249.8983ms)
✔ Scenario (failure): when launchCmdAgent throws on Restart, the error is logged, a manual-restart notice shows, and skillInstalled stays true (184.9836ms)
✔ Scenario (edge): reinstalling with the same button does not stack duplicate restart notices (192.9778ms)
✔ unit: no-op when tab.agent === opencode (17.7252ms)
✔ unit: no-op when no cmd object (1.3503ms)
✔ unit: no-op when cmd.id is falsy (dead PTY) (2.4437ms)
✔ unit: no-op (no throw) when tab or surfaceEl is missing (1.3822ms)
✔ unit: on a claude tab with a live PTY it builds the notice + Restart button with the expected text (2.9668ms)
✔ unit: with no .tasksBoard the notice is appended to the surface (0.8773ms)
✔ unit: with a .tasksBoard child the notice is inserted ABOVE the board (0.7288ms)
✔ unit: launchCmdAgent is NOT called on construction — only when Restart is clicked (30.1162ms)
✔ unit: a successful Restart removes the notice and keeps skillInstalled true (61.3404ms)
✔ unit: a throwing Restart logs the error, swaps to a manual-restart message, keeps the notice + skillInstalled, and re-enables the button (62.9673ms)
✔ unit: calling the helper twice on the same surface leaves exactly ONE notice (no stacking) (0.9288ms)
✔ Scenario: matching by title, case-insensitively (59.6863ms)
✔ Scenario: matching by ticket id (shows "1 of 3 tickets") (23.5935ms)
✔ Scenario: matching by body text (17.5015ms)
✔ Scenario: clearing the query shows the full board again (15.1186ms)
✔ Scenario (edge): a whitespace-only query is treated as empty (13.807ms)
✔ Scenario: the filter survives a live poll re-render (input keeps text + focus) (20.1933ms)
✔ Scenario: a ticket edited on disk mid-filter joins the filtered results (12.9304ms)
✔ Scenario (failure): zero matches shows the no-match message, NOT the empty-board banner (13.8918ms)
✔ Scenario (edge): a genuinely empty board with a query shows ONLY the empty banner (no double message) (9.9912ms)
✔ Scenario (edge): a regex-metacharacter query matches literally and never throws (11.0051ms)
✔ Scenario: archived done cards are filtered inside the expander (12.5407ms)
✔ Scenario: clearing via Escape restores the board (17.2096ms)
✔ Scenario (edge): creating a ticket while filtered clears the search (14.0676ms)
✔ Scenario: switching folders resets the search (15.6006ms)
✔ Scenario: drag and drop still works while filtered (10.375ms)
✔ Scenario: build accounting (running count / continuation) ignores the filter (16.4912ms)
✔ matches on the ticket TITLE, case-insensitively (1.7612ms)
✔ matches on the ticket ID, case-insensitively (0.3002ms)
✔ matches on the ticket BODY text (0.3021ms)
✔ empty / whitespace-only / null query matches EVERYTHING (no filter) (0.2373ms)
✔ a non-empty query is TRIMMED before matching (0.2609ms)
✔ regex metacharacters are matched LITERALLY (never a RegExp, never throws) (7.2583ms)
✔ tolerates a null / undefined ticket without throwing (0.3269ms)
✔ tolerates a missing fm and missing fm.title / body without throwing (0.3905ms)
✔ numeric / non-string fm fields are coerced, not thrown on (0.3734ms)
✔ Scenario: README no longer claims Windows-only (2.6439ms)
✔ Scenario: README requirements are platform-qualified (0.6761ms)
✔ Scenario: README documents Linux as best-effort (edge) (0.4309ms)
✔ Scenario: app-shell and terminals docs match the code (0.7383ms)
✔ Scenario: terminal tab label on macOS (2.0879ms)
✔ Scenario: labels on Windows are byte-identical (regression) (5.2595ms)
✔ Scenario: stale preload falls back to Windows copy (edge) (0.6241ms)
✔ TASK-138 Scenario: claude option relabeled on macOS (0.3878ms)
✔ TASK-138 Scenario: claude option unchanged on Windows (regression) (0.3126ms)
✔ TASK-138 Scenario (edge): stale preload falls back to Windows label (1.4988ms)
✔ TASK-138 Scenario (edge): claude option missing from the select (0.4323ms)
✔ Scenario: bash pane on Linux never probes Git-for-Windows paths (5.6521ms)
✔ Scenario: worker pane on Linux uses the POSIX terminator (2.4263ms)
✔ Scenario: SHELL unset on macOS falls back to zsh (failure path) (2.3285ms)
✔ TASK-139 Scenario: before-strings are pinned to the shipped markup (0.3361ms)
✔ TASK-139 Scenario: relabel selectors are pinned to the shipped markup (0.4258ms)
✔ TASK-139 Scenario (failure): a renamed bash-tab label would fail the "Git Bash" pin (0.2987ms)
✔ TASK-139 Scenario (edge): a gitAuthHint class rename is caught even when the copy is kept (6.7944ms)
✔ TASK-141 Scenario: the empty-state selector structure is pinned (0.3179ms)
✔ TASK-141 Scenario (edge): an empty-msg class rename is caught even when the copy is kept (0.3859ms)
✔ TASK-141 Scenario (edge): a cosmetic bash-tab reorder still passes the loosened pin (0.243ms)
✔ TASK-141 Scenario (failure): removing the tab-btn token from the bash tab fails the loosened pin (0.203ms)
✔ TASK-141 Scenario (edge): a cosmetic opencodeInstallBtn token reorder still passes the loosened pin (0.1816ms)
✔ TASK-141 Scenario (failure): removing the opencodeInstallBtn token fails the loosened pin (0.2511ms)
✔ UNIT: resolvePosixShell prefers $SHELL when set (darwin and linux) (1.8215ms)
✔ UNIT: resolvePosixShell trims surrounding whitespace on a set $SHELL (0.2677ms)
✔ UNIT: resolvePosixShell falls back to /bin/zsh on darwin when $SHELL is unset/blank (0.2298ms)
✔ UNIT: resolvePosixShell falls back to /bin/bash on linux when $SHELL is unset/blank (0.2437ms)
✔ UNIT: resolvePosixShell never returns cmd.exe on any platform/env (1.0195ms)
✔ UNIT: renderer pane-copy relabel is guarded by !isWin() and relabels the bash tab (3.1579ms)
✔ UNIT: renderer empty-state relabel is guarded by !isWin() (0.9859ms)
✔ UNIT: getPlatform falls back to win32 for a stale preload (source-pinned) (0.2609ms)
✔ Scenario: a failed install shows "Install failed. <error>" built via textContent + a <strong> child (never innerHTML), and re-enables the button (81.7934ms)
✔ Scenario: a failed install with no error field falls back to "Install failed. unknown error" (75.933ms)
✔ Scenario (edge/failure): an error string containing markup renders LITERALLY in textContent and parses into NO element nodes (innerHTML never set) (76.3349ms)
✔ Scenario (edge): repeated failed installs do not stack duplicate messages — exactly one <strong> child and one "Install failed." (173.5242ms)
✔ Scenario (edge): a missing .install-banner-text descendant is a safe no-op that still re-enables the button (75.6302ms)
✔ Scenario: the successful-install path is unchanged — banner hidden, banner text untouched, and promptSkillRegistration still runs (75.9465ms)
✔ UNIT drift guard: installOrchestrateSkill never assigns innerHTML (no HTML-injection surface) (1.8769ms)
✔ UNIT drift guard: the failure branch clears the static element then builds nodes via createElement/createTextNode (0.8657ms)
✔ UNIT drift guard: the error fallback + whitespace expression is preserved (0.3089ms)
✔ UNIT drift guard: the textEl null guard and button-restore path are kept (0.3467ms)
✔ UNIT drift guard: stable class-name lookups are unchanged (0.2448ms)
✔ Scenario: a build queued after restart is NOT written while busy, then dispatches once to the NEW session on finished (1293.0447ms)
✔ Scenario: a stale-finished enqueue during the restart race ABORTS on the 300ms re-check, then dispatches once on the new finished (1289.2753ms)
✔ Scenario (failure): across the full restart-then-queue-then-dispatch flow, ZERO writes target the old session and exactly ONE build write total (1937.3234ms)
✔ Scenario (edge): with tab.cmd.id null (mid-kill), tryDispatchNextPrompt writes nothing and leaves queueFiring unset (1279.7877ms)
✔ DRIFT GUARD: every enqueue site keeps the "if (tab.status === finished) tryDispatchNextPrompt(tab)" idle gate (2.7863ms)
✔ DRIFT GUARD: setTabStatus fires tryDispatchNextPrompt only on a transition INTO finished (0.5809ms)
✔ DRIFT GUARD: tryDispatchNextPrompt keeps the null-id guard, the 300ms re-check, and the separate \r submit (0.5748ms)
✔ Scenario: the clear button exposes aria-label="Clear search" (not the bare × glyph) (1.2217ms)
✔ Scenario: the clear button joins the tab order (no tabindex="-1") and un-hides while text is present (48.386ms)
✔ Scenario: activating the clear button clears the search and returns focus to the input (17.2982ms)
✔ Scenario (regression): Escape in the input still clears the search and re-hides the button (13.8596ms)
✔ Scenario (regression): a mouse click on the clear button clears the query and shows all tickets (16.1807ms)
✔ Scenario (edge): an empty search hides the clear button via display:none (out of the tab order) (11.9408ms)
✔ Scenario (edge): the aria-label is a fixed literal present even while the button ships hidden (8.5343ms)
✔ unit: the clear button markup carries aria-label="Clear search" and no tabindex="-1" (1.6713ms)
✔ unit: the load-bearing classes tasksSearchClear / tasks-search-clear / hidden are unchanged (0.5148ms)
✔ unit: renderer.js still resolves the clear button by its .tasksSearchClear class (0.2998ms)
✔ Scenario: a filtered drop on a visible todo card records exactly one reorderTodoTicket call (24.8239ms)
✔ Scenario (edge): a filtered drop on the lower half records before = false (13.1643ms)
✔ Scenario: reordering two visible cards re-indexes the FULL todo list (1..N, no duplicates) (7.0836ms)
✔ Scenario (edge): hidden cards keep relative order; unchanged hidden file is byte-identical, shifted one is rewritten (4.4232ms)
✔ Scenario: dropping a visible card AFTER another (before=false) re-indexes the FULL todo list (1..N, no duplicates) (3.175ms)
✔ Scenario (edge): drop-after leaves the unchanged hidden card byte-identical; shifted cards rewritten (status todo) (2.0527ms)
✔ Scenario (failure): a non-todo dragged/target or a self-drop performs zero writes (1.7133ms)
✔ the persistence half exercises the REAL async reorderTodoTicket/persistTicketOrder source (1.9922ms)
✔ UNIT: claude relabel queries option[value="claude"] and sets "shell · claude" (1.7236ms)
✔ UNIT: claude relabel lives INSIDE the TASK-133 pane-copy !isWin() block (0.2583ms)
✔ UNIT: claude relabel is null-guarded on agentSelect and the queried option (0.2065ms)
✔ UNIT: claude relabel only changes textContent (no value / class / selector rewrite) (1.6248ms)
✔ UNIT: index.html still has <option value="claude">cmd · claude</option> (win32 unchanged) (0.3289ms)
✔ GIVEN: a ticket frontmatter with no activities, WHEN appendActivity is called with cacheReadTokens and cacheCreationTokens, THEN the stored entry carries both (3.5289ms)
✔ GIVEN: two entries carrying cacheReadTokens 100 and 250, WHEN totalActivities is called, THEN the returned cacheReadTokens total is 350, and a field no entry carried is null (0.8757ms)
✔ GIVEN: a ticket with multiple activities carrying cache hits, WHEN the activities frontmatter is serialized, THEN it is a single-line JSON array with no newline characters (0.6441ms)
✔ WHEN: a ticket has activities with persisted cache hits, THEN totalActivities sums them correctly and they can be displayed (0.363ms)
✔ WHEN: some activities carry cache hits and others do not, THEN the modal can render each with its available data (0.3307ms)
✔ SCENARIO (failure): when telemetry is unavailable for an activity, the modal shows only existing persisted data and never fabricates zeroes (0.2356ms)
✔ SCENARIO: cacheCreationTokens of 0 is recorded as distinct from absent, and sums correctly (0.3621ms)
✔ SCENARIO: main.js telemetry:usageForWindow IPC returns { ok: true, usage: <totals>|null } shape and never throws (0.3058ms)
✔ TASK-145 GIVEN: an activity with cacheReadTokens 28905 and cacheCreationTokens 0, WHEN the REAL ticketActivityLineFor renders it, THEN the output contains a "28905/0 cache" fragment (0.7834ms)
✔ TASK-145 GIVEN: an activity with no cache fields, WHEN the REAL ticketActivityLineFor renders it, THEN the output contains no cache fragment (0.5287ms)
✔ TASK-145 GIVEN: an activities log whose entries carry cache hits, WHEN the REAL ticketActivityTotalLine renders it, THEN the totals line contains the summed cache fragment (0.6252ms)
✔ TASK-145 GIVEN: an activities log whose entries carry no cache fields, WHEN the REAL ticketActivityTotalLine renders it, THEN the totals line contains no cache fragment (0.3348ms)
✔ TASK-145 Scenario: an activity row with persisted token/cost numbers does NOT trigger a usageForWindow query (16.0327ms)
✔ TASK-145 Scenario (edge): a returned usage with requests 0 (or empty) appends NO fragment — no fabricated zero (8.2487ms)
✔ TASK-145 Scenario: a successful non-empty usage appends a "(live)" fragment for an un-persisted activity (3.3993ms)
✔ TASK-145 Scenario (failure): a rejected usageForWindow call leaves the row text unchanged and throws no error (2.2401ms)
✔ TASK-145 Scenario (failure): an ok:false / usage:null telemetry result leaves the row text unchanged and throws no error (0.832ms)
✔ Scenario: Build with a finished run writes directly to the PTY (307.8724ms)
✔ Scenario: Build on a brand-new idle session also writes directly (2.3388ms)
✔ Scenario: Direct send carries the folder's chosen concurrency (2.0637ms)
✔ Scenario: Build while a task is running goes through the queue (1.8437ms)
✔ Scenario (edge): Build while Claude is paused on a confirmation menu is held in the queue (1.65ms)
✔ Scenario (edge): Build does not jump ahead of already-queued prompts (1.1733ms)
✔ Scenario (failure): Build with no live PTY session writes nothing and does not throw (1.8161ms)
✔ Scenario (regression): the auto-build loop still uses the prompt queue (2.0418ms)
✔ Scenario (edge): Exactly one build command reaches the PTY per Build click (no duplicate) (299.1319ms)
✔ Scenario (edge): The two-write submit uses text then separate \r after delay (296.0409ms)
✔ Scenario (edge): logPromptEntry is called with build source (2.041ms)
✔ DRIFT GUARD: queueBuild still pushes and guards dispatch on finished (1.6242ms)
✔ DRIFT GUARD: the idle-gate "if (tab.status === 'finished') tryDispatchNextPrompt(tab)" appears at >= 3 sites (0.4372ms)
✔ DRIFT GUARD: startBuildOrQueue implements the no-running-task decision correctly (0.7089ms)
✔ startBuildOrQueue: goes direct when no running task (idle status, live PTY, queue empty, not queueFiring, not awaiting TUI) (3.7016ms)
✔ startBuildOrQueue: delegates to queueBuild when status is busy (0.3065ms)
✔ startBuildOrQueue: delegates to queueBuild when status is waiting (0.26ms)
✔ startBuildOrQueue: delegates to queueBuild when queue is non-empty (0.2557ms)
✔ startBuildOrQueue: delegates to queueBuild when queueFiring is true (0.3122ms)
✔ startBuildOrQueue: delegates to queueBuild when no live PTY session (0.2816ms)
✔ startBuildOrQueue: delegates to queueBuild when awaiting TUI selection (0.296ms)
✔ startBuildOrQueue: direct-sends on brand-new idle session (initial status) (0.2031ms)
✔ buildCommandFor: builds command with resolved concurrency (0.2485ms)
✔ buildCommandFor: uses default concurrency 4 when not set (0.3925ms)
✔ startBuildOrQueue: sets tab status to busy on direct send (0.183ms)
✔ startBuildOrQueue: clears idle timer on direct send (0.172ms)
✔ startBuildOrQueue: writes command then separate \r on direct send (0.3444ms)
✔ startBuildOrQueue: \r write is guarded by tab.cmd && tab.cmd.id (0.2972ms)
✔ startBuildOrQueue: calls logPromptEntry with source "build" on direct send (0.2517ms)
✔ startBuildOrQueue: command does not appear in queue on direct send (0.1802ms)
✔ startBuildOrQueue: command is queued when delegating to queueBuild (0.1793ms)
✔ toggleAutoBuild: returns early when !tab.folder (0.191ms)
✔ toggleAutoBuild: returns early when skill not installed on start branch (0.3098ms)
✔ toggleAutoBuild: stop branch (autoBuild already on) ignores direct-send logic (0.1718ms)
✔ maybeContinueBuild: uses queueBuild path, not direct-send (0.157ms)
✔ autoQueueBuildOnCreate: uses queueBuild path, not direct-send (1.2062ms)
✔ startBuildOrQueue: ensures exactly one command per click (no duplicate dispatch) (0.531ms)
✔ Scenario: All sections start expanded (2.3728ms)
✔ Scenario: Collapsing a section hides only that body (1.7906ms)
✔ Scenario: Expanding a collapsed section shows its body again (0.283ms)
✔ Scenario: Chevron rotates with state (0.5003ms)
✔ Scenario: Keyboard toggle works (0.3799ms)
✔ Scenario: Independent state across sections (0.4094ms)
✔ Scenario: State persists across tab re-activation (0.9192ms)
✔ Scenario: A collapsed section still refreshes its content (1.9191ms)
✔ Scenario (failure): Action buttons in a header do not toggle the section (3.1435ms)
✔ Scenario (failure): Clicking inside a section body never toggles a section (0.624ms)
✔ Scenario: Delegated listener is bound once at tab build time (0.5618ms)
✔ Scenario: aria-expanded attribute reflects state (0.2208ms)
✔ Scenario: Toggle button is keyboard-accessible (0.3008ms)
✔ unit: Agents section starts expanded — no .collapsed class in HTML (2.3157ms)
✔ unit: Workflow section starts expanded — no .collapsed class in HTML (0.3672ms)
✔ unit: Board section starts expanded — no .collapsed class in HTML (0.3193ms)
✔ unit: Each section has a toggle button with aria-expanded="true" (0.3652ms)
✔ unit: Toggle button has aria-expanded attribute for accessibility (0.2749ms)
✔ unit: Toggling a section adds collapsed class and updates aria-expanded (0.4464ms)
✔ unit: Toggling an expanded section twice returns to expanded state (0.2156ms)
✔ unit: Multiple sections maintain independent state (0.2957ms)
✔ unit: CSS rule .team-section.collapsed .team-section-body hides body (0.5562ms)
✔ unit: CSS rule .team-section.collapsed .team-section-toggle rotates chevron (0.7523ms)
✔ unit: .team-section-toggle has transition for smooth rotation (1.1588ms)
✔ unit: .team-section-toggle is unstyled button (background/border/padding reset) (1.0618ms)
✔ unit: .team-section-header has cursor:pointer and user-select:none (0.4526ms)
✔ unit: .team-section-header has hover state (color change) (0.2532ms)
✔ unit: Accordion handler bails on .small-btn clicks (0.1572ms)
✔ unit: Accordion handler requires .team-section-header ancestor (0.3326ms)
✔ unit: Accordion handler verifies section is .team-section (0.2263ms)
✔ unit: Accordion handler toggles .collapsed class on section (0.2628ms)
✔ unit: Accordion handler updates aria-expanded on toggle button (0.2197ms)
✔ unit: Accordion listener exists in renderer.js (0.212ms)
✔ unit: Accordion listener is NOT inside initTeamTab function (0.3183ms)
✔ unit: initTeamTab does not rebuild section elements (0.3619ms)
✔ unit: refreshTeamAgents has node-identity stale-guard (0.5731ms)
✔ unit: refreshTeamWorkflow has node-identity stale-guard (0.4335ms)
✔ unit: refreshTeamBoard has node-identity stale-guard (0.4156ms)
✔ unit: All Team action buttons carry .small-btn class (0.3956ms)
✔ unit: teamBody is registered in the els map (0.2189ms)
✔ unit: teamBody exists in HTML with .teamBody class (0.3152ms)
✔ unit: Drift guard — no .claude/ instruction files were modified by this ticket (0.1023ms)
✔ unit: All three sections have .team-section-header with toggle button (0.2999ms)
✔ unit: Toggle button displays downward-pointing chevron glyph (▾) (0.3036ms)
✔ Scenario: Short label matches full dated telemetry model (2.3058ms)
✔ Scenario: Time window still bounds the match (1.3845ms)
✔ Scenario (edge): Genuinely different model families (0.3294ms)
✔ Scenario (edge): Empty model on either side is not a filter (1.8796ms)
✔ Scenario (junk-safety): modelFamily never throws on null/non-string/no-suffix (1.4341ms)
✔ Scenario (unit): modelFamily strips both YYYYMMDD and YYYY-MM-DD suffix formats (0.7082ms)
✔ Scenario: Multi-row window correlation with mixed families and dates (0.4838ms)
✔ Scenario: Empty window model disables model filter (time window only) (0.2943ms)
✔ Scenario: the Stats tab-btn appears after Team and a data-view="stats" panel exists (4.8655ms)
✔ Scenario: the Stats panel has a "Stats" .view-toolbar and a .statsBody host (0.6528ms)
✔ Scenario (edge): the Stats panel ships hidden — no "active" class on panel or button (0.484ms)
✔ Scenario: renderer registers Stats els and switchSubTab routes "stats" -> initStatsTab (0.5861ms)
✔ Scenario: buildWorkflowView no longer mounts telemetry; initStatsTab does (0.7761ms)
✔ Scenario: initStatsTab clears the body and mounts one telemetry control (1.2513ms)
✔ Scenario (edge): initStatsTab is a no-op when the body is absent and never throws (0.4434ms)
✔ Drift-guard: real initStatsTab matches the replica shape (0.4413ms)
✔ Scenario: .stats-body has padded, scrollable column styles (0.5569ms)
✔ Scenario: Receiver call throws → handler returns { ok: true, usage: null } (5.948ms)
✔ Scenario: Happy path — receiver returns totals → handler returns { ok: true, usage: <totals> } (0.5198ms)
✔ Scenario: No receiver present → returns { ok: true, usage: null } (0.7623ms)
✔ Scenario (edge): Empty window object → handler delegates to receiver, never throws (1.4303ms)
✔ Scenario (edge): Receiver throws non-standard error → caught and returns null (3.4233ms)
✔ Scenario: Handler is async and resolves with the response (1.4093ms)
✔ Scenario: Receiver returns null/undefined → handler returns it as-is (0.4587ms)
✔ Scenario: Repeated calls each independently handle their outcome (0.401ms)
✔ Unit: Handler with valid receiver returns wrapped usage (8.4457ms)
✔ Unit: Handler passes the windowArg to receiver.usageForWindow (1.2831ms)
✔ Unit: Handler catches thrown errors and returns null usage (1.0867ms)
✔ Unit: Handler catches non-Error throws (strings, etc.) (0.3558ms)
✔ Unit: Handler catches nullish throws (0.3187ms)
✔ Unit: Handler catches undefined throws (0.2721ms)
✔ Unit: Handler with null receiver returns null usage (0.2372ms)
✔ Unit: Handler with undefined receiver returns null usage (0.2456ms)
✔ Unit: Handler always returns an object with ok: true (0.8452ms)
✔ Unit: Handler never rejects the Promise (always resolves) (0.6821ms)
✔ Unit: Handler with receiver missing usageForWindow method throws → caught (0.4238ms)
✔ Unit: Handler with receiver.usageForWindow not a function throws → caught (0.4424ms)
✔ Unit: Handler passes through receiver returning null (1.0542ms)
✔ Unit: Handler passes through receiver returning undefined (0.403ms)
✔ Unit: Handler passes through receiver returning empty object (0.2936ms)
✔ Unit: Handler passes through receiver returning 0 (falsy number) (0.4746ms)
✔ Unit: Handler passes through receiver returning false (0.1851ms)
✔ Unit: Handler passes through receiver returning empty string (1.4037ms)
✔ Unit: Handler accepts null window argument (0.2425ms)
✔ Unit: Handler accepts undefined window argument (0.1822ms)
✔ Unit: Handler accepts arbitrary window argument shapes (0.2757ms)
✔ Unit: Handler invokes receiver for each call (stateless) (0.1963ms)
✔ Unit: Handler behavior unchanged when receiver changes its return value (0.1787ms)
✔ Unit: Handler catches errors thrown from within receiver.usageForWindow (0.2229ms)
✔ Unit: Handler is designed for sync receiver.usageForWindow (production is sync) (0.1506ms)
✔ Scenario: A row inherits the project from its OTLP resource attribute (4.6092ms)
✔ Scenario: A percent-encoded project value is decoded (0.4654ms)
✔ Scenario: Two resource blocks tag their own rows (0.7758ms)
✔ Scenario (edge): Missing resource block yields an empty project, not a throw (1.4304ms)
✔ Scenario (edge): A malformed percent-encoded value falls back to the raw string (0.4066ms)
✔ Edge: requestKey does not include project (project is not part of de-dup identity) (0.2946ms)
✔ Edge: empty project attribute value yields project "" (0.3237ms)
✔ Edge: missing project attribute yields project "" (0.787ms)
✔ Edge: null/undefined in resource attributes array is handled gracefully (0.8532ms)
✔ Edge: resource.attributes missing entirely yields project "" (0.5718ms)
✔ Edge: percent-encoding with special Windows path characters (0.4299ms)
✔ Edge: percent-encoding with spaces (0.3093ms)
✔ Edge: buildForwardPayload still emits top-level project field unchanged (0.821ms)
✔ Edge: Multiple api_request records from the same resourceLogs all inherit the same project (0.4181ms)
✔ Edge: non-string project attribute (number, boolean, null) yields project "" (0.2319ms)
✔ Scenario: resourceProject and decodeAttrValue are exported and callable (0.2489ms)
✔ Scenario: A spawn carries the project resource attribute (2.3441ms)
✔ Scenario: The env overlay merges without dropping shell keys (win32 bash) (2.025ms)
✔ Scenario: The renderer reports the full folder path as the active project (2.7013ms)
✔ Scenario (edge): No project means no overlay and unchanged spawn (0.4596ms)
✔ Scenario: spawnTerm includes project: tab.folder in spawnOpts (1.782ms)
✔ Scenario (edge): A single-segment folder path still reports correctly (0.8188ms)
✔ Scenario (edge): hasEnvOverlay helper guards absent/empty/non-object env (0.4607ms)
✔ Scenario: POSIX bash spawn also merges env overlay without dropping TERM (3.5422ms)
✔ Scenario: POSIX cmd (login shell) also merges env overlay without dropping TERM (1.0417ms)
✔ Scenario: Global OTEL_RESOURCE_ATTRIBUTES is overridden by per-spawn overlay (1.6657ms)
✔ Scenario: worker pane also merges env overlay (win32) (1.5684ms)
✔ Scenario: cmd pane merges env overlay (win32) (0.7812ms)
✔ Unit: hasEnvOverlay returns false for undefined (2.599ms)
✔ Unit: hasEnvOverlay returns false for null (0.2788ms)
✔ Unit: hasEnvOverlay returns false for empty object (0.1954ms)
✔ Unit: hasEnvOverlay returns false for non-object types (0.1949ms)
✔ Unit: hasEnvOverlay returns true for non-empty object (0.2795ms)
✔ Unit: hasEnvOverlay returns true for object with empty-string value (0.1992ms)
✔ Unit: win32 cmd spawn with no env overlay uses process.env (0.5607ms)
✔ Unit: win32 cmd spawn with env overlay merges { ...process.env, ...env } (1.3601ms)
✔ Unit: win32 cmd overlay wins when key conflicts with process.env (1.4911ms)
✔ Unit: win32 bash spawn with no env overlay has TERM and CHERE_INVOKING (1.8417ms)
✔ Unit: win32 bash spawn with env overlay preserves TERM and CHERE_INVOKING (3.2923ms)
✔ Unit: win32 bash env merge order is process.env, then shell keys, then overlay (1.6788ms)
✔ Unit: win32 worker spawn with env overlay merges (1.6554ms)
✔ Unit: POSIX cmd spawn with no env overlay has TERM (0.907ms)
✔ Unit: POSIX cmd spawn with env overlay preserves TERM (0.8104ms)
✔ Unit: POSIX bash spawn with env overlay preserves TERM and no CHERE_INVOKING (0.8383ms)
✔ Unit: POSIX worker spawn with env overlay merges (0.7705ms)
✔ Unit: env overlay with multiple keys merges all of them (0.9812ms)
✔ Unit: overlay in one spawn does not affect another spawn (0.9123ms)
✔ Unit: empty env object is treated as no overlay (hasEnvOverlay returns false) (0.4663ms)
✔ Unit: overlay keys override process.env keys even if already in shell defaults (1.6061ms)
✔ Unit: buildOtelProjectEnv is exported from main.js (0.2857ms)
✔ Unit: buildOtelProjectEnv encodes backslashes to %5C (3.0907ms)
✔ Unit: buildOtelProjectEnv encodes forward slashes to %2F (0.551ms)
✔ Unit: buildOtelProjectEnv encodes special characters correctly (0.9319ms)
✔ Unit: buildOtelProjectEnv returns undefined for absent/empty project (mutation guard) (0.1809ms)
✔ Unit: spawnCmd without overlay on win32 uses process.env directly (0.1795ms)
✔ Unit: spawnCmd with overlay on win32 merges { ...process.env, ...env } (1.8213ms)
✔ Unit: spawnBash on win32 without overlay has TERM and CHERE_INVOKING (1.6757ms)
✔ Unit: spawnBash on win32 with overlay merges in order: process.env, shell keys, overlay (1.4445ms)
✔ Unit: spawnPosix without overlay has TERM (1.1894ms)
✔ Unit: spawnPosix with overlay preserves TERM and merges overlay (0.8879ms)
✔ Unit: spawnPosix on linux falls back to bash when SHELL unset (1.0998ms)
✔ Scenario: Rows land in their own project bucket (59.1916ms)
✔ Scenario: Untagged rows fall into the unknown bucket (21.8323ms)
✔ Scenario: Live update carries the changed project (22.7141ms)
✔ Scenario: usageForWindow still spans all buckets (TASK-142 not regressed) (12.0147ms)
✔ Scenario (edge): Reading an unknown project never throws (18.6325ms)
✔ Scenario: getUsageForProject returns { usage, recent } for that project (15.5549ms)
✔ Scenario: clear() clears ALL buckets (7.464ms)
✔ Scenario: setActiveProject coerces junk to empty string, never throws (2.8144ms)
✔ Scenario: getUsage() with no/empty project arg returns activeProject bucket (7.1785ms)
✔ Scenario (regression): the same request_id posted under two different projects is only counted ONCE app-wide (5.3898ms)
✔ Scenario: Per-project recent feed capped independently of global recent (12.1036ms)
✔ Unit: ingestLogs routes rows to correct project buckets (6.9385ms)
✔ Unit: Per-project deduplication by requestKey (0.7497ms)
✔ Unit: usageForProject returns empty totals for unknown project (0.4357ms)
✔ Unit: getUsageForProject returns { usage, recent } for a project (0.6309ms)
✔ Unit: getUsage() defaults to activeProject when set (0.7231ms)
✔ Unit: getUsage("") with empty activeProject returns app-wide (0.3919ms)
✔ Unit: snapshotState includes project and projectUsage (5.4796ms)
✔ Unit: onUpdate receives snapshotState with project and projectUsage (0.7608ms)
✔ Unit: clear() clears all buckets and globalRecent (0.6985ms)
✔ Unit: usageForWindow scans all buckets regardless of project (1.0332ms)
✔ Unit: usageForWindow returns emptyTotals for junk window (0.3708ms)
✔ Unit: ingestMetrics still works app-wide (unchanged) (0.6182ms)
✔ Unit: setActiveProject trims and coerces junk to empty (0.1705ms)
✔ Unit: Multiple rows in same project accumulate per-model (0.3698ms)
✔ Unit: Malformed logs never throw (0.4298ms)
✔ Unit: emit() with onUpdate that throws does not propagate (0.5278ms)
✔ Unit: Per-project recent capped at RECENT_CAP (500) (62.5471ms)
✔ Unit: Global recent also capped at RECENT_CAP (500) (34.3059ms)
✔ Scenario: initStatsTab sets .statsStatus to show the project folder (4.4452ms)
✔ Scenario: two different tab.folder values produce different rendered totals (108.6013ms)
✔ Scenario: the store-online checkbox reflects the mocked config file storeOnline:true on mount (23.3185ms)
✔ Scenario: the store-online checkbox reflects the mocked config file storeOnline:false on mount (8.0206ms)
✔ Scenario: checking the store-online box writes telemetry-config.json AND calls telemetry.setProjectConfig(folder, {storeOnline:true}) (4.044ms)
✔ Scenario: unchecking the store-online box writes storeOnline:false and calls setProjectConfig(folder, {storeOnline:false}) (3.5891ms)
✔ Scenario: a live onUpdate payload for a DIFFERENT project does not mutate displayed totals; one for the SAME project does (3.6742ms)
✔ Scenario (edge): a corrupt/malformed config file leaves the checkbox unchecked without throwing (4.5709ms)
✔ Scenario (edge): a malformed-shape config file (array, not object) leaves the checkbox unchecked without throwing (3.4082ms)
✔ Scenario (edge): no folder open renders the degraded/disabled state without throwing (6.5064ms)
✔ Scenario (edge): buildTelemetryControl(null) / buildTelemetryControl(undefined) never throw (5.2854ms)
✔ Scenario: tab.folder is passed VERBATIM through getUsage / the config file path / setProjectConfig (5.1385ms)
✔ Scenario: prior telemetry listener is detached before re-subscribing (0.5387ms)
✔ Scenario: All user-visible text uses textContent, not innerHTML, to prevent XSS (0.6352ms)
✔ Unit: tasksDefaultProjectTelemetryConfig returns { version: 1, storeOnline: false } (7.2881ms)
✔ Unit: tasksDefaultProjectTelemetryConfig returns a new object each call (0.2703ms)
✔ Unit: normalizeProjectTelemetryConfig returns default when given null (0.3544ms)
✔ Unit: normalizeProjectTelemetryConfig returns default when given undefined (0.2061ms)
✔ Unit: normalizeProjectTelemetryConfig returns default when given an array (0.2255ms)
✔ Unit: normalizeProjectTelemetryConfig returns default when given a primitive (0.4081ms)
✔ Unit: normalizeProjectTelemetryConfig handles corrupt JSON strings gracefully (0.3389ms)
✔ Unit: normalizeProjectTelemetryConfig normalizes valid JSON strings (0.3251ms)
✔ Unit: normalizeProjectTelemetryConfig sets storeOnline to true when boolean true (0.4525ms)
✔ Unit: normalizeProjectTelemetryConfig sets storeOnline to true when string "true" (0.4974ms)
✔ Unit: normalizeProjectTelemetryConfig sets storeOnline to true when number 1 (1.4556ms)
✔ Unit: normalizeProjectTelemetryConfig sets storeOnline to false for any other value (0.2449ms)
✔ Unit: normalizeProjectTelemetryConfig preserves version when valid (0.159ms)
✔ Unit: normalizeProjectTelemetryConfig defaults version to 1 when missing (0.2276ms)
✔ Unit: normalizeProjectTelemetryConfig rejects negative/zero version (0.1438ms)
✔ Unit: normalizeProjectTelemetryConfig floors version to integer (0.1691ms)
✔ Unit: normalizeProjectTelemetryConfig strips unsafe keys (__proto__, constructor, prototype) (0.4161ms)
✔ Unit: normalizeProjectTelemetryConfig preserves unknown safe fields (0.2525ms)
✔ Unit: normalizeProjectTelemetryConfig handles exceptions gracefully (0.5883ms)
✔ Unit: serializeProjectTelemetryConfig returns a string (0.48ms)
✔ Unit: serializeProjectTelemetryConfig ends with newline (0.172ms)
✔ Unit: serializeProjectTelemetryConfig produces valid JSON (0.1508ms)
✔ Unit: serializeProjectTelemetryConfig uses 2-space indentation (0.4007ms)
✔ Unit: serializeProjectTelemetryConfig normalizes before serializing (0.2916ms)
✔ Unit: serializeProjectTelemetryConfig strips unsafe keys even when injected directly (0.2591ms)
✔ Unit: serializeProjectTelemetryConfig round-trips with normalize (0.1832ms)
✔ Integration: load corrupt file → normalize → serialize → round-trip (0.2058ms)
✔ Integration: legacy boolean storeOnline preserved through cycle (0.1648ms)
✔ Integration: string "true" is normalized to boolean true (0.222ms)
✔ Convention: renderer.js documents the lib/telemetry-project-config.js it mirrors (0.448ms)
✔ Re-verification: refresh() always calls telemetry.getUsage(folder) — never a no-arg call (5.8717ms)
✔ Re-verification: the onUpdate handler filters by payload.project === folder (1.0976ms)
✔ Scenario: refresh() and a live onUpdate push for the SAME project report consistent totals, and a push for a DIFFERENT project does not affect the display (72.8693ms)
✔ Scenario: lib/telemetry-receiver getUsage() no-arg is activeProject-scoped, falling back to app-wide only when activeProject is empty (0.9033ms)
✔ Scenario (edge): getUsage() no-arg for an activeProject with no rows yet yields zero totals, not app-wide fallback (0.4003ms)
✔ Scenario: Bucket count never exceeds the cap (259.0855ms)
✔ Scenario: Legitimate multi-project usage is unaffected (35.7131ms)
✔ Scenario (edge): Eviction/overflow never throws (190.4771ms)
✔ Scenario (edge): usageForWindow reflects only retained buckets (LRU-aware) (40.7498ms)
✔ Scenario (edge): LRU eviction respects access patterns (touching re-marks as recent) (91.2277ms)
✔ Scenario (failure): Querying a non-existent/evicted project returns zero totals (1.9129ms)
✔ Unit: MAX_PROJECT_BUCKETS is exported and equals 100 (1.8617ms)
✔ Unit: Receiver creates bucket for first project (4.0808ms)
✔ Unit: Multiple projects under cap all retain data (2.5122ms)
✔ Unit: Inserting past cap triggers LRU eviction of oldest (10.8361ms)
✔ Unit: usageForWindow aggregates across all retained buckets (3.5627ms)
✔ Unit: usageForWindow excludes rows from evicted buckets (4.7295ms)
✔ Unit: Empty project name ("") is a valid bucket (0.4767ms)
✔ Unit: De-duplication works across project boundaries (0.353ms)
✔ Unit: getUsage() aggregates all retained buckets (1.2542ms)
✔ Unit: clear() removes all buckets and resets state (0.5635ms)
✔ Unit: Querying non-existent/evicted project returns zero totals (0.3441ms)
✔ Unit: Recent feed per-bucket is capped at RECENT_CAP (43.4003ms)
✔ Unit: Large burst (many projects in rapid succession) never throws (3.834ms)
✔ Unit: Multiple rows in same project accumulate correctly (0.4393ms)
✔ Unit: Evicted bucket can never be re-inserted (reads stay consistent) (1.6174ms)
✔ Unit: snapshotState includes per-project usage (0.4533ms)
✔ Unit: Different models in same project are aggregated (0.5312ms)
✔ Unit: Buckets Map respects LRU ordering (oldest evicted first) (3.6272ms)
✔ preload getUsage(): no arg → ipcRenderer.invoke("telemetry:getUsage", undefined) (5.4949ms)
✔ preload getUsage(project): bare project string → ipcRenderer.invoke("telemetry:getUsage", project) (0.7937ms)
✔ preload setProjectConfig: sends exact channel + { project, storeOnline: cfg.storeOnline } payload shape (3.0171ms)
✔ preload setProjectConfig: storeOnline: false is forwarded (not coerced/dropped) (0.6796ms)
✔ preload setProjectConfig: cfg is undefined → storeOnline is undefined (cfg && cfg.storeOnline) (6.043ms)
✔ preload setProjectConfig: cfg is null → storeOnline is null (short-circuits, does not throw) (3.3725ms)
✔ preload setProjectConfig: cfg missing storeOnline key → storeOnline is undefined (1.1731ms)
✔ Scenario: No arg given → app-wide default usage is returned via getUsage() (2.7335ms)
✔ Scenario: Bare project name string → per-project usage is returned via getUsageForProject (0.3346ms)
✔ Scenario: { project } object arg → per-project usage is returned via getUsageForProject (0.4632ms)
✔ Scenario: No receiver (telemetry off) → getUsage returns null usage, never throws (0.9651ms)
✔ Scenario: Valid { project, storeOnline: true } → setProjectForwarding called, { ok: true } returned (0.6539ms)
✔ Scenario: No receiver yet (telemetry not started) → safe no-op, still { ok: true } (1.4094ms)
✔ Scenario: Receiver throws while applying the toggle → still { ok: true }, error swallowed (0.5157ms)
✔ getUsage: no arg → calls receiver.getUsage() (app-wide default) (2.9275ms)
✔ getUsage: bare project string arg → calls receiver.getUsageForProject(project) (0.3938ms)
✔ getUsage: { project } object arg → calls receiver.getUsageForProject(project) (1.7329ms)
✔ getUsage: {} object with no project field → falls back to getUsage() (0.4519ms)
✔ getUsage: empty string project → falls back to getUsage() (falsy project) (0.4007ms)
✔ getUsage: no receiver → { ok: true, usage: null }, never throws (0.2753ms)
✔ getUsage: getUsageForProject throws → caught, returns { ok: true, usage: null } (0.3877ms)
✔ getUsage: non-string project field on object arg → falls back to getUsage() (0.3249ms)
✔ setProjectConfig: valid { project, storeOnline } → calls setProjectForwarding with matching args, returns { ok: true } (7.011ms)
✔ setProjectConfig: storeOnline: false is forwarded correctly (not coerced away) (0.8315ms)
✔ setProjectConfig: no receiver → no-ops safely, still returns { ok: true }, never throws (0.2952ms)
✔ setProjectConfig: undefined receiver → no-ops safely, still returns { ok: true } (0.3292ms)
✔ setProjectConfig: receiver.setProjectForwarding throws → caught, still returns { ok: true } (0.7906ms)
✔ setProjectConfig: non-object arg → treated as {}, still returns { ok: true }, never throws (0.2728ms)
✔ setProjectConfig: null arg → treated as {}, still returns { ok: true } (0.4573ms)
✔ Scenario: setProjectForwarding with more distinct project values than cap never throws and cap is enforced (117.0914ms)
✔ Scenario: setProjectForwarding called for 5 distinct real project folders records them correctly (29.9827ms)
✔ Scenario (edge): Rapid burst of thousands of distinct setProjectForwarding calls never throws and Map remains bounded (10.2707ms)
✔ Scenario: Oldest project-forwarding entry is evicted when new distinct project exceeds cap (164.7589ms)
✔ Scenario: setProjectForwarding coerces junk project input to empty string and enabled to strict boolean (0.5847ms)
✔ Scenario: MAX_PROJECT_FORWARDING constant matches MAX_PROJECT_BUCKETS (0.2397ms)
✔ Unit: setProjectForwarding returns the coerced boolean value (5.3229ms)
✔ Unit: setProjectForwarding coerces non-string project to empty string (0.4057ms)
✔ Unit: setProjectForwarding never throws (0.3956ms)
✔ Unit: setProjectForwarding with identical project touches it (re-enables/disables without eviction) (0.285ms)
✔ Unit: setProjectForwarding can be called many times within the cap without issues (0.398ms)
✔ Unit: setProjectForwarding with cap + 1 distinct projects never throws (0.4109ms)
✔ Unit: Large batch of distinct setProjectForwarding calls completes without throw (6.4725ms)
✔ Unit: setProjectForwarding with MAX_PROJECT_FORWARDING = MAX_PROJECT_BUCKETS (2.3211ms)
✔ Unit: setProjectForwarding alternating toggle on same project multiple times (1.3223ms)
✔ Unit: setProjectForwarding with whitespace and special characters in project name (3.3558ms)
✔ Unit: Empty string project (default bucket) is handled the same as named projects (2.7549ms)
✔ Unit: setProjectForwarding respects the cap boundary at exactly MAX_PROJECT_FORWARDING (0.4054ms)
✔ Unit: Multiple receivers have independent projectForwarding Maps (0.2887ms)
✔ Unit: setProjectForwarding behavior is stable across receiver lifetime (0.2384ms)
✔ Unit: Rapid same-project toggling does not trigger evictions (1.5309ms)
✔ Unit: setProjectForwarding with sequential overflow tests LRU order (4.7024ms)
✔ telemetry:getUsage no-arg shape: { usage, metricTotals, running, recent } (36.437ms)
✔ telemetry:getUsage project-scoped shape: { usage, recent } only — no metricTotals/running (7.9767ms)
✔ telemetry:getUsage { project } object-arg shape matches the bare-string project-scoped shape (2.9707ms)
✔ Scenario: defaultConfig carries the four phases (10.0713ms)
✔ Scenario: normalizeConfig fills a missing phase (3.7969ms)
✔ Scenario: unknown phase key is dropped (0.7993ms)
✔ Scenario: column phase link normalises to a valid phase (0.7537ms)
✔ Scenario: column phase round-trips through serializeConfig (0.5793ms)
✔ Scenario: invalid column phase is nulled (failure/edge) (3.3201ms)
✔ Scenario: enabled coercion (failure/edge) (0.5863ms)
✔ Scenario: null/junk raw input always produces a valid config (edge) (0.9699ms)
✔ Scenario: skill.phases as non-object → replaced with defaults (edge) (0.5996ms)
✔ Scenario: phase value not an object → replaced with defaults (edge) (0.5144ms)
✔ Scenario: unsafe phase keys are dropped (edge) (0.4837ms)
✔ Scenario: order collisions are permitted (no re-sequencing) (0.2876ms)
✔ Scenario: CONFIG_VERSION handling unchanged (newer version round-trips) (0.3934ms)
✔ Scenario: historic config without phases gains defaults silently (0.4817ms)
✔ Scenario: Serialization is idempotent (round-trip) (0.5326ms)
✔ PHASE_KEYS exports the four canonical phase keys from PHASE_SPECS (4.7721ms)
✔ PHASE_DEFAULTS has exactly the four keys with correct defaults (0.4033ms)
✔ defaultConfig includes skill.phases with all four canonical keys (0.8168ms)
✔ defaultConfig phases match PHASE_DEFAULTS (plan/build/test enabled, review disabled) (0.3418ms)
✔ defaultConfig creates fresh phase objects on each call (no shared state) (0.3947ms)
✔ normalizeConfig fills a missing phase key with defaults and warns (1.3614ms)
✔ normalizeConfig drops unknown phase key and warns (0.594ms)
✔ normalizeConfig safely drops unsafe phase keys (__proto__/constructor) (1.4459ms)
✔ normalizeConfig coerces enabled: non-boolean becomes true with warning (0.5568ms)
✔ normalizeConfig coerces order: invalid value becomes canonical default with warning (0.6276ms)
✔ normalizeConfig handles order collisions (both phases with order 2) (0.3884ms)
✔ normalizeConfig handles a phase value that is not an object (0.5614ms)
✔ normalizeConfig includes skill.phases in output (0.3013ms)
✔ normalizeConfig preserves valid skill.phases (0.2211ms)
✔ normalizeConfig keeps a valid column phase string (0.402ms)
✔ normalizeConfig nulls an invalid column phase and warns (0.3271ms)
✔ normalizeConfig nulls non-string column phase values (0.2753ms)
✔ normalizeConfig nulls a missing/null column phase without warning (0.2808ms)
✔ normalizeConfig on a column with a valid phase keeps it (0.2499ms)
✔ normalizeConfig normalizes invalid column phase to null with warning (0.2564ms)
✔ defaultConfig system columns start with phase: null (0.1611ms)
✔ normalizeConfig adds phase field to columns if missing (0.2903ms)
✔ serializeConfig round-trips a valid config with skill.phases (0.2984ms)
✔ serializeConfig produces byte-stable idempotent output (0.2258ms)
✔ serializeConfig strips the transient warnings field (0.2756ms)
✔ serializeConfig preserves unknown top-level and skill fields (0.3674ms)
✔ validateNewColumn returns ok:true for a valid new column (0.4176ms)
✔ validateNewColumn does not require or default phase (0.2304ms)
✔ Columns include phase field and it serializes in canonical order (0.2449ms)
✔ normalizeConfig with missing skill.phases defaults to all four phases (0.2109ms)
✔ normalizeConfig with skill.phases as non-object defaults and warns (0.3437ms)
✔ normalizeConfig with no skill object creates defaults (0.2275ms)
▶ E2E cucumber: phase-enabled config section exists and documents the enabled check
  ✔ Given SKILL.md defines phase-enabled config, When we read the Phase-enabled config section, Then it documents consulting skill.phases.<phase>.enabled before dispatch (3.2219ms)
✔ E2E cucumber: phase-enabled config section exists and documents the enabled check (4.5357ms)
▶ E2E cucumber: review defaults disabled when config absent
  ✔ Given a project with no skill.phases in team-config, When SKILL.md documents the defaults, Then it states plan/build/test default enabled but review defaults disabled (0.9142ms)
✔ E2E cucumber: review defaults disabled when config absent (1.3137ms)
▶ E2E cucumber: review disabled skips the tech-lead dispatch
  ✔ Given team-config skill.phases.review.enabled is false, When SKILL.md Phase 4 prose is read, Then it states the flow becomes testing -> post-processing -> done with no review dispatch (2.2162ms)
✔ E2E cucumber: review disabled skips the tech-lead dispatch (2.6375ms)
▶ E2E cucumber: post-processing still runs when review skipped
  ✔ Given review is disabled, When the prose describes the skip, Then post-processing is still applied before done (skipping review must not skip post-processing) (1.1756ms)
✔ E2E cucumber: post-processing still runs when review skipped (1.5848ms)
▶ E2E cucumber: order dispatch follows configured sequence literally
  ✔ Given configured ascending order in skill.phases.<phase>.order, When we read how dispatch proceeds, Then it states phases dispatch in ascending order, followed literally, with end-of-run deviation reporting (0.8462ms)
✔ E2E cucumber: order dispatch follows configured sequence literally (1.5909ms)
▶ E2E cucumber: enum is preserved — no new status introduced
  ✔ When the phase-skip prose is read, Then it states no new status is introduced and writes stay whole-file atomic (0.917ms)
✔ E2E cucumber: enum is preserved — no new status introduced (1.2929ms)
▶ E2E cucumber: only review is meaningfully skippable
  ✔ Given the phase-skip feature, When we read which phases can skip, Then it states review is the ONLY meaningfully skippable phase; build/test are out of scope (4.4587ms)
✔ E2E cucumber: only review is meaningfully skippable (4.8864ms)
▶ E2E cucumber: both SKILL.md copies are byte-identical (drift guard)
  ✔ Given .claude/skills/orchestrate/SKILL.md and assets/skills/orchestrate/SKILL.md, When we compare their raw bytes, Then they are byte-for-byte identical (1.9229ms)
✔ E2E cucumber: both SKILL.md copies are byte-identical (drift guard) (2.4927ms)
▶ E2E cucumber: other phase prose is untouched (spot check)
  ✔ Given the phase-skip changes to Phase 4, When we check other phases, Then Phase 1, 2, 3 prose still contains their expected key concepts (0.8758ms)
✔ E2E cucumber: other phase prose is untouched (spot check) (1.2461ms)
✔ UNIT: SKILL.md documents skill.phases.<phase>.enabled pattern (4.3104ms)
✔ UNIT: SKILL.md documents review defaults disabled (intentional asymmetry) (1.2952ms)
✔ UNIT: SKILL.md documents ascending order dispatch with literal follow (2.0659ms)
✔ UNIT: SKILL.md reaffirms no new status and whole-file atomic writes (0.772ms)
✔ UNIT: SKILL.md states review is the only meaningfully skippable phase (0.644ms)
✔ UNIT: Phase 4 section explicitly documents review skip when disabled (0.589ms)
✔ UNIT: Phase 4 explicitly states post-processing still runs when review is skipped (0.5724ms)
✔ UNIT: Both SKILL.md copies are byte-identical (1.577ms)
✔ UNIT: lib/skill-workflow parseWorkflow still parses all four phases cleanly (3.7694ms)
✔ UNIT: parseWorkflow on assets SKILL.md also works cleanly (1.804ms)
✔ UNIT: Other phase prose (1, 2, 3) still contains expected key concepts (2.2727ms)
✔ UNIT: tech-lead.md is referenced and exists in both locations (1.7885ms)
✔ UNIT: State-consistency rules section reaffirms the enum and atomic write invariants (0.6153ms)
✔ Scenario: review phase renders with disabled toggle and disabled badge when disabled (40.496ms)
✔ Scenario: toggle controls render and are interactive locally (100.2479ms)
✔ Scenario: order controls and order value display render correctly (16.8153ms)
✔ Scenario (edge): dependency-violating order shows warnings when configured (32.6453ms)
✔ Scenario (edge): multiple dependency violations all show warnings (16.1201ms)
✔ Scenario (AC verification): all four phases render with correct enable/order defaults (37.0783ms)
✔ Scenario (AC verification): SKILL.md is never written when saving phase config (125.7318ms)
✔ unit: wfNormalizePhaseConfig returns all four canonical phases with defaults when config absent (3.7654ms)
✔ unit: wfNormalizePhaseConfig tolerates null/undefined skill.phases (0.5057ms)
✔ unit: wfNormalizePhaseConfig preserves explicit enabled/order values (0.6117ms)
✔ unit: wfNormalizePhaseConfig defaults invalid enabled values to the canonical default (0.3391ms)
✔ unit: wfNormalizePhaseConfig defaults invalid order values to the canonical default (0.2823ms)
✔ unit: wfNormalizePhaseConfig tolerates junk top-level keys (0.2457ms)
✔ unit: wfSortedPhaseKeys sorts by order value (1.6853ms)
✔ unit: wfSortedPhaseKeys breaks ties by canonical WF_PHASE_SPECS index (0.271ms)
✔ unit: wfSortedPhaseKeys handles a subset of phase keys (0.3706ms)
✔ unit: wfSortedPhaseKeys handles order collisions (all with same order) (0.5035ms)
✔ unit: wfPhaseOrderWarnings returns empty object when order is correct (0.5796ms)
✔ unit: wfPhaseOrderWarnings flags build before plan (0.9909ms)
✔ unit: wfPhaseOrderWarnings flags test before build (0.4448ms)
✔ unit: wfPhaseOrderWarnings flags review before test (0.2963ms)
✔ unit: wfPhaseOrderWarnings can flag multiple violations simultaneously (0.2048ms)
✔ unit: wfPhaseOrderWarnings checks order regardless of enabled flag (0.2914ms)
✔ unit: buildWorkingConfigFromRaw preserves columns (0.3361ms)
✔ unit: buildWorkingConfigFromRaw preserves version (0.1925ms)
✔ unit: buildWorkingConfigFromRaw defaults version to 1 when absent (0.1343ms)
✔ unit: buildWorkingConfigFromRaw preserves skill object (0.1697ms)
✔ unit: buildWorkingConfigFromRaw preserves unknown top-level fields (safe ones) (0.2189ms)
✔ unit: buildWorkingConfigFromRaw SKIPS prototype-poisoning keys (0.1181ms)
✔ unit: buildWorkingConfigFromRaw tolerates null/undefined input (0.1661ms)
✔ unit: buildWorkingConfigFromRaw handles non-object skill gracefully (0.2417ms)
✔ unit: buildWorkingConfigFromRaw defaults columns to empty array when absent (1.2279ms)
✔ unit: buildWorkingConfigFromRaw ignores non-array columns (0.191ms)
✔ Scenario: link a user column to a phase (3.1222ms)
✔ Scenario (edge): second link to already-linked phase does not re-flip (0.5053ms)
✔ Scenario: system column can be linked explicitly (0.5529ms)
✔ Scenario: clearing a link (0.4023ms)
✔ Scenario (edge): phase link round-trips (0.5782ms)
✔ Scenario (failure/edge): tampered phase value rejected at serialization (2.4635ms)
✔ DRIFT GUARD: Phase select HTML exists in buildTeamColumnRow (0.868ms)
✔ DRIFT GUARD: Phase options include (none) and all four phase keys (1.6461ms)
✖ DRIFT GUARD: Phase normalization applied before persistence (3.6275ms)
✔ DRIFT GUARD: Auto-enable flip applied in saveTeamBoardConfig (0.987ms)
✔ DRIFT GUARD: baselinePhaseLinks snapshotted in refreshTeamBoard (1.1096ms)
✔ DRIFT GUARD: Phase select value seeded from col.phase via tasksNormalizeColumnPhase (1.2126ms)
✔ DRIFT GUARD: Phase select change updates col.phase and marks dirty (1.0969ms)
✔ DRIFT GUARD: New columns start with phase null (0.8238ms)
✔ DRIFT GUARD: TASKS_PHASE_KEYS defined with all four phases (1.418ms)
✖ DRIFT GUARD: TASKS_PHASE_ENABLED_DEFAULTS review defaults to false (1.5189ms)
✔ DRIFT GUARD: Phase help text mentions the four phase keys (0.5452ms)
✔ tasksNormalizeColumnPhase: "review" is a valid phase (3.2948ms)
✔ tasksNormalizeColumnPhase: all four canonical keys are valid (0.3055ms)
✔ tasksNormalizeColumnPhase: unknown string becomes null (0.2351ms)
✔ tasksNormalizeColumnPhase: missing/null/undefined becomes null (0.2416ms)
✔ tasksNormalizeColumnPhase: non-string types become null (0.321ms)
✔ tasksPhaseLinkCounts: empty columns → all zeros (4.3383ms)
✔ tasksPhaseLinkCounts: one column linked to review (0.3091ms)
✔ tasksPhaseLinkCounts: multiple columns linked to the same phase (0.2398ms)
✔ tasksPhaseLinkCounts: all four phases linked (0.309ms)
✔ tasksPhaseLinkCounts: tolerates null/junk entries (3.8976ms)
✔ tasksPhaseLinkCounts: null columns array → all zeros (0.429ms)
✔ tasksApplyPhaseAutoEnable: zero→one transition flips a disabled phase to enabled (0.507ms)
✖ tasksApplyPhaseAutoEnable: zero→one on plan (default disabled behavior) (0.4844ms)
✔ tasksApplyPhaseAutoEnable: zero→one when phase entry is missing → flips if default was disabled (0.2292ms)
✔ tasksApplyPhaseAutoEnable (edge): second link to review does NOT re-flip (0.1986ms)
✔ tasksApplyPhaseAutoEnable (edge): zero→one but phase already enabled → no-op (0.2022ms)
✔ tasksApplyPhaseAutoEnable (edge): zero→zero (link cleared) → no flip (0.3411ms)
✔ tasksApplyPhaseAutoEnable: multiple phases zero→one in same save (0.2727ms)
✔ tasksApplyPhaseAutoEnable: preserves existing order, sets default for new (3.7263ms)
✖ tasksApplyPhaseAutoEnable: assigns canonical order on missing phase (zero-index) (0.3274ms)
✔ tasksApplyPhaseAutoEnable (edge): calling twice with same inputs is idempotent (1.571ms)
✔ tasksApplyPhaseAutoEnable: ignores columns with invalid phase values (0.1612ms)
✔ TASKS_PHASE_ENABLED_DEFAULTS: plan/build/test default true, review false (0.1114ms)
✔ TASKS_PHASE_KEYS: all four canonical phase keys present (0.1808ms)
✔ TASKS_ACTIVE_STATUSES is exactly the actively-worked states (14.1716ms)
✔ the dot is gated on TASKS_ACTIVE_STATUSES.includes(tk.fm.status) in renderTasksBoard (0.9543ms)
✔ working indicator shows for in-progress (0.287ms)
✔ working indicator shows for testing (0.1857ms)
✔ working indicator is absent for idle statuses todo / done / failed-testing (0.2105ms)
✔ working indicator is absent for an unknown status (0.166ms)
✔ indicator derives purely from status: it clears when status flips in-progress -> done (1.5808ms)
✔ the CSS carries the .task-card-dot rule and its pulse keyframes (1.9183ms)
✔ Scenario: Defaults for a brand-new project (7.9381ms)
✔ Scenario: A stored storeOnline true round-trips (0.8021ms)
✔ Scenario: A JSON string is parsed (0.4108ms)
✔ Scenario: Serialize is valid, warning-free, newline-terminated (0.4325ms)
✔ Scenario (edge): Hostile input never throws - null (0.2645ms)
✔ Scenario (edge): Hostile input never throws - number 42 (0.2308ms)
✔ Scenario (edge): Hostile input never throws - array [1,2] (0.2232ms)
✔ Scenario (edge): Hostile input never throws - malformed JSON string (0.3375ms)
✔ Scenario (edge): A __proto__ key is dropped, not round-tripped (0.3953ms)
✔ Scenario (edge): constructor key is dropped (prototype pollution protection) (0.5185ms)
✔ Scenario (edge): prototype key is dropped (prototype pollution protection) (0.4777ms)
✔ Scenario (edge): storeOnline coercion - true stays true (0.1996ms)
✔ Scenario (edge): storeOnline coercion - "true" string becomes true (0.275ms)
✔ Scenario (edge): storeOnline coercion - 1 becomes true (0.6041ms)
✔ Scenario (edge): storeOnline coercion - false stays false (0.1909ms)
✔ Scenario (edge): storeOnline coercion - 0 becomes false (8.1183ms)
✔ Scenario (edge): storeOnline coercion - "false" string becomes false (0.2269ms)
✔ Scenario (edge): storeOnline coercion - undefined becomes false (0.1993ms)
✔ Scenario (edge): version - positive integer round-trips (0.1819ms)
✔ Scenario (edge): version - newer positive integer round-trips (1.8205ms)
✔ Scenario (edge): version - invalid version resets to 1 with warning (0.2313ms)
✔ Scenario (edge): version - zero resets to 1 with warning (0.1839ms)
✔ Scenario (edge): version - float is floored (0.1649ms)
✔ Scenario (edge): version - invalid string resets to 1 (0.1286ms)
✔ Integration: serialize/normalize round-trip produces stable output (0.2067ms)
✔ CONFIG_VERSION is exported and equals 1 (0.1023ms)
✔ defaultProjectTelemetryConfig returns { version: 1, storeOnline: false } (4.2884ms)
✔ defaultProjectTelemetryConfig returns a fresh object each time (0.3059ms)
✔ normalizeProjectTelemetryConfig accepts a plain object (0.429ms)
✔ normalizeProjectTelemetryConfig parses a JSON string (0.2368ms)
✔ normalizeProjectTelemetryConfig always returns an object with warnings array (0.2931ms)
✔ normalizeProjectTelemetryConfig returns warnings === [] for valid input (15.9387ms)
✔ normalizeProjectTelemetryConfig handles null input without throwing (0.4536ms)
✔ normalizeProjectTelemetryConfig handles undefined input without throwing (0.2418ms)
✔ normalizeProjectTelemetryConfig handles numeric input without throwing (0.2377ms)
✔ normalizeProjectTelemetryConfig handles array input without throwing (0.3891ms)
✔ normalizeProjectTelemetryConfig handles malformed JSON string without throwing (0.2955ms)
✔ normalizeProjectTelemetryConfig handles JSON string of non-object without throwing (0.1792ms)
✔ normalizeProjectTelemetryConfig handles JSON array string without throwing (0.1355ms)
✔ normalizeProjectTelemetryConfig handles empty string without throwing (0.1552ms)
✔ storeOnline: true stays true (0.1311ms)
✔ storeOnline: false stays false (0.171ms)
✔ storeOnline: "true" string is coerced to true (0.1295ms)
✔ storeOnline: 1 is coerced to true (0.1201ms)
✔ storeOnline: 0 is coerced to false (0.1067ms)
✔ storeOnline: "false" string is coerced to false (0.1313ms)
✔ storeOnline: null is coerced to false (0.1111ms)
✔ storeOnline: undefined is coerced to false (0.1224ms)
✔ storeOnline: numeric string "1" is coerced to false (not === 1) (0.1235ms)
✔ storeOnline: object is coerced to false (0.1203ms)
✔ version: positive integer round-trips as-is (0.157ms)
✔ version: newer positive integer round-trips without warning (0.1233ms)
✔ version: large positive integer round-trips (0.1135ms)
✔ version: float is floored to integer (0.1418ms)
✔ version: missing version defaults to 1 (0.1958ms)
✔ version: null version resets to 1 (0.1569ms)
✔ version: negative integer resets to 1 with warning (0.2512ms)
✔ version: zero resets to 1 with warning (0.2499ms)
✔ version: invalid string resets to 1 with warning (0.2972ms)
✔ version: NaN resets to 1 with warning (0.1858ms)
✔ version: Infinity resets to 1 with warning (0.1761ms)
✔ unknown field: non-reserved keys round-trip (0.5961ms)
✔ unknown fields: multiple custom keys round-trip (0.3092ms)
✔ unknown field: warnings key in input is not round-tripped (0.1562ms)
✔ __proto__ key is dropped when from JSON (own property) (0.2635ms)
✔ __proto__ in object literal sets prototype, not an own key (no warning) (0.1482ms)
✔ __proto__ pollution does not affect prototype (0.1512ms)
✔ constructor key is dropped, not round-tripped (0.2314ms)
✔ prototype key is dropped, not round-tripped (0.3237ms)
✔ all three unsafe keys are dropped when from JSON (0.3496ms)
✔ serializeProjectTelemetryConfig normalizes input first (0.2947ms)
✔ serializeProjectTelemetryConfig removes warnings from output (0.2092ms)
✔ serializeProjectTelemetryConfig produces valid JSON (0.2408ms)
✔ serializeProjectTelemetryConfig ends with newline (0.2049ms)
✔ serializeProjectTelemetryConfig uses 2-space indentation (0.2025ms)
✔ serializeProjectTelemetryConfig round-trips unknown fields (except unsafe keys) (0.1531ms)
✔ serializeProjectTelemetryConfig drops unsafe keys from output (0.1675ms)
✔ serializeProjectTelemetryConfig on valid input produces warning-free result (0.114ms)
✔ serializeProjectTelemetryConfig idempotency: serializing twice is same (0.1359ms)
✔ Integration: normalize then serialize round-trips valid config (0.1353ms)
✔ Integration: complex normalize cycle with warnings (0.1542ms)
✔ Integration: normalize with complex object input (0.2527ms)
✔ CONFIG_VERSION is exported and equals 1 (0.1065ms)
✔ module exports all required functions (0.1097ms)
✔ Scenario: claude posts api_request logs over the socket → usage accumulates, de-dups, and pushes live updates (82.8835ms)
✔ Scenario: the receiver reports the OTEL env that points claude at the bound port (4.8683ms)
✔ Scenario: setConfig starts the server on enable and stops it on disable; env clears when off (7.1729ms)
✔ Scenario: a configured forward URL receives the app JSON summary (not raw OTLP) (69.997ms)
✔ Scenario: sessionId is stable per receiver and exposed on state; setActiveProject updates the tag (0.7668ms)
✔ Scenario: forwarding stays OFF without a valid destination even if flagged on (71.0324ms)
✔ Scenario (failure): a non-POST request and malformed JSON never crash the receiver (43.4082ms)
✔ Scenario: receiver.usageForWindow correlates rows from the FULL de-duplicated store within a time window (17.3758ms)
✔ Scenario: receiver.usageForWindow respects model filtering when present on both sides (20.8567ms)
✔ Scenario (failure): receiver.usageForWindow returns empty totals for junk input and never throws (8.4016ms)
✔ Scenario: Only projects with their toggle on are forwarded (70.6187ms)
✔ Scenario: Master switch off suppresses all projects (79.6288ms)
✔ Scenario: getUsage returns a single project's bucket (15.4642ms)
✔ Scenario: setProjectConfig toggles a project's forwarding (142.5942ms)
✔ Scenario (edge): Unknown project defaults to not forwarding (49.8982ms)
✔ Scenario: Empty buckets are not forwarded (65.7684ms)
✔ Scenario: a project key with incidental whitespace matches between ingest and setProjectForwarding (126.5628ms)
✔ Unit: setProjectForwarding records a per-project boolean (5.4825ms)
✔ Unit: setProjectForwarding treats junk project as "" key (1.9934ms)
✔ Unit: setProjectForwarding treats junk enabled as false (0.3619ms)
✔ Unit: setProjectForwarding never throws (0.6029ms)
✔ Unit: getUsageForProject returns per-project usage and recent (1.7717ms)
✔ Unit: getUsageForProject returns empty totals for unknown project (1.254ms)
✔ Unit: getUsageForProject never throws on junk project name (0.4249ms)
✔ Unit: getUsageForProject caps recent at 100 rows (2.7979ms)
✔ Unit: multiple projects maintain separate buckets (0.8963ms)
✔ Unit: getUsage with explicit project parameter calls getUsageForProject (1.6788ms)
✔ Unit: global getUsage without project parameter includes all buckets (1.1626ms)
✔ Unit: setProjectForwarding with various enabled values accepts string "true" and number 1 (0.2825ms)
✔ isHttpUrl accepts http/https and rejects everything else (3.7592ms)
✔ normalizeTelemetryConfig returns a complete config from junk and never throws (2.3616ms)
✔ normalizeTelemetryConfig keeps a valid forward URL and drops an invalid one (0.5538ms)
✔ normalizeTelemetryConfig clamps sub-second intervals and bad ports (0.3467ms)
✔ buildOtelEnv returns {} when disabled (1.3566ms)
✔ buildOtelEnv returns {} for a non-http endpoint even when enabled (0.2799ms)
✔ buildOtelEnv sets the verified OTLP/JSON env vars pointing at the receiver (0.3361ms)
✔ extractApiRequests pulls the per-call row and ignores non-api_request records (0.9363ms)
✔ extractApiRequests tolerates junk and returns [] (0.3169ms)
✔ extractMetricSnapshot keys cost by session|model and tokens by session|model|type (0.8857ms)
✔ extractMetricSnapshot tolerates junk (0.2499ms)
✔ aggregateUsage totals rows and breaks down by model, never NaN (0.6247ms)
✔ aggregateUsage of [] is a clean zero snapshot (0.184ms)
✔ requestKey uses request_id when present, composite otherwise (0.2625ms)
✔ buildForwardPayload wraps aggregated usage in the app schema (0.4511ms)
✔ buildForwardPayload carries sessionId/username/project as safe strings, defaulting to "" (0.2568ms)
✔ buildForwardPayload caps recent and tolerates missing usage (0.2451ms)
✔ usageForWindow: correlates rows by time window [startedAt, finishedAt] inclusive (0.3777ms)
✔ usageForWindow: totalTokens = input + output + cacheRead + cacheCreation (0.1817ms)
✔ usageForWindow: model acts as a tie-breaker only when present on BOTH sides (0.3126ms)
✔ usageForWindow: empty window.model disables the model filter (time window only) (0.1676ms)
✔ usageForWindow: returns emptyTotals() for null/junk window (0.2557ms)
✔ usageForWindow: returns emptyTotals() when startedAt/finishedAt are missing/invalid/reversed (0.2486ms)
✔ usageForWindow: skips rows with missing/unparseable timestamp (0.1673ms)
✔ usageForWindow: returns emptyTotals() for non-array records (0.182ms)
✔ usageForWindow: returns emptyTotals() for empty records array (0.1163ms)
✔ usageForWindow: never throws on junk input (0.3919ms)
✔ usageForWindow: filters junk rows (non-objects) and continues (0.2018ms)
✔ usageForWindow: timestamp must be >= startedAt AND <= finishedAt (inclusive boundaries) (0.2233ms)
✔ usageForWindow: short label matches full dated telemetry model string (TASK-146) (0.3807ms)
✔ usageForWindow: also matches when the SHORT label is on the row and the dated string is queried (0.2512ms)
✔ usageForWindow: genuinely different model families are still excluded (TASK-146) (0.2221ms)
✔ usageForWindow: family match still respects the time window bounds (TASK-146) (0.1545ms)
✔ usageForWindow: empty model on either side still disables the filter for dated strings (TASK-146) (0.1997ms)
✔ modelFamily: strips a trailing dated build suffix and never throws on junk (0.1502ms)
✔ decodeAttrValue: percent-decodes a valid URL-encoded string (0.1686ms)
✔ decodeAttrValue: returns the string unchanged if decoding succeeds and it is unchanged (0.1127ms)
✔ decodeAttrValue: falls back to the raw string on malformed percent-encoding (0.172ms)
✔ decodeAttrValue: never throws on any input (0.2794ms)
✔ decodeAttrValue: coerces to string first (null/undefined → "") (0.1118ms)
✔ decodeAttrValue: does NOT trim the input (whitespace survives decoding) (0.1186ms)
✔ resourceProject: reads the project from resource attributes (0.1283ms)
✔ resourceProject: percent-decodes the project value (0.1875ms)
✔ resourceProject: returns "" when project attribute is missing (0.1953ms)
✔ resourceProject: returns "" when project attribute is empty (0.1174ms)
✔ resourceProject: returns "" when project attribute is not a string (0.1507ms)
✔ resourceProject: returns "" when resource block is missing (0.1012ms)
✔ resourceProject: returns "" when resource is not an object (0.0883ms)
✔ resourceProject: returns "" when attributes is not an array (0.0889ms)
✔ resourceProject: returns "" when attributes is missing (0.0946ms)
✔ resourceProject: never throws on null/junk input (0.2469ms)
✔ resourceProject: falls back to raw string on malformed percent-encoding (0.1383ms)
✔ extractApiRequests: adds project field to every row from resource attributes (0.216ms)
✔ extractApiRequests: each resourceLogs entry uses its own project (0.2174ms)
✔ extractApiRequests: missing resource block yields project "" (0.1521ms)
✔ extractApiRequests: project field does not affect requestKey dedup identity (0.1497ms)
✔ exports the documented surface (4.3135ms)
✔ isValidAmount accepts finite numbers >= 0 (including numeric strings and zero) (0.6212ms)
✔ isValidAmount rejects NaN/Infinity/negative/null/undefined/empty/non-numeric (0.4781ms)
✔ EDGE: whitespace-only string coerces to 0 and is treated as valid (Number quirk) (4.2085ms)
✔ EDGE: booleans and empty/single-element arrays coerce to numbers (currently valid) (2.0251ms)
✔ recordBuildStart sets startedAt as an ISO-8601 string when absent (1.7605ms)
✔ recordBuildStart normalises Date / epoch-ms inputs to ISO-8601 (0.3847ms)
✔ recordBuildStart defaults to "now" (valid ISO) when no `at` given (0.4085ms)
✔ recordBuildStart is idempotent: does NOT reset an existing startedAt (0.6648ms)
✔ recordBuildStart treats an empty/blank existing startedAt as absent (0.6548ms)
✔ recordBuildStart does not mutate its input and returns a new object (0.3818ms)
✔ recordBuildEnd always sets finishedAt (ISO-8601), even with no cost data (0.2402ms)
✔ recordBuildEnd records tokens and costUsd when valid finite non-negatives supplied (0.2166ms)
✔ recordBuildEnd coerces valid numeric strings to numbers (0.1614ms)
✔ recordBuildEnd accepts zero as a valid amount (0.149ms)
✔ recordBuildEnd NEVER writes NaN/Infinity/negative/null/empty/non-numeric amounts (1.8597ms)
✔ recordBuildEnd sets one field when only one is valid (independent guards) (0.4562ms)
✔ recordBuildEnd does not mutate its input and returns a new object (0.4215ms)
✔ end >= start: finishedAt is not before a preserved startedAt in a start->end flow (0.7419ms)
✔ formatDuration renders hours as "Hh MMm" with zero-padded minutes (0.1453ms)
✔ formatDuration renders minutes as "Mm SSs" with zero-padded seconds (0.1217ms)
✔ formatDuration renders sub-minute gaps as "Ss" (0.3799ms)
✔ formatDuration uses `now` when finishedAt omitted (still-running build) (0.1826ms)
✔ formatDuration returns null on missing/invalid/reversed inputs (0.1399ms)
✔ orderFm puts present LEADING_KEYS first in fixed order, then rest in insertion order (0.1931ms)
✔ orderFm omits leading keys that are null/undefined but keeps present ones ordered (0.199ms)
✔ orderFm does not mutate input (0.2046ms)
✔ accounting keys survive parse(serialize(fm, body)) round-trip (0.6202ms)
✔ id/title/status/created/updated remain the leading keys in order after round-trip (0.5686ms)
✔ ## Additional Context and the rest of the body are preserved verbatim (0.4463ms)
✔ serializer leading-key order agrees with orderFm (pure helper == serializer rule) (0.4562ms)
✔ SCENARIO: a done ticket older than 5 days is archived (3.0967ms)
✔ SCENARIO: a done ticket within 5 days is NOT archived (0.2924ms)
✔ SCENARIO: a done ticket exactly 5 days old is NOT archived (strictly older only) (1.4964ms)
✔ SCENARIO: non-done tickets are never archived regardless of age (0.4343ms)
✔ SCENARIO: falls back to created when updated is missing (created 10 days ago → archived) (0.3247ms)
✔ SCENARIO (edge): missing/invalid timestamps never hide a ticket (0.3231ms)
✔ SCENARIO (edge): a future timestamp or an undefined now yields not-archived (0.2891ms)
✔ SCENARIO: Done lane folds archived cards into "Archived (N)" with the right counts (1.9047ms)
✔ SCENARIO: an empty archive renders NO expander (never "Archived (0)") (0.8873ms)
✔ SCENARIO: expander collapsed by default; its open state survives a board re-render (0.5845ms)
✔ WIRING: renderTasksBoard folds archived done cards via ticketIsArchived on the done lane (1.9223ms)
✔ WIRING: Done lane count still counts archived cards (lane.count++ runs for all done) (1.2047ms)
✔ WIRING: expander open/closed state lives on tab.tasks.archiveExpanded and is reset only on folder switch (1.2509ms)
✔ WIRING: archived cards keep full behaviour (click opens modal, remain draggable) (1.4431ms)
✔ WIRING: no new status is introduced by archiving (archiving is derived only) (2.1485ms)
✔ constants are the documented 5-day threshold (1.9865ms)
✔ archiveTimestamp prefers updated, falls back to created, else null (3.6349ms)
✔ archiveTimestamp is null (never NaN) for invalid stamps (0.7935ms)
✔ archiveTimestamp tolerates a { fm } wrapper (0.8329ms)
✔ isArchived: done ticket older than 5 days is archived (0.3641ms)
✔ isArchived: exactly 5 days is NOT archived (strict >) (0.237ms)
✔ isArchived: 5 days or less is NOT archived (0.3184ms)
✔ isArchived: non-done statuses are never archived at any age (0.3185ms)
✔ isArchived: falls back to created when updated missing (0.2582ms)
✔ isArchived: missing/invalid timestamps → false (fail-safe show) (0.377ms)
✔ isArchived: future timestamp (negative age) → false (0.2502ms)
✔ isArchived: missing/invalid now → false, never throws (0.2347ms)
✔ isArchived: accepts a Date now as well as epoch ms (0.192ms)
✔ partitionArchived splits by isArchived, preserving order, no mutation (1.9338ms)
✔ partitionArchived tolerates bare fm entries and empty input (0.3053ms)
✔ renderer mirrors the 5-day constant from lib/ticket-archive.js (1.0187ms)
✔ renderer carries the mirrored ticketIsArchived predicate and sync note (1.1876ms)
✔ renderer gates the expander on ticketIsArchived and the done lane (0.5429ms)
✔ SCENARIO: reporting a bug on a completed ticket appends it and preserves Additional Context (5.187ms)
✔ SCENARIO: a second bug report accumulates under one heading in chronological order (1.3948ms)
✔ SCENARIO (edge): empty or whitespace-only bug text is rejected — no write, no move (0.5227ms)
✔ SCENARIO (edge): cancelling the bug-capture modal aborts — no write, stays done (0.3162ms)
✔ SCENARIO (TASK-022): heading-like bug text does NOT forge a section; escaped text survives in the entry (1.9913ms)
✔ SCENARIO (TASK-022): a later append lands before the REAL Additional Context; earlier bug text is not spliced (15.3877ms)
✔ SCENARIO (TASK-022 regression): ordinary one-line bug is recorded exactly as in TASK-020, no escaping applied (0.508ms)
✔ SCENARIO (TASK-023): whitespace-only bug is a no-op — markdown returned byte-for-byte, no Bug Reports section (0.6627ms)
✔ SCENARIO (TASK-023): empty / undefined / null bug is a no-op — markdown unchanged, no Bug Reports section (2.2469ms)
✔ SCENARIO (TASK-023 regression): a real non-empty bug still appends a `## Bug Reports` entry before Additional Context (0.6381ms)
✔ SCENARIO (TASK-026): no-op path normalizes a non-string markdown to a string (0.3035ms)
✔ SCENARIO (TASK-026): no-op path also normalizes number/object markdown to a string (0.2614ms)
✔ SCENARIO (TASK-026 regression): no-op path preserves a real string byte-for-byte (0.2009ms)
✔ SCENARIO (TASK-026 regression): non-empty path returns a string for non-string markdown, with a `## Bug Reports` entry (0.211ms)
✔ exports the documented surface (7.2417ms)
✔ formatBugReportEntry renders a `### <timestamp>` heading, blank line, then trimmed bug text (3.091ms)
✔ formatBugReportEntry defaults timestamp to a valid ISO-8601 stamp when omitted (4.8322ms)
✔ formatBugReportEntry: null/undefined/omitted bug becomes an empty text line (no throw) (0.3326ms)
✔ appends a bug entry under a `## Bug Reports` heading with the given timestamp and trimmed text (1.5682ms)
✔ creates the section BEFORE `## Additional Context`, leaving Additional Context verbatim at the tail (0.5085ms)
✔ appends a SECOND entry under the SAME `## Bug Reports` heading (no duplicate heading), in chronological order (0.6691ms)
✔ preserves all other sections (Description, Acceptance Criteria) byte-for-byte (0.273ms)
✔ preserves a `## History` section verbatim when one is present (0.418ms)
✔ when there is NO `## Additional Context`, the Bug Reports section is appended at the end (0.5178ms)
✔ default timestamp path: omitting timestamp still yields a valid `### <iso>` entry (0.4126ms)
✔ TASK-023 EDGE: whitespace-only bug is a no-op — appendBugReport returns input byte-for-byte, no Bug Reports section (0.2014ms)
✔ appendBugReport does not mutate the input markdown string (0.1571ms)
✔ appendBugReport tolerates a non-string markdown argument (treated as empty body) (0.1608ms)
✔ TASK-022: exports neutralizeBugText (0.1151ms)
✔ TASK-022 neutralizeBugText: a `## Additional Context` line is escaped to `\## Additional Context` (0.1241ms)
✔ TASK-022 neutralizeBugText: `## Bug Reports` and `## History` lines are likewise escaped (0.1692ms)
✔ TASK-022 neutralizeBugText: a leading single `#` and a leading `###` are escaped (0.1169ms)
✔ TASK-022 neutralizeBugText: leading whitespace before `##` is preserved, `#` run still escaped (0.1211ms)
✔ TASK-022 neutralizeBugText: `##` NOT at line start is left unchanged (0.1219ms)
✔ TASK-022 neutralizeBugText: ordinary text with no leading `#` is returned unchanged (0.1124ms)
✔ TASK-022 neutralizeBugText: a leading `#` NOT followed by whitespace is left unchanged (not a section threat) (0.1307ms)
✔ TASK-022 neutralizeBugText: multi-line text escapes EACH qualifying line, others untouched (0.2313ms)
✔ TASK-022 neutralizeBugText: empty / whitespace / null / undefined input handled without throw (0.1263ms)
✔ TASK-022 appendBugReport: heading-like bug text does NOT forge a `## Additional Context` section on re-parse (0.4947ms)
✔ TASK-022 appendBugReport: a `## Bug Reports` line inside the bug body does not forge a second Bug Reports heading (0.2083ms)
✔ TASK-022 appendBugReport: Additional Context stays LAST and verbatim even when bug text forges a heading (0.2465ms)
✔ TASK-022 REGRESSION: an ordinary one-line bug yields byte-for-byte the same output as before the change (no stray backslash) (0.1724ms)
✔ TASK-022 REGRESSION: formatBugReportEntry is unchanged for ordinary text (matches TASK-020 output) (0.1487ms)
✔ TASK-022 REGRESSION: accumulation under ONE heading and Additional-Context-stays-last still hold with escaped bug text (0.3526ms)
✔ TASK-023: appendBugReport is a no-op for bug: undefined — returns input === and creates no section (0.1776ms)
✔ TASK-023: appendBugReport is a no-op for bug: null — returns input === and creates no section (0.0846ms)
✔ TASK-023: appendBugReport is a no-op for bug: '' (empty string) — returns input === and creates no section (0.0805ms)
✔ TASK-023: appendBugReport is a no-op for bug: '   \t\n  ' (whitespace-only) — returns input === and creates no section (0.0947ms)
✔ TASK-023: appendBugReport is a no-op for entry: {} (empty object) — returns input === and creates no section (0.1184ms)
✔ TASK-023: appendBugReport is a no-op for entry: undefined (no entry arg) — returns input === and creates no section (0.107ms)
✔ TASK-023: no-op guard also holds for a body that has NO Additional Context (nothing appended at end) (0.1482ms)
✔ TASK-023 REGRESSION: a NON-empty bug still appends before `## Additional Context` under a single heading (0.2261ms)
✔ TASK-023 REGRESSION: non-empty bugs still accumulate under ONE heading (guard did not break happy path) (0.2274ms)
✔ TASK-023 REGRESSION: TASK-022 neutralization still applies on the non-empty path (a `## Foo` line is escaped) (0.316ms)
✔ TASK-026: no-op path with undefined markdown + empty entry returns strict `''` (0.1195ms)
✔ TASK-026: no-op path with undefined markdown + empty-string bug returns strict `''` (0.1126ms)
✔ TASK-026: no-op path with null markdown + whitespace-only bug returns strict `''` (0.5463ms)
✔ TASK-026: no-op path with a NUMBER markdown is normalized to strict `''` (not the raw number) (0.2385ms)
✔ TASK-026: no-op path with an OBJECT markdown is normalized to strict `''` (not the raw object) (0.1991ms)
✔ TASK-026 REGRESSION: a STRING markdown is preserved byte-for-byte on the no-op path (whitespace-only bug) (0.2592ms)
✔ TASK-026: non-empty path returns a STRING for a non-string markdown, with a `## Bug Reports` entry (both paths agree on return type) (0.4701ms)
✔ Scenario: appendActivity records a BA activity (9.0952ms)
✔ Scenario: each phase appends its own entry in chronological order (3.481ms)
✔ Scenario: totalActivities sums only what was recorded (1.7897ms)
✔ Scenario (edge): missing token data is never fabricated (1.2974ms)
✔ Scenario (edge): an entry without an activity name is rejected (12.2666ms)
✔ Scenario (edge): a corrupt activities field never breaks parse (1.2487ms)
✔ Scenario: an activities JSON array round-trips byte-identical through serializeTicket -> parseTicketFrontmatter (2.0066ms)
✔ Scenario: the modal fills a cost view — one row per activity plus a totals row (5.8422ms)
✔ Scenario: no activity data → the cost section is hidden (1.1711ms)
✔ Scenario: mirror tolerance — a corrupt activities value yields [] on both sides (lib proven, renderer scanned) (8.8149ms)
✔ Scenario: both SKILL.md copies document the recording duty and are byte-for-byte identical (2.2875ms)
✔ exports the documented surface (4.4986ms)
✔ computeDurationMs: milliseconds between two valid ISO stamps (1.3536ms)
✔ computeDurationMs: null when missing/invalid or end precedes start (reversed pair) (1.036ms)
✔ isValidAmount(0) is true — 0 is a KEPT amount distinct from absent (5.95ms)
✔ appendActivity records activity, model, ISO timings and computes durationMs (11.8685ms)
✔ appendActivity: durationMs is absent on a reversed/invalid startedAt/finishedAt pair (1.183ms)
✔ appendActivity: explicit durationMs is honored over the computed pair (1.3882ms)
✔ appendActivity: model omitted when blank/absent (0.418ms)
✔ appendActivity: tokensIn/tokensOut/costUsd written only when isValidAmount (6.0976ms)
✔ appendActivity: NaN/negative/empty token & cost values leave the field absent (never fabricated) (3.5374ms)
✔ appendActivity: entry without a non-empty activity is rejected (log unchanged) (0.5381ms)
✔ appendActivity: rejecting a nameless entry preserves an existing log verbatim (0.3725ms)
✔ appendActivity: preserves existing entries in order and appends last (0.8366ms)
✔ appendActivity: does not mutate its input and returns a new object (0.8655ms)
✔ appendActivity: leading keys ordered id,title,status,created,updated then activities after (2.1195ms)
✔ appendActivity: duplicate activity types are legitimate (log, not a map) (1.4917ms)
✔ appendActivity: unknown activity strings are stored as-is (open-ended list) (0.1964ms)
✔ appendActivity: legacy tokens/costUsd/runs keys are left untouched (additive) (0.3369ms)
✔ serializeActivities: single-line JSON array; empty/non-array => "[]" (0.2985ms)
✔ appendActivity: the activities value is a SINGLE-LINE JSON array (no newlines) (0.299ms)
✔ parseActivities: absent / non-string / invalid-JSON / non-array => [] (0.8381ms)
✔ parseActivities: filters out non-object elements inside the array (0.2843ms)
✔ parseActivities: does not throw on corrupt "not-json{{{" and returns [] (0.7989ms)
✔ totalActivities: sums durationMs/tokensIn/tokensOut/costUsd across entries (1.677ms)
✔ totalActivities: a total is null when NO entry carried that field (never NaN, never fabricated 0) (0.2723ms)
✔ totalActivities: counts only the entries that actually carried the field (0.197ms)
✔ totalActivities: non-array / junk input yields all-null totals (no throw) (0.397ms)
✔ totalActivities: a recorded 0 counts (distinct from absent) (0.1728ms)
✔ appendActivity persists cacheReadTokens/cacheCreationTokens when isValidAmount (0.5069ms)
✔ appendActivity: cacheReadTokens/cacheCreationTokens follow the same validity gate as tokensIn/tokensOut (0.8037ms)
✔ appendActivity: numeric strings for cache hits are coerced to numbers (0.5771ms)
✔ totalActivities sums cacheReadTokens/cacheCreationTokens across entries (0.1763ms)
✔ totalActivities: cacheReadTokens/cacheCreationTokens are null when NO entry carried them (0.1571ms)
✔ totalActivities: only counts entries that actually carried the cache fields (1.346ms)
✔ appendActivity: activites field round-trips as single-line JSON with no newlines (0.4312ms)
✔ appendActivity: single-field accounting (tokensIn/tokensOut/costUsd) and runs log untouched by cache-hits additions (0.2291ms)
✔ module exports isTicketDefined (fn) and PLACEHOLDER_CRITERION (const) (1.771ms)
✔ the New-ticket skeleton template (placeholder-only AC + no Cucumber section) -> false (1.6969ms)
✔ a real AC checkbox + a non-empty gherkin fence -> true (3.2202ms)
✔ a single real AC checkbox (unchecked) + non-empty gherkin -> true (0.3624ms)
✔ missing `## Acceptance Criteria` section -> false (even with a good gherkin block) (0.2811ms)
✔ placeholder-only AC (only `- [ ] First testable criterion`) + real gherkin -> false (0.226ms)
✔ placeholder AC with surrounding whitespace still counts as placeholder-only -> false (0.4409ms)
✔ real AC but missing `## Cucumber Tests` section -> false (0.3566ms)
✔ real AC + an EMPTY gherkin fence -> false (1.6037ms)
✔ real AC + a whitespace-only gherkin fence -> false (1.0186ms)
✔ real AC + a Cucumber section whose fence is NOT gherkin -> false (0.2507ms)
✔ placeholder AC + real gherkin (or vice versa) -> false: both halves required (0.1953ms)
✔ null / undefined / number / empty string / object -> false, never throws (0.4916ms)
✔ a body that is entirely gibberish text -> false (never throws) (0.1462ms)
✔ folderForStatus maps each canonical status to a subfolder named for it (4.2188ms)
✔ folderForStatus gives post-processing and failed-testing their own subfolders (TASK-028) (3.9214ms)
✔ folderForStatus returns null for unknown / out-of-enum statuses (0.9468ms)
✔ folderForStatus is driven by LANE_STATUSES from lib/ticket-lanes.js (2.7295ms)
✔ folderMatchesStatus is true only when the folder equals the status folder (0.3535ms)
✔ folderMatchesStatus treats null/undefined folder as top level (no match) (0.2599ms)
✔ folderMatchesStatus is always false for unknown statuses (they own no folder) (0.2072ms)
✔ reconcileFolder: top-level file with a known status needs a move to its folder (0.3235ms)
✔ reconcileFolder: a file in a disagreeing folder moves to the status folder (0.498ms)
✔ reconcileFolder: an already-matching file needs no move (0.4554ms)
✔ reconcileFolder: an unknown status is left in place (null target, no move) (0.3399ms)
✔ dedupeByFolder: two copies of one id keep the folder-matching copy (0.4054ms)
✔ dedupeByFolder: when neither copy matches, the first seen is kept (0.1632ms)
✔ dedupeByFolder: a single copy passes through unchanged (0.2849ms)
✔ dedupeByFolder: empty input yields an empty array (0.2378ms)
✔ dedupeByFolder: entries with no id are dropped (0.2038ms)
✔ dedupeByFolder: distinct ids all survive (no false collapsing) (0.1935ms)
✔ renderer.js mirrors folderForStatus off TASKS_VALID_STATUSES (null for unknown) (1.0285ms)
✔ renderer.js mirrors folderMatchesStatus (null target never matches) (0.895ms)
✔ renderer.js mirrors dedupeByFolder (prefer the folder-matching copy) (1.8605ms)
✔ the scanner discovers tickets recursively via fs.findByExt (not readDir) (1.632ms)
✔ the scanner records each file's subfolder and dedupes by folder (1.0951ms)
✔ moveTicketToStatus does a whole-file write THEN an atomic relocate (rename) (0.6283ms)
✔ relocateTicketFile is collision-safe: mkdir + fs.rename, no overwrite/delete (1.3666ms)
✔ unknown-status tickets are not filed into a status subfolder (0.6139ms)
✔ reconciliation only moves files whose folder disagrees with frontmatter status (1.5032ms)
✔ reorder within todo is a whole-file order write and never relocates (3.3387ms)
✔ new todo tickets are written into tasks/todo/ on create (2.9716ms)
✔ Scenario: Per-status subfolders are created on demand (5.8919ms)
✔ Scenario: Moving a ticket relocates its file to the matching folder (0.5669ms)
✔ Scenario: The scanner discovers tickets recursively (0.7224ms)
✔ Scenario: Frontmatter status wins when the folder disagrees (0.6201ms)
✔ Scenario: Legacy flat-layout tickets are still found and reconciled (0.3663ms)
✔ Scenario: Writes and moves stay atomic during a poll (0.7685ms)
✔ Scenario: Reorder within the todo lane still works (1.2341ms)
✔ Scenario: Unknown-status tickets are not moved into a status folder (0.449ms)
✔ Scenario: Edge — a destination name collision does not lose the ticket (16.5129ms)
✔ SCENARIO (TASK-025): a response containing `## Summary` does not forge a section; Additional Context stays last, verbatim (13.0377ms)
✔ SCENARIO (TASK-025): a later append lands before the REAL Additional Context; the earlier entry is not spliced (2.845ms)
✔ SCENARIO (TASK-025 regression): a plain prompt/response entry appears under `## History` with no escaping (0.5837ms)
✔ exports the expected heading constants (3.768ms)
✔ formatHistoryEntry renders a role-labelled, timestamped entry with prompt+response blocks (0.8739ms)
✔ formatHistoryEntry defaults role to "agent" and timestamp to a valid ISO string (1.6422ms)
✔ formatHistoryEntry tolerates a call with no arguments (all defaults, empty bodies) (0.3457ms)
✔ appended entry contains both the prompt and the response text (0.7769ms)
✔ appended entry is timestamped and labelled with the role (tester) (0.3824ms)
✔ role defaults to "agent" when omitted (0.2951ms)
✔ two entries are appended in chronological order (second after first) (0.4222ms)
✔ appending twice keeps a single `## History` section (### headings are not section boundaries) (0.5384ms)
✔ creates `## History` BEFORE `## Additional Context` when absent (0.6231ms)
✔ appends `## History` at the end when there is no `## Additional Context` (6.8612ms)
✔ the user-owned `## Additional Context` section is byte-for-byte unchanged (1.2507ms)
✔ other sections (Description, Acceptance Criteria, frontmatter) are preserved verbatim (1.652ms)
✔ is a pure function of a single markdown string: input is not mutated, output is a new string (2.1434ms)
✔ non-string input is handled by treating the body as empty (0.3294ms)
✔ formatHistoryEntry escapes a response line `## Summary` so it cannot forge a section (0.3187ms)
✔ appendHistoryEntry: a response `## Summary` does not forge a section; body appears escaped (0.3506ms)
✔ appendHistoryEntry: a prompt with `## Additional Context` / `## History` lines forges nothing; real Additional Context stays last verbatim (1.7047ms)
✔ the emitted entry heading and Prompt/Response labels are NOT escaped (no backslash) (1.4631ms)
✔ REGRESSION: ordinary prose prompt/response (no leading `#`) yields the exact same output as before (0.3695ms)
✔ multi-line response: only `## ...` lines are escaped, other lines are intact (0.4628ms)
✔ LANE_STATUSES is the six-value enum in canonical left-to-right order (5.0366ms)
✔ the defining lane sits between todo and in-progress (0.4142ms)
✔ ACTIVE_STATUSES covers defining/in-progress/testing (BA now works defining) (0.3845ms)
✔ FAILED_STATUS is failed-testing and isFailedStatus recognizes only it (0.4256ms)
✔ UNKNOWN_STATUS is a dedicated lane key, distinct from every enum value (0.2588ms)
✔ isKnownStatus is true for each enum value and false otherwise (0.2787ms)
✔ parser recognizes `defining` as a first-class known status (0.22ms)
✔ laneForStatus maps every known status to its own lane (0.1967ms)
✔ laneForStatus routes an unknown status to the unknown lane, NOT todo (0.4027ms)
✔ POST_PROCESSING_STATUS and POST_PROCESSING_KIND are both "post-processing" (0.3315ms)
✔ post-processing is a lane status; failed-testing is valid but NOT a lane (0.2157ms)
✔ VALID_STATUSES is the seven-value superset (lanes + failed-testing) (0.2715ms)
✔ isKnownStatus is true for failed-testing AND post-processing (never routed to unknown) (0.1947ms)
✔ laneForStatus folds failed-testing into testing and keeps post-processing distinct (0.216ms)
✔ post-processing is NOT an active status (no blue "being worked on" dot) (0.1556ms)
✔ isPostProcessingTicket is true only when kind === "post-processing" (0.3438ms)
✔ renderer.js mirrors the six-value LANE_STATUSES enum in order (0.7372ms)
✔ renderer.js mirrors ACTIVE_STATUSES, FAILED_STATUS and UNKNOWN_STATUS (1.3813ms)
✔ renderTasksBoard generates every lane as a data-status column, defining after todo (28.6139ms)
✔ the red failed marker rule (.task-card-dot.failed) exists and is red (0.332ms)
✔ renderer.js wires the red dot to the failed status and appends it as a card marker (0.9348ms)
✔ the new-ticket flow still creates tickets with status todo (0.7603ms)
✔ Scenario: The defining lane sits between todo and in-progress (0.3292ms)
✔ Scenario: New tickets are created in todo (0.9348ms)
✔ Scenario: A defining ticket lands in the defining lane (0.1992ms)
✔ Scenario: Coding and testing map to their lanes (0.1708ms)
✔ Scenario: Failed tests show a red marker (0.225ms)
✔ Scenario: An out-of-enum status does not crash the board (0.3403ms)
✔ ticketOrderValue reads a present numeric order (2.1913ms)
✔ ticketOrderValue is null when order is absent (0.3161ms)
✔ ticketOrderValue is null for blank / non-numeric order (0.295ms)
✔ ticketOrderValue accepts `priority` as a read alias for `order` (0.228ms)
✔ ticketOrderValue unwraps a { fm } wrapper as well as bare fm (0.2413ms)
✔ compareTicketId sorts numerically, not lexically (TASK-2 before TASK-10) (25.7079ms)
✔ compareTicketOrder: an ordered subset floats to the top by order value (0.4737ms)
✔ compareTicketOrder: the ordered ticket sorts before an unordered one (0.5919ms)
✔ compareTicketOrder: equal order values tie-break by numeric id (0.3877ms)
✔ compareTicketOrder: all-unordered == pure numeric id order (backward compatible) (0.6649ms)
✔ compareTicketOrder honours the `priority` alias the same as `order` (0.2853ms)
✔ selectNextBatch picks the top-of-todo (lowest order) ticket next (0.8823ms)
✔ selectNextBatch with NO order fields == old oldest-id-first behaviour (0.428ms)
✔ selectNextBatch: ordered tickets outrank unordered regardless of id (0.278ms)
✔ the `order` field survives a parse(serialize(fm, body)) round-trip (0.5184ms)
✔ persisting order preserves created and every other section verbatim (0.6237ms)
✔ order sits after the leading keys and does not disturb their order (0.2492ms)
✔ renderer.js mirrors ticketOrderValue (order, priority alias, blank -> null) (0.9892ms)
✔ renderer.js mirrors compareTicketOrder (prefer order, fall back to numeric id) (0.7825ms)
✔ renderTasksBoard sorts todo-vs-todo by compareTicketOrder, others by numeric id (1.3749ms)
✔ intra-todo drag reordering is scoped to todo-to-todo drags (1.5813ms)
✔ persistTicketOrder writes order + updated, preserves created, whole-file (4.2561ms)
✔ reorderTodoTicket reindexes the todo lane 1..N and stays within todo (1.5864ms)
✔ the drop-marker CSS rules exist for above/below insertion points (0.3639ms)
✔ Scenario: Dragging a card changes the order within todo (2.5208ms)
✔ Scenario: The new order persists across polling (0.5979ms)
✔ Scenario: The new order persists across restart (0.6534ms)
✔ Scenario: The build picks the top-of-lane ticket next (0.5724ms)
✔ Scenario: Reordering does not change status (0.3821ms)
✔ Scenario: Cross-lane drag still changes status (0.5313ms)
✔ Scenario: Tickets without an explicit order render deterministically (0.3304ms)
✔ Scenario: an all-unordered todo lane renders in pure numeric id order (0.3801ms)
✔ Scenario: in-progress ticket with an agent shows its label and counts as running (1.8078ms)
✔ Scenario: a todo ticket with no agent shows no label and is not counted (0.2379ms)
✔ Scenario: a released claim (agent removed, status done) shows no label and is not counted (0.2094ms)
✔ Scenario: three in-progress + one testing yields "4 running" in the status line (0.4975ms)
✔ Scenario: running count updates as a slot frees (3 -> 2) (1.9596ms)
✔ Scenario Outline: <0> active -> fragment "<>" (0.2914ms)
✔ Scenario Outline: <1> active -> fragment "< · 1 running>" (0.2153ms)
✔ Scenario Outline: <5> active -> fragment "< · 5 running>" (0.207ms)
✔ Edge: agent on an out-of-enum status shows the label but is NOT counted as running (0.3812ms)
✔ Edge: a whitespace-only agent is treated as no claim (no label) (0.5896ms)
✔ countRunning: counts only tickets whose status is in the board active set (1.7129ms)
✔ countRunning: the board active set includes defining (divergent from lib ACTIVE_STATUSES) (1.2687ms)
✔ countRunning: a ticket with an agent field but a non-active status does NOT count (0.2482ms)
✔ countRunning: accepts both { fm } wrappers and bare frontmatter objects (1.3943ms)
✔ countRunning: empty list -> 0, non-array -> 0 (0.245ms)
✔ countRunning: honours a caller-supplied active-status set (0.2013ms)
✔ agentLabel: returns the trimmed id for a non-empty agent (0.2439ms)
✔ agentLabel: returns "" for missing / null / empty / whitespace-only agent (0.2608ms)
✔ agentLabel: accepts a { fm } wrapper too (0.2394ms)
✔ runningFragment: "" for 0, " · N running" for N > 0 (0.3171ms)
✔ composition: "7 tickets · 3 running · polling" (0.2534ms)
✔ composition: zero-active case omits the running fragment (0.1726ms)
✔ composition: empty board -> empty status line (0.1155ms)
✔ exports the documented surface (2.1384ms)
✔ LEADING_KEYS is the fixed leading-key order the serializer expects (9.3319ms)
✔ toSingleLine collapses newlines to spaces and trims (0.3907ms)
✔ toSingleLine returns "" for null/undefined (0.3312ms)
✔ orderFm places LEADING_KEYS first, then extras in insertion order (0.6801ms)
✔ orderFm tolerates a null/non-object input (0.4825ms)
✔ hasQuestion / hasAnswer treat missing, empty and whitespace as absent (0.6144ms)
✔ isWaitingForAnswer is true when a question is present and no answer yet (0.4304ms)
✔ isWaitingForAnswer is false once the question is answered (0.3339ms)
✔ isWaitingForAnswer is false when there is no question (0.5166ms)
✔ askQuestion sets `question`, clears any prior answer, bumps updated, preserves created (0.4251ms)
✔ askQuestion normalises a multi-line question to a single frontmatter line (0.2169ms)
✔ askQuestion keeps leading-key order (question after the leading keys) (0.2027ms)
✔ askQuestion is pure: the input frontmatter object is not mutated (0.2779ms)
✔ askQuestion with an empty question clears both question and answer (0.2ms)
✔ answerQuestion sets `answer`, keeps `question`, bumps updated (0.2947ms)
✔ answerQuestion normalises a multi-line answer to a single line (0.3679ms)
✔ answerQuestion with an empty answer removes `answer`, leaving the ticket waiting (0.2673ms)
✔ answerQuestion is pure: the input frontmatter object is not mutated (0.5971ms)
✔ clearQuestion removes both question and answer and bumps updated (0.2773ms)
✔ clearQuestion is pure: the input frontmatter object is not mutated (0.1676ms)
✔ question/answer survive a serialize -> parse round-trip (1.4667ms)
✔ a waiting ticket round-trips as still-waiting (question, no answer) (1.1039ms)
✔ serialize preserves leading-key order with question/answer appended after (12.4472ms)
✔ the user-owned `## Additional Context` section is unchanged by writing Q/A (0.5052ms)
✔ renderer defines isTicketWaitingForAnswer and it matches the lib predicate (0.557ms)
✔ renderer wires the dot to the waiting predicate and adds the `waiting` modifier (0.7369ms)
✔ CSS carries the .task-card-dot.waiting rule painted yellow (#e5c100) (0.3622ms)
✔ Scenario: A question turns the dot yellow (0.5271ms)
✔ Scenario: The question is stored on the ticket (0.2822ms)
✔ Scenario: The user answers from within the ticket (0.2259ms)
✔ Scenario: A later reader can see the chosen answer (0.4181ms)
✔ Scenario: Answering clears the yellow waiting state (0.2912ms)
✔ Scenario: Writing the question/answer preserves user content (0.3354ms)
✔ isSlotOccupyingTicket: true for in-progress and testing (2.0703ms)
✔ isSlotOccupyingTicket: true for an actively-defining ticket (no question) (0.3506ms)
✔ isSlotOccupyingTicket: true for a defining ticket whose question is ANSWERED (0.4209ms)
✔ isSlotOccupyingTicket: FALSE for a question-parked defining ticket (question set, no answer) (0.2631ms)
✔ isSlotOccupyingTicket: FALSE for a defining ticket parked with a blank/whitespace answer (0.2922ms)
✔ isSlotOccupyingTicket: false for non-slot statuses (todo/done/failed-testing/post-processing) (0.2917ms)
✔ isSlotOccupyingTicket: false and NEVER throws for null/junk/non-object frontmatter (1.0729ms)
✔ isSlotOccupyingTicket: a non-defining ticket with a parked question STILL counts (in-progress/testing) (0.2658ms)
✔ slotOccupancyCount: two parked-defining + one in-progress under limit 3 => occupancy 1 (0.3799ms)
✔ slotOccupancyCount: an actively-defining + an in-progress => occupancy 2 (0.4767ms)
✔ slotOccupancyCount: bare-fm and { fm } shapes both handled; answered defining counts (0.4033ms)
✔ REGRESSION: ACTIVE_STATUSES stays exactly [in-progress, testing] (1.5832ms)
✔ REGRESSION: isActive("defining") === false whether parked or active (0.2474ms)
✔ REGRESSION: activeCount excludes ALL defining (parked and active) (1.7025ms)
✔ REGRESSION: SLOT_OCCUPYING_STATUSES / isSlotOccupying (status-only) unchanged (0.4961ms)
✔ REGRESSION: CLAIMABLE_STATUSES unchanged; defining not claimable (0.402ms)
✔ REGRESSION: claimTicket refuses a parked defining ticket (not-claimable) (0.7838ms)
✔ REGRESSION: selectNextBatch never returns a parked or active defining ticket (0.4166ms)
✔ isWaitingForAnswer semantics used by the slot math match ticket-questions.js (0.2063ms)
✔ TASK-090 unit: limit filled only by parked-defining => a ready failed-testing ticket IS selectable (0.4603ms)
✔ TASK-090 unit: the dispatched failed-testing retry claims into a slot (in-progress + agent) (1.192ms)
✔ TASK-090 unit (edge/CAP NOTE): the lib does NOT enforce the 3-attempt cap — an exhausted failed-testing ticket is STILL selected (0.3305ms)
✔ SLOT_OCCUPYING_STATUSES is exactly [defining, in-progress, testing] (3.7632ms)
✔ isSlotOccupying: true for defining/in-progress/testing, false otherwise (0.3827ms)
✔ slotOccupancyCount counts defining + in-progress + testing (both fm shapes) (0.4577ms)
✔ REGRESSION: ACTIVE_STATUSES stays exactly [in-progress, testing] (no defining) (2.0396ms)
✔ REGRESSION: isActive("defining") === false (board dot must not light for defining) (1.161ms)
✔ REGRESSION: activeCount excludes defining but slotOccupancyCount includes it (6.007ms)
✔ REGRESSION: CLAIMABLE_STATUSES unchanged and defining is not claimable (1.065ms)
✔ claimTicket refuses a defining ticket (not-claimable) (1.9012ms)
✔ selectNextBatch: 1 in-progress + 1 defining under limit 3 leaves 1 free slot (35.8236ms)
✔ selectNextBatch never returns a defining ticket (not claimable) (0.5462ms)
✔ selectNextBatch: slot-occupancy equal to the limit returns nothing (0.3463ms)
✔ canRunInParallel: reports no-slots when slot-occupancy (incl. defining) equals the limit (0.3401ms)
✔ canRunInParallel: ok with the right freeSlots when a slot is free (defining counted) (0.1923ms)
✔ Scenario: A new todo ticket runs in parallel when a slot is free (2.9641ms)
✔ Scenario: A new failed-testing ticket is also eligible (0.3694ms)
✔ Scenario: No free slots — the bound is already full (0.3493ms)
✔ Scenario: The new ticket is claimed by a different agent (0.3221ms)
✔ Scenario: The new ticket is a safe re-entry for the same agent (0.3523ms)
✔ Scenario: The new ticket is already active (0.2812ms)
✔ Scenario: A non-claimable status is rejected (0.2841ms)
✔ Scenario: A junk limit falls back through resolveConcurrency (Scenario Outline) (0.4954ms)
✔ Scenario: Failure/edge — a missing or invalid new ticket never crashes (0.5199ms)
✔ Scenario: Empty board with a valid new ticket (0.4681ms)
✔ Scenario: The helper does not mutate its inputs (0.3681ms)
✔ Scenario: The verdict composes with selectNextBatch (0.4959ms)
✔ Scenario: A kind:post-processing ticket is NEVER eligible (consistent with selectNextBatch) (3.8979ms)
✔ Scenario: { fm } wrapper support — identical verdicts to bare fm for both args (2.0918ms)
✔ exports the documented surface (8.1109ms)
✔ constants match the documented concurrency + status contract (1.3304ms)
✔ isActive is true only for in-progress/testing (0.2876ms)
✔ isClaimable is true only for todo/failed-testing (0.2544ms)
✔ isClaimed detects any non-empty agent field, ignoring whitespace (0.3134ms)
✔ isClaimedBy matches only the owning agent (trimmed) (0.2141ms)
✔ resolveConcurrency clamps 0 and negatives up to 1 (never stalls the queue) (0.3085ms)
✔ resolveConcurrency clamps huge values down to MAX_CONCURRENCY (0.2084ms)
✔ resolveConcurrency passes through valid in-range integers and floors fractionals (0.2324ms)
✔ resolveConcurrency falls back to DEFAULT_CONCURRENCY for missing/junk input (0.361ms)
✔ resolveConcurrency never returns 0 or a value outside [1, MAX] for any input (0.4436ms)
✔ activeCount counts only in-progress/testing tickets (0.2611ms)
✔ activeCount accepts bare fm objects as well as { fm } wrappers (0.1298ms)
✔ activeCount is 0 for empty/non-array/garbage input (0.1398ms)
✔ claimTicket grants a claim on a fresh todo ticket (0.4591ms)
✔ claimTicket grants on a failed-testing ticket (re-fix pickup) (0.1637ms)
✔ claimTicket preserves an existing created and fabricates one only when absent (0.2234ms)
✔ claimTicket rejects when the ticket is already claimed by a DIFFERENT agent (0.1493ms)
✔ claimTicket same-agent re-entry returns ok and keeps the same owner (idempotent) (0.1586ms)
✔ claimTicket rejects an unowned ticket that is not in a claimable lane (0.1924ms)
✔ claimTicket refuses to claim without a usable agent id (0.194ms)
✔ claimTicket does not mutate its input frontmatter (pure) (0.2245ms)
✔ claimTicket output carries all keys with id leading; on-disk order is fixed by the serializer (0.6174ms)
✔ CUCUMBER: the same todo ticket cannot be claimed by two agents (first writer wins) (0.1951ms)
✔ releaseTicket removes the agent field and bumps updated (0.2034ms)
✔ releaseTicket does not mutate its input and keeps leading-key order (0.1838ms)
✔ releaseTicket on an already-unclaimed ticket is a harmless no-op for the claim (0.13ms)
✔ claim then release round-trips back to an unclaimed ticket (0.1947ms)
✔ selectNextBatch returns up to (limit - activeCount) claimable tickets (29.3247ms)
✔ selectNextBatch returns [] when all slots are already occupied (0.3067ms)
✔ selectNextBatch orders claimable tickets oldest-id first (numeric-aware) (0.3721ms)
✔ selectNextBatch skips tickets claimed by another agent and non-claimable lanes (0.2861ms)
✔ claimTicket refuses a kind:post-processing ticket even when status is claimable (0.1954ms)
✔ selectNextBatch never selects a post-processing ticket (kind guard) (0.2238ms)
✔ CLAIMABLE_STATUSES is unchanged by TASK-028 (todo + failed-testing) (0.132ms)
✔ CUCUMBER: concurrency is bounded (limit 2, 5 todos → 2 dispatched, 3 wait) (0.4679ms)
✔ CUCUMBER: the top-up loop never exceeds the bound as work progresses (0.3384ms)
✔ selectNextBatch counts a re-entrant own-claim without double-booking its slot (0.2733ms)
✔ selectNextBatch resolves a junk limit through resolveConcurrency (default bound) (0.2945ms)
✔ selectNextBatch handles empty / non-array input safely (0.1611ms)
✔ canRunInParallel returns the { ok, reason, freeSlots } shape and never throws for any input (0.7539ms)
✔ canRunInParallel: ok:true only for a free slot + claimable, not-active, not-other-claimed ticket (0.2411ms)
✔ canRunInParallel: freeSlots = max(0, resolveConcurrency(limit) - activeCount(tickets)) (0.2347ms)
✔ canRunInParallel: failed-testing is an eligible (claimable) status (0.1353ms)
✔ canRunInParallel: missing/invalid newTicket → no-ticket, freeSlots still computed (0.2428ms)
✔ canRunInParallel: claimed by a different agent → claimed (0.1428ms)
✔ canRunInParallel: already-active (not same-agent) → already-active (0.1544ms)
✔ canRunInParallel: unclaimed non-claimable status → not-claimable (0.1677ms)
✔ canRunInParallel: eligible ticket but no free slots → no-slots, freeSlots 0 (0.1453ms)
✔ canRunInParallel: same-agent re-entry is not "claimed"/"already-active" and stays eligible (0.1599ms)
✔ canRunInParallel: reason precedence — eligibility decided before capacity (full board, ineligible ticket) (0.1926ms)
✔ canRunInParallel: kind:post-processing ticket is NEVER eligible (reason post-processing) (0.1712ms)
✔ canRunInParallel: accepts both bare fm and { fm } wrappers for tickets[] and newTicket (identical verdicts) (0.1929ms)
✔ canRunInParallel is pure: does not mutate tickets, newTicket, or opts (0.1863ms)
✔ canRunInParallel verdict composes with selectNextBatch (ok:true ⇒ among selectNextBatch candidates) (0.2815ms)
✔ idSlug lowercases and dashes to a git-ref-safe slug (0.5224ms)
✔ idSlug falls back to "ticket" for empty/garbage ids (0.1485ms)
✔ ticketBranchName derives orchestrate/<slug> (TASK-004 -> orchestrate/task-004) (0.1403ms)
✔ ticketWorktreeDir joins base + slug with forward slashes, trimming trailing separators (0.2487ms)
✔ CUCUMBER: two concurrent tickets get distinct, non-colliding isolation names (6.2208ms)
✔ CUCUMBER: two different tickets can be in-progress simultaneously (both counted active) (0.272ms)
✔ orderFm puts present leading keys first, then rest in insertion order (agent preserved) (0.2223ms)
✔ orderFm omits null/undefined leading keys and does not mutate input (0.1818ms)
✔ the agent claim field survives parse(serialize(fm, body)) round-trip (0.574ms)
✔ claim leading-key order is stable after a round-trip; agent trails the known keys (0.3353ms)
✔ releasing the claim removes agent from the serialized file (0.3693ms)
✔ ## Additional Context is preserved verbatim through a claim write (0.3593ms)
✔ CUCUMBER: each ticket write only ever contains its own id/claim (0.2032ms)
✔ exports the documented surface (1.8632ms)
✔ appendRun accumulates: two calls yield two entries in chronological order (2.176ms)
✔ appendRun preserves pre-existing runs entries (does not overwrite the log) (4.7004ms)
✔ appendRun does not mutate its input fm (0.6044ms)
✔ appendRun accumulates across many re-runs (run log grows monotonically) (0.5113ms)
✔ computeMinutes: wall-clock minutes rounded to two decimals (1.2558ms)
✔ computeMinutes: null when a stamp is missing/invalid or end precedes start (0.2881ms)
✔ appendRun: minutes computed from startedAt/finishedAt when not supplied (0.4456ms)
✔ appendRun: minutes omitted when start or end missing/invalid or reversed (0.7478ms)
✔ appendRun: explicit `minutes` is honored over the computed pair (0.4263ms)
✔ appendRun: explicit `minutes` accepts zero and numeric strings (0.3495ms)
✔ appendRun: records costUsd when a finite non-negative amount is supplied (0.4965ms)
✔ appendRun: costUsd ABSENT for NaN/Infinity/negative/null/empty/non-numeric junk (0.5308ms)
✔ appendRun: `at` defaults to finishedAt when not supplied (0.2292ms)
✔ appendRun: explicit `at` wins over finishedAt and is normalised to ISO-8601 (0.9995ms)
✔ appendRun: `at` defaults to now (valid ISO) when neither at nor finishedAt given (0.2613ms)
✔ appendRun: epoch-ms `at` is normalised to ISO-8601 (0.1424ms)
✔ appendRun: leading keys ordered (id,title,status,created,updated) then runs after (0.2665ms)
✔ appendRun: the runs value is a SINGLE-LINE JSON array (no newlines) (0.2399ms)
✔ serializeRuns: emits a single-line JSON array; empty/non-array => "[]" (0.1627ms)
✔ parseRuns: absent / non-string / invalid-JSON / non-array => [] (0.3392ms)
✔ parseRuns: parses a well-formed one-line JSON array back into entry objects (1.1335ms)
✔ parseRuns: filters out non-object elements inside the array (0.2266ms)
✔ SCENARIO: a runs entry survives parse(serialize(fm, body)) as a single-line JSON array (1.0358ms)
✔ SCENARIO: appendRun ordering agrees with the real serializer (pure helper == serializer rule) (0.3696ms)
✔ EDGE: appendRun onto a ticket with a corrupt runs field starts a fresh log (no throw) (0.431ms)
✔ Scenario: an attention condition while unfocused requests attention (flashFrame(true) once) (6.4005ms)
✔ Scenario: a finished (idle) tab also counts as attention while unfocused (0.33ms)
✔ Scenario: a board ticket waiting for an answer (question set, no answer) counts (5.7285ms)
✔ Scenario: an attention condition while the window IS focused never flashes (0.5037ms)
✔ Scenario: gaining focus clears the flash (tab keeps its waiting status/pulse) (0.4299ms)
✔ Scenario (variant): the main-process focus event also clears the flash directly (0.9611ms)
✔ Scenario: multiple conditions = single state; flash clears only when the LAST resolves (0.4456ms)
✔ Scenario: closing the last waiting tab re-reports and clears the flash (1.1085ms)
✔ Scenario: a pty exit on the last finished tab re-reports and clears the flash (5.2776ms)
✔ Scenario (edge): junk report payloads never throw and never flash true (2.0716ms)
✔ Scenario (edge): an { count } object with a valid positive count DOES flash while unfocused (1.4661ms)
✔ Scenario (edge): a destroyed window is a no-op (no flashFrame attempted, no throw) (0.6606ms)
✔ Scenario (edge): renderer crash (render-process-gone) clears an active flash (0.2467ms)
✔ Scenario (edge): renderer hang (unresponsive) also clears an active flash (0.2162ms)
✔ Scenario (edge): a platform where flashFrame throws does not crash the handler (0.247ms)
✔ Scenario: blurring while a tab is already waiting starts the flash immediately (0.273ms)
✔ Scenario: the waiting tab dot pulses; busy/finished dots do not (0.9747ms)
✔ DRIFT GUARD: setTabStatus applies the status-<name> class so CSS can pulse the waiting tab (0.7659ms)
✔ DRIFT GUARD (preload.js): attention.report is a fire-and-forget send on window:attention (0.2781ms)
✔ DRIFT GUARD (main.js): setWindowAttention dedupes, guards isDestroyed, and try/catches flashFrame (1.708ms)
✔ DRIFT GUARD (main.js): the window:attention handler coerces payload, reads focus, uses the real verdict (0.5674ms)
✔ DRIFT GUARD (main.js): focus, render-process-gone and unresponsive all clear the flash (0.3198ms)
✔ DRIFT GUARD (renderer.js): reportWindowAttention counts waiting/finished tabs + waiting-for-answer tickets (0.4684ms)
✔ DRIFT GUARD (renderer.js): reportWindowAttention is called from every required site (4.3142ms)
✔ Scenario: rewording the "question/answer state is fresh" comment does NOT break the board-poll guard (6.1769ms)
✔ Scenario (failure): removing the real renderTasksBoard reportWindowAttention() call FAILS the board-poll guard (3.779ms)
✔ DRIFT GUARD (isTicketWaitingForAnswer): question set AND answer empty (0.2993ms)
✔ DRIFT GUARD (renderer.js): the pty onExit handler re-reports window attention (10.7865ms)
✔ DRIFT GUARD (renderer.js): the board poll (renderTasksBoard) re-reports window attention — code-anchored (TASK-085) (11.3024ms)
✔ the module exports shouldRequestAttention as a function (0.3538ms)
✔ TRUE: a positive count with an explicitly unfocused window (0.3277ms)
✔ FALSE: window focused (windowFocused === true) never flashes, regardless of count (0.2455ms)
✔ FALSE: an absent/unknown focus state is treated as "do not flash" (0.2886ms)
✔ FALSE: zero or negative attentionCount never flashes (0.2637ms)
✔ FALSE: NaN / Infinity / -Infinity counts never flash (0.2765ms)
✔ FALSE: non-number attentionCount (string, object, array, bool, null) never flashes (0.3602ms)
✔ FALSE + never throws: junk top-level inputs (0.6909ms)
✔ FALSE + never throws: empty object and arrays (0.2432ms)
✔ never throws for a wide matrix of count × focus inputs (0.4696ms)
✔ the ONLY input combination that returns true is finite count > 0 AND windowFocused === false (0.2894ms)
✔ Scenario: user selects "Won't do" and saves -> done + resolution wont-do (3.2118ms)
✔ Scenario: won't-do round-trips — reopen shows "Won't do", re-save preserves it (0.442ms)
✔ Scenario: selecting "Done" on a won't-do ticket clears the resolution key (0.3306ms)
✔ Scenario (edge): reverting does NOT clear an unrelated resolution value (0.2076ms)
✔ Scenario (edge): plain drag-to-Done sets status done and NO resolution (0.3787ms)
✔ TASK-080 drift guard: dragMove mirror matches moveTicketToStatus clear predicate in renderer.js (0.551ms)
✔ TASK-080 Scenario: dragging a wont-do ticket out then back to Done clears the marker (0.4105ms)
✔ TASK-080 Scenario (edge): the modal "Won't do" path still SETS the marker (unchanged) (0.212ms)
✔ TASK-080 Scenario (edge): plain drag-to-Done on a normal ticket writes NO resolution key (0.2412ms)
✔ TASK-080 Scenario (edge): a ticket with a DIFFERENT resolution (fixed) is NOT cleared by a drag (0.4439ms)
✔ Scenario (edge): VALID_STATUSES lacks wont-do; literal status wont-do -> unknown lane (0.2542ms)
✔ Scenario (failure): a failed write surfaces an error and leaves the file unchanged (0.3635ms)
✔ TASK-081 drift guard: makeModalGuard mirror matches onSave changed-on-disk guard in renderer.js (0.4588ms)
✔ TASK-081 Scenario: a won't-do save on a changed-on-disk ticket needs two clicks (0.5889ms)
✔ TASK-081 Scenario (edge): the guard is SHARED — an unchanged-on-disk won't-do save writes on the FIRST click (0.2529ms)
✔ TASK-081 Scenario (edge): the two-click semantics are identical for a NORMAL save (guard not won't-do-specific) (0.4261ms)
✔ Scenario: tech-lead.md requires an impact statement; assets copy byte-identical (1.36ms)
✔ Scenario: SKILL.md Phase 4 requires "## Impact If Not Fixed" + review-of; assets byte-identical (1.3703ms)
✔ isWontDoTicket: done + resolution "wont-do" is true (1.681ms)
✔ isWontDoTicket: trims the resolution value before comparing (0.252ms)
✔ isWontDoTicket: requires status EXACTLY done (todo/testing/other are false) (0.2948ms)
✔ isWontDoTicket: a different resolution value (e.g. fixed) is a plain done, not won't-do (0.238ms)
✔ isWontDoTicket: done with no / empty resolution is false (0.688ms)
✔ isWontDoTicket: null / undefined / junk fm never throws, returns false (0.2795ms)
✔ serializeTicket keeps resolution as an extra key AFTER the five leading keys (2.2719ms)
✔ serializeTicket -> parseTicketFrontmatter round-trips the wont-do marker (0.5129ms)
✔ renderTasksBoard adds the .wont-do title class only for isWontDoTicket cards (0.8935ms)
✔ fill() selects the __wont-do__ pseudo-option when re-opening a won't-do ticket (0.5797ms)
✔ doWrite maps __wont-do__ -> status done + resolution wont-do (0.4805ms)
✔ doWrite clears resolution ONLY when it is exactly wont-do (else round-trips untouched) (0.4765ms)
✔ doWrite writes the whole file via serializeTicket, bumps updated, preserves created (0.4217ms)
✔ moveTicketToStatus (plain drag) sets status and clears a lingering wont-do marker (0.5751ms)
✔ TASK-080: moveTicketToStatus clears wont-do with the SAME predicate as doWrite (drift guard) (0.6938ms)
✔ TASK-080: moveTicketToStatus still writes the whole file via serializeTicket, bumps updated, preserves created (0.3768ms)
✔ TASK-080: dragging a wont-do ticket out of Done drops the marker (0.28ms)
✔ TASK-080: dragging that ticket back onto Done yields a NORMAL done (no marker) (0.164ms)
✔ TASK-080: a lingering wont-do marker on a done card is cleared even on a no-op-ish move (0.1168ms)
✔ TASK-080: a DIFFERENT resolution value (fixed) is NOT cleared by a drag (exact-match guard) (0.1196ms)
✔ TASK-080: a ticket with NO resolution key is unaffected (no spurious key added) (0.1125ms)
✔ populateTaskStatusOptions builds the fixed "Won't do" pseudo-option (TASK-102: JS, not index.html) (13.2958ms)
✔ styles.css strikes through / mutes the won't-do card title (0.3753ms)
✔ TASK-081: onSave gates doWrite behind a two-click changed-on-disk guard (source scan) (0.8109ms)
✔ TASK-081: won't-do save on a changed-on-disk ticket is blocked on click 1, overwrites on click 2 (0.9746ms)
✔ TASK-081: the guard is SHARED — a won't-do save with no disk change writes on the first click (0.2778ms)
✔ TASK-081: two-click semantics are identical for a NORMAL save (won't-do mapping does not special-case the guard) (0.2481ms)
✔ lib/ticket-lanes VALID_STATUSES does NOT contain wont-do (0.1339ms)
✔ a literal status: wont-do routes to the unknown lane, never done (0.1143ms)
✔ tech-lead.md instructs the reviewer to report an "impact if not fixed" statement (0.5175ms)
✔ SKILL.md Phase 4 requires a "## Impact If Not Fixed" section on follow-up tickets (1.6246ms)
✔ SKILL.md Phase 4 requires a review-of: <reviewed ticket id> frontmatter key (0.5446ms)
✔ assets/agents/tech-lead.md is byte-identical to the .claude copy (0.413ms)
✔ assets SKILL.md is byte-identical to the .claude copy (0.3735ms)
ℹ tests 3599
ℹ suites 8
ℹ pass 3591
ℹ fail 7
ℹ cancelled 0
ℹ skipped 1
ℹ todo 0
ℹ duration_ms 15227.7127

✖ failing tests:

test at test\task-030-plan-button.e2e.test.js:259:1
✖ Scenario: the Plan button is disabled without an open folder or installed skill, and refreshed with Build (8.1796ms)
  AssertionError [ERR_ASSERTION]: updatePlanBtn paired after updateBuildBtn at >= 4 sites (found 0, build sites 8)
      at TestContext.<anonymous> (C:\projects\claude-cmd-ui2\test\task-030-plan-button.e2e.test.js:278:10)
      at Test.runInAsyncScope (node:async_hooks:227:14)
      at Test.run (node:internal/test_runner/test:1306:25)
      at Test.processPendingSubtests (node:internal/test_runner/test:897:18)
      at Test.postRun (node:internal/test_runner/test:1447:19)
      at Test.run (node:internal/test_runner/test:1372:12)
      at async Test.processPendingSubtests (node:internal/test_runner/test:897:7) {
    generatedMessage: false,
    code: 'ERR_ASSERTION',
    actual: false,
    expected: true,
    operator: '==',
    diff: 'simple'
  }

test at test\task-034-routing-drift-guard.test.js:187:1
✖ unit: fillPreservesOutOfListStatus is FALSE when curStatus stops preserving the stored status (1.2873ms)
  AssertionError [ERR_ASSERTION]: precondition: real source must contain "const curStatus = fmObj.status != null && String(fmObj.status).trim() !== ''\n      ? String(fmObj.status) : 'todo';"
      at mutate (C:\projects\claude-cmd-ui2\test\task-034-routing-drift-guard.test.js:89:10)
      at TestContext.<anonymous> (C:\projects\claude-cmd-ui2\test\task-034-routing-drift-guard.test.js:189:19)
      at Test.runInAsyncScope (node:async_hooks:227:14)
      at Test.run (node:internal/test_runner/test:1306:25)
      at Test.processPendingSubtests (node:internal/test_runner/test:897:18)
      at Test.postRun (node:internal/test_runner/test:1447:19)
      at Test.run (node:internal/test_runner/test:1372:12)
      at async Test.processPendingSubtests (node:internal/test_runner/test:897:7) {
    generatedMessage: false,
    code: 'ERR_ASSERTION',
    actual: false,
    expected: true,
    operator: '==',
    diff: 'simple'
  }

test at test\task-106-guided-editor.e2e.test.js:565:1
✖ Scenario (failure): when the assets mirror is unwritable, the .claude copy still lands and a drift warning names BOTH paths (44.6469ms)
  AssertionError [ERR_ASSERTION]: .claude copy got the new model
      at TestContext.<anonymous> (C:\projects\claude-cmd-ui2\test\task-106-guided-editor.e2e.test.js:584:12)
      at async Test.run (node:internal/test_runner/test:1313:7)
      at async Test.processPendingSubtests (node:internal/test_runner/test:897:7) {
    generatedMessage: false,
    code: 'ERR_ASSERTION',
    actual: "---\r\nname: orchestrate-coder\r\ndescription: >-\r\n  Implementer for the orchestrate workflow. Builds a single ticket to its\r\n  acceptance criteria, following existing codebase conventions and honoring the\r\n  ticket's Additional Context. Works inside the ticket's isolated\r\n  branch/worktree. Does not write tests beyond what compilation/wiring needs —\r\n  the tester owns tests.\r\ntools: Read, Grep, Glob, Edit, Write, Bash\r\nmodel: claude-opus-4-8\r\n---\r\n\r\nYou are the **coder** for the `/orchestrate` ticket-driven workflow.\r\n\r\nYou receive the full text of one ticket. Your job:\r\n\r\n- Implement the ticket to its **acceptance criteria**.\r\n- Honor the ticket's `## Additional Context` section — read it before building;\r\n  never overwrite it.\r\n- Follow existing codebase conventions (structure, naming, style, IPC patterns).\r\n- Work from the ticket's front-loaded context and read **only the specific files\r\n  the ticket names** — not whole directories or the whole repo. This keeps your\r\n  context small and cache-warm; the BA already captured what you need in the ticket.\r\n- Work **only** within this ticket's isolated worktree/branch — never touch\r\n  another ticket's files or shared board state.\r\n- Do **not** write tests beyond what compilation/wiring needs; a separate tester\r\n  owns the test suite.\r\n- Do **not** edit ticket files or change ticket status/frontmatter — the\r\n  orchestrator owns that.\r\n\r\n**Return a compact, distilled summary — not your full working transcript.** Report\r\nback a concrete list of files created/changed with a one-line summary each, and\r\nconfirm the code loads (e.g. `node -c` on changed JS). The orchestrator works only\r\nfrom this summary and never inherits your raw context, so keep the hand-off\r\nsmall — the detail lives in the diff and the code, which the tester reads\r\ndirectly.\r\n",
    expected: /\nmodel: claude-opus-4-8\n/,
    operator: 'match',
    diff: 'simple'
  }

test at test\task-183-column-phase-linkage.e2e.test.js:343:1
✖ DRIFT GUARD: Phase normalization applied before persistence (3.6275ms)
  AssertionError [ERR_ASSERTION]: tasksNormalizeColumnPhase used in serialization
      at TestContext.<anonymous> (C:\projects\claude-cmd-ui2\test\task-183-column-phase-linkage.e2e.test.js:350:10)
      at Test.runInAsyncScope (node:async_hooks:227:14)
      at Test.run (node:internal/test_runner/test:1306:25)
      at Test.processPendingSubtests (node:internal/test_runner/test:897:18)
      at Test.postRun (node:internal/test_runner/test:1447:19)
      at Test.run (node:internal/test_runner/test:1372:12)
      at async Test.processPendingSubtests (node:internal/test_runner/test:897:7) {
    generatedMessage: false,
    code: 'ERR_ASSERTION',
    actual: "function tasksSerializeTeamConfig(working) {\r\n  const w = working && typeof working === 'object' ? working : {};\r\n  const columns = normalizeTasksColumns({ columns: Array.isArray(w.columns) ? w.columns : [] })\r\n    .map((c) => ({\r\n      status: c.status,\r\n      label: c.label,\r\n      description: c.description,\r\n      agent: c.agent,\r\n      system: c.system,\r\n      phase: c.phase,\r\n    }));\r\n  let version = 1;\r\n  if (w.version != null) {\r\n    const v = Number(w.version);\r\n    if (Number.isFinite(v) && v >= 1) version = Math.floor(v);\r\n  }\r\n  const rawSkill = (w.skill && typeof w.skill === 'object' && !Array.isArray(w.skill)) ? w.skill : {};\r\n  // Clamp skill.concurrencyDefault (when set) through the resolveConcurrency mirror\r\n  // to [1, TASKS_MAX_CONCURRENCY], as lib serializeConfig/normalizeConfig do — a\r\n  // Save must never persist an out-of-range concurrency. An absent default is left\r\n  // absent so a valid config still round-trips unchanged.\r\n  const skill = { ...rawSkill };\r\n  if (rawSkill.concurrencyDefault != null && rawSkill.concurrencyDefault !== '') {\r\n    skill.concurrencyDefault = resolveTasksConcurrency(rawSkill.concurrencyDefault);\r\n  }\r\n  const out = { version, columns, skill };\r\n  if (w.extra && typeof w.extra === 'object') {\r\n    for (const k of Object.keys(w.extra)) {\r\n      if (k === 'version' || k === 'columns' || k === 'skill' || k === 'warnings') continue;\r\n      // Skip prototype-poisoning keys before the plain assignment, mirroring\r\n      // lib/team-config.js serializeConfig/normalizeConfig (TASK-116). KEEP IN SYNC.\r\n      if (tasksIsUnsafeKey(k)) continue;\r\n      out[k] = w.extra[k];\r\n    }\r\n  }\r\n  return JSON.stringify(out, null, 2) + '\\n';\r",
    expected: /tasksNormalizeColumnPhase\(/,
    operator: 'match',
    diff: 'simple'
  }

test at test\task-183-column-phase-linkage.e2e.test.js:447:1
✖ DRIFT GUARD: TASKS_PHASE_ENABLED_DEFAULTS review defaults to false (1.5189ms)
  AssertionError [ERR_ASSERTION]: review defaults to false
      at TestContext.<anonymous> (C:\projects\claude-cmd-ui2\test\task-183-column-phase-linkage.e2e.test.js:448:10)
      at Test.runInAsyncScope (node:async_hooks:227:14)
      at Test.run (node:internal/test_runner/test:1306:25)
      at Test.processPendingSubtests (node:internal/test_runner/test:897:18)
      at Test.postRun (node:internal/test_runner/test:1447:19)
      at Test.run (node:internal/test_runner/test:1372:12)
      at async Test.processPendingSubtests (node:internal/test_runner/test:897:7) {
    generatedMessage: false,
    code: 'ERR_ASSERTION',
    actual: '\'use strict\';\r\n\r\nwindow.addEventListener(\'error\', (e) => {\r\n  console.error(\'[renderer error]\', e.message, e.error);\r\n});\r\nwindow.addEventListener(\'unhandledrejection\', (e) => {\r\n  console.error(\'[unhandled rejection]\', e.reason);\r\n});\r\n\r\nif (!window.api) {\r\n  console.error(\'[fatal] window.api is undefined — preload did not run\');\r\n}\r\n\r\n// OS platform for platform-dependent UI (install commands, download links,\r\n// pane copy). Falls back to \'win32\' — the app\'s original behaviour — if a stale\r\n// preload during dev reload has not exposed api.platform, so checks never throw.\r\nfunction getPlatform() {\r\n  return (window.api && window.api.platform) || \'win32\';\r\n}\r\nfunction isWin() {\r\n  return getPlatform() === \'win32\';\r\n}\r\n\r\n// Infer a path\'s separator so joins work on both Windows (backslash paths from\r\n// the main process) and POSIX. Rule: backslash ONLY when the string contains a\r\n// backslash and no forward slash; forward slash otherwise. This keeps Windows\r\n// output byte-identical to the old \'\\\\\' default while POSIX paths join with \'/\'.\r\nfunction inferSep(base) {\r\n  return (base.indexOf(\'\\\\\') >= 0 && base.indexOf(\'/\') < 0) ? \'\\\\\' : \'/\';\r\n}\r\n// Append `part` to `base`, inserting the inferred separator only when `base`\r\n// does not already end in one. Shared by every renderer path join.\r\nfunction appendPath(base, part) {\r\n  if (!base) return part;\r\n  const sep = /[\\\\/]$/.test(base) ? \'\' : inferSep(base);\r\n  return base + sep + part;\r\n}\r\n\r\nconst IDLE_MS = 2500;\r\nconst QUEUE_SEND_DELAY_MS = 300;\r\nconst QUEUE_ENTER_DELAY_MS = 180;\r\n// While a run is busy, flush accumulated Claude output to the Slack anchor\r\n// thread on this fixed interval so long runs don\'t leave the thread silent\r\n// (TASK-061). slackOnFinished still posts the final remainder at idle.\r\nconst SLACK_FLUSH_INTERVAL_MS = 30000;\r\n\r\nconst TABS = new Map();\r\nlet activeTabId = null;\r\nconst ptyToTab = new Map();\r\nlet latestAwsStatus = null;\r\nlet restoringSession = false;\r\n\r\n// Discovered AWS accounts (one button per account). Shared across all tabs and\r\n// cached in localStorage so the buttons survive a restart without re-listing.\r\nlet awsEnvironments = [];\r\ntry {\r\n  const rawEnvs = localStorage.getItem(\'aws.environments\');\r\n  if (rawEnvs) awsEnvironments = JSON.parse(rawEnvs) || [];\r\n} catch (_) { awsEnvironments = []; }\r\n\r\nfunction persistSession() {\r\n  if (restoringSession) return;\r\n  if (!window.api || !window.api.session) return;\r\n  const folders = [];\r\n  for (const btn of dom.workspaceTabs.children) {\r\n    for (const [, t] of TABS) {\r\n      if (t.els.tabBtn === btn && t.folder) {\r\n        folders.push({ path: t.folder, agent: t.agent === \'opencode\' ? \'opencode\' : \'claude\' });\r\n        break;\r\n      }\r\n    }\r\n  }\r\n  window.api.session.save(folders).catch((e) => console.error(\'[session.save]\', e));\r\n}\r\n\r\nconst dom = {\r\n  workspaceTabs: document.getElementById(\'workspaceTabs\'),\r\n  newTabBtn: document.getElementById(\'newTabBtn\'),\r\n  emptyState: document.getElementById(\'empty-state\'),\r\n  workspaces: document.getElementById(\'workspaces\'),\r\n  browseBtn2: document.getElementById(\'browseBtn2\'),\r\n  workspaceTpl: document.getElementById(\'workspaceTpl\'),\r\n  workspaceTabTpl: document.getElementById(\'workspaceTabTpl\')\r\n};\r\n\r\nconst TERM_THEME = {\r\n  background: \'#1e1e1e\',\r\n  foreground: \'#d4d4d4\',\r\n  cursor: \'#d4d4d4\',\r\n  black: \'#000000\', red: \'#cd3131\', green: \'#0dbc79\', yellow: \'#e5e510\',\r\n  blue: \'#2472c8\', magenta: \'#bc3fbc\', cyan: \'#11a8cd\', white: \'#e5e5e5\',\r\n  brightBlack: \'#666666\', brightRed: \'#f14c4c\', brightGreen: \'#23d18b\',\r\n  brightYellow: \'#f5f543\', brightBlue: \'#3b8eea\', brightMagenta: \'#d670d6\',\r\n  brightCyan: \'#29b8db\', brightWhite: \'#ffffff\'\r\n};\r\n\r\nfunction getTerminalCtor() {\r\n  if (!window.Terminal) throw new Error(\'xterm.js did not load (window.Terminal undefined)\');\r\n  return window.Terminal;\r\n}\r\nfunction getFitAddonCtor() {\r\n  const ns = window.FitAddon;\r\n  if (!ns) throw new Error(\'xterm addon-fit did not load (window.FitAddon undefined)\');\r\n  return typeof ns === \'function\' ? ns : ns.FitAddon;\r\n}\r\n\r\nfunction makeTerminal(container) {\r\n  const Terminal = getTerminalCtor();\r\n  const FitAddon = getFitAddonCtor();\r\n  const term = new Terminal({\r\n    cursorBlink: true,\r\n    fontFamily: \'Consolas, "Courier New", monospace\',\r\n    fontSize: 13,\r\n    theme: TERM_THEME,\r\n    scrollback: 5000,\r\n    allowProposedApi: true,\r\n    rightClickSelectsWord: false,\r\n    windowsPty: { backend: \'conpty\' }\r\n  });\r\n  const fit = new FitAddon();\r\n  term.loadAddon(fit);\r\n  term.open(container);\r\n  attachClipboard(term, container);\r\n  try { fit.fit(); } catch (_) {}\r\n  requestAnimationFrame(() => { try { fit.fit(); } catch (_) {} });\r\n  return { term, fit };\r\n}\r\n\r\nfunction clipboardRead() {\r\n  try {\r\n    if (window.api && window.api.clipboard) return window.api.clipboard.readText() || \'\';\r\n  } catch (_) {}\r\n  return \'\';\r\n}\r\n\r\nfunction clipboardWrite(text) {\r\n  try {\r\n    if (window.api && window.api.clipboard) window.api.clipboard.writeText(text);\r\n  } catch (_) {}\r\n}\r\n\r\nfunction pasteIntoTerm(term) {\r\n  const text = clipboardRead();\r\n  if (text) term.paste(text);\r\n}\r\n\r\nfunction copyTermSelection(term) {\r\n  const sel = term.getSelection();\r\n  if (!sel) return false;\r\n  clipboardWrite(sel);\r\n  term.clearSelection();\r\n  return true;\r\n}\r\n\r\nfunction attachClipboard(term, container) {\r\n  term.attachCustomKeyEventHandler((e) => {\r\n    if (e.type !== \'keydown\') return true;\r\n    const ctrl = e.ctrlKey;\r\n    const shift = e.shiftKey;\r\n    const k = (e.key || \'\').toLowerCase();\r\n\r\n    // Paste: Ctrl+V, Ctrl+Shift+V, Shift+Insert\r\n    // preventDefault is required so the browser does not also dispatch a\r\n    // native paste event to xterm.js\'s helper textarea (which would cause a\r\n    // double paste on top of our explicit term.paste() call).\r\n    if ((ctrl && !e.altKey && k === \'v\') || (shift && e.key === \'Insert\')) {\r\n      e.preventDefault();\r\n      e.stopPropagation();\r\n      pasteIntoTerm(term);\r\n      return false;\r\n    }\r\n\r\n    // Explicit copy: Ctrl+Shift+C, Ctrl+Insert (always copy when selection)\r\n    if ((ctrl && shift && k === \'c\') || (ctrl && !shift && e.key === \'Insert\')) {\r\n      e.preventDefault();\r\n      e.stopPropagation();\r\n      copyTermSelection(term);\r\n      return false;\r\n    }\r\n\r\n    // Ctrl+C: copy when there\'s a selection; otherwise let SIGINT through to the shell\r\n    if (ctrl && !shift && k === \'c\') {\r\n      if (copyTermSelection(term)) return false;\r\n      return true;\r\n    }\r\n\r\n    return true;\r\n  });\r\n\r\n  container.addEventListener(\'contextmenu\', (e) => {\r\n    e.preventDefault();\r\n    if (!copyTermSelection(term)) pasteIntoTerm(term);\r\n  });\r\n}\r\n\r\nfunction fmtExpiry(iso) {\r\n  if (!iso) return \'—\';\r\n  try {\r\n    const d = new Date(iso);\r\n    const hh = String(d.getHours()).padStart(2, \'0\');\r\n    const mm = String(d.getMinutes()).padStart(2, \'0\');\r\n    return `${hh}:${mm}`;\r\n  } catch (_) { return \'—\'; }\r\n}\r\n\r\n// ───────────────────────────────────────────────────────── tabs\r\n\r\nfunction createTab() {\r\n  const id = \'tab-\' + crypto.randomUUID().slice(0, 8);\r\n  const ws = dom.workspaceTpl.content.firstElementChild.cloneNode(true);\r\n  const tabBtn = dom.workspaceTabTpl.content.firstElementChild.cloneNode(true);\r\n  dom.workspaces.appendChild(ws);\r\n  dom.workspaceTabs.appendChild(tabBtn);\r\n\r\n  const tab = {\r\n    id,\r\n    folder: null,\r\n    agent: \'claude\',\r\n    cmd: { id: null, term: null, fit: null },\r\n    bash: { id: null, term: null, fit: null },\r\n    activeSubTab: \'bash\',\r\n    filesLoaded: false,\r\n    filterReadme: false,\r\n    filterChanges: false,\r\n    changedFileSet: new Set(),\r\n    changedDirSet: new Set(),\r\n    mdFileSet: new Set(),\r\n    mdDirSet: new Set(),\r\n    status: \'idle\',\r\n    idleTimer: null,\r\n    hasOutput: false,\r\n    chosenRoles: {},\r\n    promptQueue: [],\r\n    queueFiring: false,\r\n    currentFilePath: null,\r\n    fileOriginal: \'\',\r\n    fileIsBinary: false,\r\n    fileDirty: false,\r\n    findScope: \'tree\',\r\n    findEditorMatches: [],\r\n    findEditorIndex: -1,\r\n    promptLog: [],\r\n    cmdInputBuffer: \'\',\r\n    inBracketedPaste: false,\r\n    responseBuffer: \'\',\r\n    pendingPromptIndex: -1,\r\n    slack: {\r\n      connected: false,\r\n      token: \'\',\r\n      appToken: \'\',\r\n      channelId: \'\',\r\n      channelName: \'\',\r\n      botUserId: null,\r\n      postReplies: true,\r\n      // LLM summarization of auto-posted output (TASK-073). OFF by default:\r\n      // it is opt-in because it requires an ANTHROPIC_API_KEY and sends output\r\n      // to an external service. When off the auto-post paths behave exactly as\r\n      // TASK-071 (mechanical cleanup + redaction only).\r\n      summarize: false,\r\n      intervalMs: 5000,\r\n      pollTimer: null,\r\n      polling: false,\r\n      fetching: false,\r\n      // \'socket\' (persistent WebSocket / Socket Mode) or \'poll\' (HTTP polling).\r\n      transport: null,\r\n      // Periodic flush of captureBuffer into the anchor thread during long busy\r\n      // runs (TASK-061). Started by startSlackListening, cleared everywhere the\r\n      // pollTimer is (stopSlackListening / disconnectSlack / resetSlackForFolder).\r\n      flushTimer: null,\r\n      socket: null,\r\n      socketClosing: false,\r\n      socketReconnectTimer: null,\r\n      socketReconnectDelay: 1000,\r\n      lastTs: \'0\',\r\n      // Separate baseline for thread-reply polling (conversations.replies). The\r\n      // channel history and the anchor thread advance independently, so replies\r\n      // use their own oldest cursor to avoid missing any. See pollSlackOnce.\r\n      lastReplyTs: \'0\',\r\n      seenTs: new Set(),\r\n      messages: [],\r\n      inbox: [],\r\n      awaitingResponse: false,\r\n      captureBuffer: \'\',\r\n      replyThreadTs: null,\r\n      // The single anchor thread for this connect session. All outbound posts\r\n      // and inbound-reply gating use this thread_ts; null means the proxy is\r\n      // inactive (no-op in both directions). See lib/slack-proxy.js.\r\n      threadTs: null,\r\n      // A pending multi-step command prompt (TASK-072), e.g. { name: \'create-ticket\' }.\r\n      // Wh'... 591701 more characters,
    expected: /TASKS_PHASE_ENABLED_DEFAULTS.*review.*false/,
    operator: 'match',
    diff: 'simple'
  }

test at test\task-183-column-phase-linkage.test.js:176:1
✖ tasksApplyPhaseAutoEnable: zero→one on plan (default disabled behavior) (0.4844ms)
  TypeError: Cannot read properties of undefined (reading 'enabled')
      at TestContext.<anonymous> (C:\projects\claude-cmd-ui2\test\task-183-column-phase-linkage.test.js:182:35)
      at Test.runInAsyncScope (node:async_hooks:227:14)
      at Test.run (node:internal/test_runner/test:1306:25)
      at Test.processPendingSubtests (node:internal/test_runner/test:897:18)
      at Test.postRun (node:internal/test_runner/test:1447:19)
      at Test.run (node:internal/test_runner/test:1372:12)
      at async Test.processPendingSubtests (node:internal/test_runner/test:897:7)

test at test\task-183-column-phase-linkage.test.js:294:1
✖ tasksApplyPhaseAutoEnable: assigns canonical order on missing phase (zero-index) (0.3274ms)
  TypeError: Cannot read properties of undefined (reading 'order')
      at TestContext.<anonymous> (C:\projects\claude-cmd-ui2\test\task-183-column-phase-linkage.test.js:302:35)
      at Test.runInAsyncScope (node:async_hooks:227:14)
      at Test.run (node:internal/test_runner/test:1306:25)
      at Test.processPendingSubtests (node:internal/test_runner/test:897:18)
      at Test.postRun (node:internal/test_runner/test:1447:19)
      at Test.run (node:internal/test_runner/test:1372:12)
      at async Test.processPendingSubtests (node:internal/test_runner/test:897:7)
